Archive member included because of file (symbol)

/opt/CodeSourcery/bin/../lib/gcc/arm-none-eabi/4.5.1/thumb/libgcc.a(_udivsi3.o)
                              ./src/main.o (__aeabi_uidiv)
/opt/CodeSourcery/bin/../lib/gcc/arm-none-eabi/4.5.1/thumb/libgcc.a(_divsi3.o)
                              ../Common/Minimal/integer.o (__aeabi_idiv)
/opt/CodeSourcery/bin/../lib/gcc/arm-none-eabi/4.5.1/thumb/libgcc.a(_dvmd_tls.o)
                              /opt/CodeSourcery/bin/../lib/gcc/arm-none-eabi/4.5.1/thumb/libgcc.a(_udivsi3.o) (__aeabi_idiv0)
/opt/CodeSourcery/bin/../lib/gcc/arm-none-eabi/4.5.1/../../../../arm-none-eabi/lib/thumb/libc.a(lib_a-fflush.o)
                              ./lib/Common/src/i2c.o (fflush)
/opt/CodeSourcery/bin/../lib/gcc/arm-none-eabi/4.5.1/../../../../arm-none-eabi/lib/thumb/libc.a(lib_a-findfp.o)
                              /opt/CodeSourcery/bin/../lib/gcc/arm-none-eabi/4.5.1/../../../../arm-none-eabi/lib/thumb/libc.a(lib_a-fflush.o) (__sinit)
/opt/CodeSourcery/bin/../lib/gcc/arm-none-eabi/4.5.1/../../../../arm-none-eabi/lib/thumb/libc.a(lib_a-freer.o)
                              /opt/CodeSourcery/bin/../lib/gcc/arm-none-eabi/4.5.1/../../../../arm-none-eabi/lib/thumb/libc.a(lib_a-fflush.o) (_free_r)
/opt/CodeSourcery/bin/../lib/gcc/arm-none-eabi/4.5.1/../../../../arm-none-eabi/lib/thumb/libc.a(lib_a-fwalk.o)
                              /opt/CodeSourcery/bin/../lib/gcc/arm-none-eabi/4.5.1/../../../../arm-none-eabi/lib/thumb/libc.a(lib_a-findfp.o) (_fwalk)
/opt/CodeSourcery/bin/../lib/gcc/arm-none-eabi/4.5.1/../../../../arm-none-eabi/lib/thumb/libc.a(lib_a-impure.o)
                              ./lib/Common/src/i2c.o (_impure_ptr)
/opt/CodeSourcery/bin/../lib/gcc/arm-none-eabi/4.5.1/../../../../arm-none-eabi/lib/thumb/libc.a(lib_a-malloc.o)
                              ../../Source/portable/MemMang/heap_3.o (malloc)
/opt/CodeSourcery/bin/../lib/gcc/arm-none-eabi/4.5.1/../../../../arm-none-eabi/lib/thumb/libc.a(lib_a-mallocr.o)
                              /opt/CodeSourcery/bin/../lib/gcc/arm-none-eabi/4.5.1/../../../../arm-none-eabi/lib/thumb/libc.a(lib_a-findfp.o) (_malloc_r)
/opt/CodeSourcery/bin/../lib/gcc/arm-none-eabi/4.5.1/../../../../arm-none-eabi/lib/thumb/libc.a(lib_a-memcpy.o)
                              ../../Source/queue.o (memcpy)
/opt/CodeSourcery/bin/../lib/gcc/arm-none-eabi/4.5.1/../../../../arm-none-eabi/lib/thumb/libc.a(lib_a-memset.o)
                              ../../Source/tasks.o (memset)
/opt/CodeSourcery/bin/../lib/gcc/arm-none-eabi/4.5.1/../../../../arm-none-eabi/lib/thumb/libc.a(lib_a-mlock.o)
                              /opt/CodeSourcery/bin/../lib/gcc/arm-none-eabi/4.5.1/../../../../arm-none-eabi/lib/thumb/libc.a(lib_a-freer.o) (__malloc_lock)
/opt/CodeSourcery/bin/../lib/gcc/arm-none-eabi/4.5.1/../../../../arm-none-eabi/lib/thumb/libc.a(lib_a-printf.o)
                              ./lib/Common/src/i2c.o (printf)
/opt/CodeSourcery/bin/../lib/gcc/arm-none-eabi/4.5.1/../../../../arm-none-eabi/lib/thumb/libc.a(lib_a-putchar.o)
                              ./lib/Common/src/i2c.o (putchar)
/opt/CodeSourcery/bin/../lib/gcc/arm-none-eabi/4.5.1/../../../../arm-none-eabi/lib/thumb/libc.a(lib_a-puts.o)
                              ./lib/Common/src/i2c.o (puts)
/opt/CodeSourcery/bin/../lib/gcc/arm-none-eabi/4.5.1/../../../../arm-none-eabi/lib/thumb/libc.a(lib_a-sprintf.o)
                              ../../Source/tasks.o (sprintf)
/opt/CodeSourcery/bin/../lib/gcc/arm-none-eabi/4.5.1/../../../../arm-none-eabi/lib/thumb/libc.a(lib_a-stdio.o)
                              /opt/CodeSourcery/bin/../lib/gcc/arm-none-eabi/4.5.1/../../../../arm-none-eabi/lib/thumb/libc.a(lib_a-findfp.o) (__sread)
/opt/CodeSourcery/bin/../lib/gcc/arm-none-eabi/4.5.1/../../../../arm-none-eabi/lib/thumb/libc.a(lib_a-strcat.o)
                              ../../Source/tasks.o (strcat)
/opt/CodeSourcery/bin/../lib/gcc/arm-none-eabi/4.5.1/../../../../arm-none-eabi/lib/thumb/libc.a(lib_a-strcpy.o)
                              /opt/CodeSourcery/bin/../lib/gcc/arm-none-eabi/4.5.1/../../../../arm-none-eabi/lib/thumb/libc.a(lib_a-strcat.o) (strcpy)
/opt/CodeSourcery/bin/../lib/gcc/arm-none-eabi/4.5.1/../../../../arm-none-eabi/lib/thumb/libc.a(lib_a-strlen.o)
                              ../../Source/tasks.o (strlen)
/opt/CodeSourcery/bin/../lib/gcc/arm-none-eabi/4.5.1/../../../../arm-none-eabi/lib/thumb/libc.a(lib_a-strncpy.o)
                              ../../Source/tasks.o (strncpy)
/opt/CodeSourcery/bin/../lib/gcc/arm-none-eabi/4.5.1/../../../../arm-none-eabi/lib/thumb/libc.a(lib_a-svfprintf.o)
                              /opt/CodeSourcery/bin/../lib/gcc/arm-none-eabi/4.5.1/../../../../arm-none-eabi/lib/thumb/libc.a(lib_a-sprintf.o) (_svfprintf_r)
/opt/CodeSourcery/bin/../lib/gcc/arm-none-eabi/4.5.1/../../../../arm-none-eabi/lib/thumb/libc.a(lib_a-vfprintf.o)
[...]
Memory Configuration

Name             Origin             Length             Attributes
ROM              0x00000000         0x0007e000         xr
RAM              0x40000000         0x0000ffe0         w
URAM             0x7fd00000         0x00004000         w
ERAM             0x7fe00000         0x00004000         w
BRAM             0xe0084000         0x00000800         w
*default*        0x00000000         0xffffffff

Linker script and memory map

LOAD ../../Source/portable/GCC/ARM7_LPC23xx/portISR.o
LOAD ./lib/Common/src/i2c.o
LOAD ./src/main.o
LOAD ./lib/Common/src/irq.o
LOAD ./lib/Common/src/rtc.o
LOAD ./lib/Common/src/uart.o
LOAD ./lib/Common/src/fio.o
LOAD ./lib/Common/src/misc.o
LOAD ./lib/Common/src/target.o
LOAD ./lib/Common/src/syscalls.o
LOAD ../Common/Minimal/BlockQ.o
LOAD ../Common/Minimal/blocktim.o
LOAD ../Common/Minimal/integer.o
LOAD ../Common/Minimal/GenQTest.o
LOAD ../Common/Minimal/QPeek.o
LOAD ../Common/Minimal/dynamic.o
LOAD ../../Source/list.o
LOAD ../../Source/queue.o
LOAD ../../Source/tasks.o
LOAD ../../Source/portable/GCC/ARM7_LPC23xx/port.o
LOAD ../../Source/portable/MemMang/heap_3.o
LOAD /tmp/ccnUaf1P.o
START GROUP
LOAD /opt/CodeSourcery/bin/../lib/gcc/arm-none-eabi/4.5.1/thumb/libgcc.a
LOAD /opt/CodeSourcery/bin/../lib/gcc/arm-none-eabi/4.5.1/../../../../arm-none-eabi/lib/thumb/libc.a
END GROUP
                0x40000000                _ram_base = 0x40000000
                0x4000ffdc                _stack_end = (((_ram_base + 0x10000) - 0x20) - 0x4)
                0x4000ffdc                __stack_end__ = _stack_end

.text           0x00000000     0xe94c
 *(.VECTOR)
 *(.vectorg)
 *(.RESET)
 *(.startup)
 .startup       0x00000000       0x44 /tmp/ccnUaf1P.o
 *(.SWI_HANDLER)
                0x00000044                . = ALIGN (0x4)
 *(.init)
 *(.text .text.*)
 .text          0x00000044        0x0 ../../Source/portable/GCC/ARM7_LPC23xx/portISR.o
 .text.vPortISRStartFirstTask
                0x00000044       0x54 ../../Source/portable/GCC/ARM7_LPC23xx/portISR.o
                0x00000044                vPortISRStartFirstTask
 .text.vPortYieldProcessor
                0x00000098       0xac ../../Source/portable/GCC/ARM7_LPC23xx/portISR.o
                0x00000098                vPortYieldProcessor
 .text.vPreemptiveTick
                0x00000144       0xc8 ../../Source/portable/GCC/ARM7_LPC23xx/portISR.o
                0x00000144                vPreemptiveTick
 .text.vPortDisableInterruptsFromThumb
                0x0000020c       0x18 ../../Source/portable/GCC/ARM7_LPC23xx/portISR.o
                0x0000020c                vPortDisableInterruptsFromThumb
 .text.vPortEnableInterruptsFromThumb
                0x00000224       0x18 ../../Source/portable/GCC/ARM7_LPC23xx/portISR.o
                0x00000224                vPortEnableInterruptsFromThumb
 .text.vPortEnterCritical
                0x0000023c       0x2c ../../Source/portable/GCC/ARM7_LPC23xx/portISR.o
                0x0000023c                vPortEnterCritical
 .text.vPortExitCritical
                0x00000268       0x44 ../../Source/portable/GCC/ARM7_LPC23xx/portISR.o
                0x00000268                vPortExitCritical
 .text          0x000002ac        0x0 ./lib/Common/src/i2c.o
 .text.i2enable
                0x000002ac       0x14 ./lib/Common/src/i2c.o
                0x000002ac                i2enable
 .text.i2cmasterset
                0x000002c0       0x64 ./lib/Common/src/i2c.o
                0x000002c0                i2cmasterset
 .text.i2cstart
                0x00000324       0x8c ./lib/Common/src/i2c.o
                0x00000324                i2cstart
 .text.i2crestart
                0x000003b0      0x124 ./lib/Common/src/i2c.o
                0x000003b0                i2crestart
 .text.i2cstop  0x000004d4       0x28 ./lib/Common/src/i2c.o
                0x000004d4                i2cstop
 .text.i2csender
                0x000004fc       0xc0 ./lib/Common/src/i2c.o
                0x000004fc                i2csender
 .text.novorvisesender
                0x000005bc       0xd0 ./lib/Common/src/i2c.o
                0x000005bc                novorvisesender
 .text.tinyreader
                0x0000068c      0x104 ./lib/Common/src/i2c.o
                0x0000068c                tinyreader
 .text.i2creader
                0x00000790      0x1b8 ./lib/Common/src/i2c.o
                0x00000790                i2creader
 .text.tinyread
                0x00000948       0xa4 ./lib/Common/src/i2c.o
                0x00000948                tinyread
 .text.SCCBread
                0x000009ec       0xbc ./lib/Common/src/i2c.o
                0x000009ec                SCCBread
 .text.SCCBwrite
                0x00000aa8       0xb0 ./lib/Common/src/i2c.o
                0x00000aa8                SCCBwrite
 .text.SCCBByteWrite
                0x00000b58       0x14 ./lib/Common/src/i2c.o
                0x00000b58                SCCBByteWrite
 .text.vi2c     0x00000b6c      0x168 ./lib/Common/src/i2c.o
                0x00000b6c                vi2c
 .text          0x00000cd4        0x0 ./src/main.o
 .text.vLedTask
                0x00000cd4       0x28 ./src/main.o
 .text.ADC_Read
                0x00000cfc       0x90 ./src/main.o
                0x00000cfc                ADC_Read
 .text.main     0x00000d8c       0xd0 ./src/main.o
                0x00000d8c                main
 *fill*         0x00000e5c        0x4 00
 .text.getISSI  0x00000e60       0xb0 ./src/main.o
                0x00000e60                getISSI
 .text.ISSR     0x00000f10       0x40 ./src/main.o
 .text.vApplicationTickHook
                0x00000f50        0x4 ./src/main.o
                0x00000f50                vApplicationTickHook
 .text.vValueTask
                0x00000f54      0x124 ./src/main.o
                0x00000f54                vValueTask
 .text.vtrsTask
                0x00001078       0xc4 ./src/main.o
                0x00001078                vtrsTask
 .text          0x0000113c        0x0 ./lib/Common/src/irq.o
 .text.init_VIC
                0x0000113c       0x4c ./lib/Common/src/irq.o
                0x0000113c                init_VIC
 .text.install_irq
                0x00001188       0x40 ./lib/Common/src/irq.o
                0x00001188                install_irq
 .text          0x000011c8        0x0 ./lib/Common/src/rtc.o
 .text.RTCInit  0x000011c8       0xf8 ./lib/Common/src/rtc.o
                0x000011c8                RTCInit
 .text.RTCStart
                0x000012c0       0x14 ./lib/Common/src/rtc.o
                0x000012c0                RTCStart
 .text.RTCStop  0x000012d4       0x10 ./lib/Common/src/rtc.o
                0x000012d4                RTCStop
 .text.RTC_CTCReset
                0x000012e4       0x10 ./lib/Common/src/rtc.o
                0x000012e4                RTC_CTCReset
 .text.RTCSetTime
                0x000012f4       0x38 ./lib/Common/src/rtc.o
                0x000012f4                RTCSetTime
 .text.RTCSetAlarm
                0x0000132c       0x38 ./lib/Common/src/rtc.o
                0x0000132c                RTCSetAlarm
 .text.RTCGetTime
                0x00001364       0x50 ./lib/Common/src/rtc.o
                0x00001364                RTCGetTime
 .text.RTCSetAlarmMask
                0x000013b4        0xc ./lib/Common/src/rtc.o
                0x000013b4                RTCSetAlarmMask
 .text          0x000013c0        0x0 ./lib/Common/src/uart.o
 .text.UARTInit
                0x000013c0       0xa4 ./lib/Common/src/uart.o
                0x000013c0                UARTInit
 .text.UARTPutch
                0x00001464       0x38 ./lib/Common/src/uart.o
                0x00001464                UARTPutch
 .text.UARTGetch
                0x0000149c       0x40 ./lib/Common/src/uart.o
                0x0000149c                UARTGetch
 .text          0x000014dc        0x0 ./lib/Common/src/fio.o
 .text.GPIOInit
                0x000014dc       0x7c ./lib/Common/src/fio.o
                0x000014dc                GPIOInit
 .text          0x00001558        0x0 ./lib/Common/src/misc.o
 .text.__NOP    0x00001558        0x4 ./lib/Common/src/misc.o
                0x00001558                __NOP
 .text.time_waste
                0x0000155c       0x28 ./lib/Common/src/misc.o
                0x0000155c                time_waste
 .text._delay_us
                0x00001584       0x28 ./lib/Common/src/misc.o
                0x00001584                _delay_us
 .text.dump     0x000015ac      0x320 ./lib/Common/src/misc.o
                0x000015ac                dump
 .text          0x000018cc        0x0 ./lib/Common/src/target.o
 .text.TargetInit
                0x000018cc       0x1c ./lib/Common/src/target.o
                0x000018cc                TargetInit
 .text.GPIOResetInit
                0x000018e8       0x90 ./lib/Common/src/target.o
                0x000018e8                GPIOResetInit
 .text.ConfigurePLL
                0x00001978       0xb8 ./lib/Common/src/target.o
                0x00001978                ConfigurePLL
 .text.TargetResetInit
                0x00001a30       0x54 ./lib/Common/src/target.o
                0x00001a30                TargetResetInit
 .text          0x00001a84        0x0 ./lib/Common/src/syscalls.o
 .text._read_r  0x00001a84       0x48 ./lib/Common/src/syscalls.o
                0x00001a84                _read_r
 .text._write_r
                0x00001acc       0x8c ./lib/Common/src/syscalls.o
                0x00001acc                _write_r
 .text._close_r
                0x00001b58        0x4 ./lib/Common/src/syscalls.o
                0x00001b58                _close_r
 .text._lseek_r
                0x00001b5c        0x4 ./lib/Common/src/syscalls.o
                0x00001b5c                _lseek_r
 .text._fstat_r
                0x00001b60        0xc ./lib/Common/src/syscalls.o
                0x00001b60                _fstat_r
 .text.isatty   0x00001b6c        0x4 ./lib/Common/src/syscalls.o
                0x00001b6c                isatty
 .text._exit    0x00001b70        0x4 ./lib/Common/src/syscalls.o
                0x00001b70                _exit
 .text._getpid  0x00001b74        0x4 ./lib/Common/src/syscalls.o
                0x00001b74                _getpid
 .text._kill    0x00001b78        0x4 ./lib/Common/src/syscalls.o
                0x00001b78                _kill
 .text._sbrk_r  0x00001b7c       0x20 ./lib/Common/src/syscalls.o
                0x00001b7c                _sbrk_r
 .text._sbrk    0x00001b9c       0x20 ./lib/Common/src/syscalls.o
                0x00001b9c                _sbrk
 .text._open    0x00001bbc        0x8 ./lib/Common/src/syscalls.o
                0x00001bbc                _open
 .text._close   0x00001bc4        0x4 ./lib/Common/src/syscalls.o
                0x00001bc4                _close
 .text._fstat   0x00001bc8        0xc ./lib/Common/src/syscalls.o
                0x00001bc8                _fstat
 .text._isatty  0x00001bd4        0x4 ./lib/Common/src/syscalls.o
                0x00001bd4                _isatty
 .text._lseek   0x00001bd8        0x4 ./lib/Common/src/syscalls.o
                0x00001bd8                _lseek
 .text._read    0x00001bdc       0x14 ./lib/Common/src/syscalls.o
                0x00001bdc                _read
 .text._write   0x00001bf0       0x54 ./lib/Common/src/syscalls.o
                0x00001bf0                _write
 .text          0x00001c44        0x0 ../Common/Minimal/BlockQ.o
 .text.vBlockingQueueProducer
                0x00001c44       0x3c ../Common/Minimal/BlockQ.o
 .text.vBlockingQueueConsumer
                0x00001c80       0x44 ../Common/Minimal/BlockQ.o
 .text.vStartBlockingQueueTasks
                0x00001cc4      0x168 ../Common/Minimal/BlockQ.o
                0x00001cc4                vStartBlockingQueueTasks
 .text.xAreBlockingQueuesStillRunning
                0x00001e2c       0xb0 ../Common/Minimal/BlockQ.o
                0x00001e2c                xAreBlockingQueuesStillRunning
 .text          0x00001edc        0x0 ../Common/Minimal/blocktim.o
 .text.vSecondaryBlockTimeTestTask
                0x00001edc       0xb0 ../Common/Minimal/blocktim.o
 .text.vPrimaryBlockTimeTestTask
                0x00001f8c      0x260 ../Common/Minimal/blocktim.o
 .text.vCreateBlockTimeTasks
                0x000021ec       0x60 ../Common/Minimal/blocktim.o
                0x000021ec                vCreateBlockTimeTasks
 .text.xAreBlockTimeTestTasksStillRunning
                0x0000224c       0x54 ../Common/Minimal/blocktim.o
                0x0000224c                xAreBlockTimeTestTasksStillRunning
 .text          0x000022a0        0x0 ../Common/Minimal/integer.o
 .text.vCompeteingIntMathTask
                0x000022a0       0x4c ../Common/Minimal/integer.o
 .text.vStartIntegerMathTasks
                0x000022ec       0x2c ../Common/Minimal/integer.o
                0x000022ec                vStartIntegerMathTasks
 .text.xAreIntegerMathsTaskStillRunning
                0x00002318       0x14 ../Common/Minimal/integer.o
                0x00002318                xAreIntegerMathsTaskStillRunning
 .text          0x0000232c        0x0 ../Common/Minimal/GenQTest.o
 .text.prvMediumPriorityMutexTask
                0x0000232c       0x18 ../Common/Minimal/GenQTest.o
 .text.prvHighPriorityMutexTask
                0x00002344       0x3c ../Common/Minimal/GenQTest.o
 .text.prvLowPriorityMutexTask
                0x00002380       0xc8 ../Common/Minimal/GenQTest.o
 .text.prvSendFrontAndBackTest
                0x00002448      0x234 ../Common/Minimal/GenQTest.o
 .text.vStartGenericQueueTasks
                0x0000267c       0xa0 ../Common/Minimal/GenQTest.o
                0x0000267c                vStartGenericQueueTasks
 .text.xAreGenericQueueTasksStillRunning
                0x0000271c       0x54 ../Common/Minimal/GenQTest.o
                0x0000271c                xAreGenericQueueTasksStillRunning
 .text          0x00002770        0x0 ../Common/Minimal/QPeek.o
 .text.prvHighestPriorityPeekTask
                0x00002770       0xb8 ../Common/Minimal/QPeek.o
 .text.prvHighPriorityPeekTask
                0x00002828       0x6c ../Common/Minimal/QPeek.o
 .text.prvMediumPriorityPeekTask
                0x00002894       0x58 ../Common/Minimal/QPeek.o
 .text.prvLowPriorityPeekTask
                0x000028ec       0xf0 ../Common/Minimal/QPeek.o
 .text.vStartQueuePeekTasks
                0x000029dc       0xa0 ../Common/Minimal/QPeek.o
                0x000029dc                vStartQueuePeekTasks
 .text.xAreQueuePeekTasksStillRunning
                0x00002a7c       0x34 ../Common/Minimal/QPeek.o
                0x00002a7c                xAreQueuePeekTasksStillRunning
 .text          0x00002ab0        0x0 ../Common/Minimal/dynamic.o
 .text.vQueueReceiveWhenSuspendedTask
                0x00002ab0       0x68 ../Common/Minimal/dynamic.o
 .text.vQueueSendWhenSuspendedTask
                0x00002b18       0x40 ../Common/Minimal/dynamic.o
 .text.vLimitedIncrementTask
                0x00002b58       0x30 ../Common/Minimal/dynamic.o
 .text.vCounterControlTask
                0x00002b88      0x13c ../Common/Minimal/dynamic.o
 .text.vContinuousIncrementTask
                0x00002cc4       0x28 ../Common/Minimal/dynamic.o
 .text.vStartDynamicPriorityTasks
                0x00002cec       0xc0 ../Common/Minimal/dynamic.o
                0x00002cec                vStartDynamicPriorityTasks
 .text.xAreDynamicPriorityTasksStillRunning
                0x00002dac       0x44 ../Common/Minimal/dynamic.o
                0x00002dac                xAreDynamicPriorityTasksStillRunning
 .text          0x00002df0        0x0 ../../Source/list.o
 .text.vListInitialise
                0x00002df0       0x18 ../../Source/list.o
                0x00002df0                vListInitialise
 .text.vListInitialiseItem
                0x00002e08        0x8 ../../Source/list.o
                0x00002e08                vListInitialiseItem
 .text.vListInsertEnd
                0x00002e10       0x1c ../../Source/list.o
                0x00002e10                vListInsertEnd
 .text.vListInsert
                0x00002e2c       0x3c ../../Source/list.o
                0x00002e2c                vListInsert
 .text.vListRemove
                0x00002e68       0x28 ../../Source/list.o
                0x00002e68                vListRemove
 .text          0x00002e90        0x0 ../../Source/queue.o
 .text.prvUnlockQueue
                0x00002e90       0x9c ../../Source/queue.o
 .text.prvCopyDataToQueue
                0x00002f2c       0x68 ../../Source/queue.o
 .text.xQueueCreate
                0x00002f94       0x78 ../../Source/queue.o
                0x00002f94                xQueueCreate
 .text.xQueueGenericSend
                0x0000300c      0x110 ../../Source/queue.o
                0x0000300c                xQueueGenericSend
 .text.xQueueCreateMutex
                0x0000311c       0x48 ../../Source/queue.o
                0x0000311c                xQueueCreateMutex
 .text.xQueueGenericSendFromISR
                0x00003164       0x48 ../../Source/queue.o
                0x00003164                xQueueGenericSendFromISR
 .text.xQueueGenericReceive
                0x000031ac      0x168 ../../Source/queue.o
                0x000031ac                xQueueGenericReceive
 .text.xQueueReceiveFromISR
                0x00003314       0x60 ../../Source/queue.o
                0x00003314                xQueueReceiveFromISR
 .text.uxQueueMessagesWaiting
                0x00003374       0x18 ../../Source/queue.o
                0x00003374                uxQueueMessagesWaiting
 .text.uxQueueMessagesWaitingFromISR
                0x0000338c        0x4 ../../Source/queue.o
                0x0000338c                uxQueueMessagesWaitingFromISR
 .text.vQueueDelete
                0x00003390       0x18 ../../Source/queue.o
                0x00003390                vQueueDelete
 .text.xQueueIsQueueEmptyFromISR
                0x000033a8        0x8 ../../Source/queue.o
                0x000033a8                xQueueIsQueueEmptyFromISR
 .text.xQueueIsQueueFullFromISR
                0x000033b0        0xc ../../Source/queue.o
                0x000033b0                xQueueIsQueueFullFromISR
 .text          0x000033bc        0x0 ../../Source/tasks.o
 .text.prvListTaskWithinSingleList
                0x000033bc       0xa4 ../../Source/tasks.o
 .text.xTaskGenericCreate
                0x00003460      0x1e4 ../../Source/tasks.o
                0x00003460                xTaskGenericCreate
 .text.vTaskDelete
                0x00003644       0x78 ../../Source/tasks.o
                0x00003644                vTaskDelete
 .text.uxTaskPriorityGet
                0x000036bc       0x24 ../../Source/tasks.o
                0x000036bc                uxTaskPriorityGet
 .text.vTaskPrioritySet
                0x000036e0       0x9c ../../Source/tasks.o
                0x000036e0                vTaskPrioritySet
 .text.xTaskIsTaskSuspended
                0x0000377c       0x28 ../../Source/tasks.o
                0x0000377c                xTaskIsTaskSuspended
 .text.vTaskResume
                0x000037a4       0x78 ../../Source/tasks.o
                0x000037a4                vTaskResume
 .text.xTaskResumeFromISR
                0x0000381c       0x80 ../../Source/tasks.o
                0x0000381c                xTaskResumeFromISR
 .text.vTaskStartScheduler
                0x0000389c       0x4c ../../Source/tasks.o
                0x0000389c                vTaskStartScheduler
 .text.vTaskEndScheduler
                0x000038e8       0x1c ../../Source/tasks.o
                0x000038e8                vTaskEndScheduler
 .text.vTaskSuspendAll
                0x00003904       0x10 ../../Source/tasks.o
                0x00003904                vTaskSuspendAll
 .text.xTaskGetTickCount
                0x00003914       0x1c ../../Source/tasks.o
                0x00003914                xTaskGetTickCount
 .text.xTaskGetTickCountFromISR
                0x00003930        0xc ../../Source/tasks.o
                0x00003930                xTaskGetTickCountFromISR
 .text.uxTaskGetNumberOfTasks
                0x0000393c        0xc ../../Source/tasks.o
                0x0000393c                uxTaskGetNumberOfTasks
 .text.vTaskStartTrace
                0x00003948       0x3c ../../Source/tasks.o
                0x00003948                vTaskStartTrace
 .text.ulTaskEndTrace
                0x00003984       0x2c ../../Source/tasks.o
                0x00003984                ulTaskEndTrace
 .text.vTaskIncrementTick
                0x000039b0       0xd0 ../../Source/tasks.o
                0x000039b0                vTaskIncrementTick
 .text.xTaskResumeAll
                0x00003a80       0xe4 ../../Source/tasks.o
                0x00003a80                xTaskResumeAll
 .text.vTaskList
                0x00003b64      0x108 ../../Source/tasks.o
                0x00003b64                vTaskList
 .text.prvIdleTask
                0x00003c6c       0x88 ../../Source/tasks.o
 .text.vTaskDelay
                0x00003cf4       0x68 ../../Source/tasks.o
                0x00003cf4                vTaskDelay
 .text.vTaskDelayUntil
                0x00003d5c       0x80 ../../Source/tasks.o
                0x00003d5c                vTaskDelayUntil
 .text.vTaskSwitchContext
                0x00003ddc       0xc8 ../../Source/tasks.o
                0x00003ddc                vTaskSwitchContext
 .text.vTaskSuspend
                0x00003ea4       0x74 ../../Source/tasks.o
                0x00003ea4                vTaskSuspend
 .text.vTaskPlaceOnEventList
                0x00003f18       0x6c ../../Source/tasks.o
                0x00003f18                vTaskPlaceOnEventList
 .text.xTaskRemoveFromEventList
                0x00003f84       0x78 ../../Source/tasks.o
                0x00003f84                xTaskRemoveFromEventList
 .text.vTaskSetTimeOutState
                0x00003ffc       0x18 ../../Source/tasks.o
                0x00003ffc                vTaskSetTimeOutState
 .text.xTaskCheckForTimeOut
                0x00004014       0x68 ../../Source/tasks.o
                0x00004014                xTaskCheckForTimeOut
 .text.vTaskMissedYield
                0x0000407c        0xc ../../Source/tasks.o
                0x0000407c                vTaskMissedYield
 .text.xTaskGetCurrentTaskHandle
                0x00004088        0xc ../../Source/tasks.o
                0x00004088                xTaskGetCurrentTaskHandle
 .text.vTaskPriorityInherit
                0x00004094       0x6c ../../Source/tasks.o
                0x00004094                vTaskPriorityInherit
 .text.vTaskPriorityDisinherit
                0x00004100       0x4c ../../Source/tasks.o
                0x00004100                vTaskPriorityDisinherit
 .text          0x0000414c        0x0 ../../Source/portable/GCC/ARM7_LPC23xx/port.o
 .text.pxPortInitialiseStack
                0x0000414c       0xa4 ../../Source/portable/GCC/ARM7_LPC23xx/port.o
                0x0000414c                pxPortInitialiseStack
 .text.xPortStartScheduler
                0x000041f0       0x68 ../../Source/portable/GCC/ARM7_LPC23xx/port.o
                0x000041f0                xPortStartScheduler
 .text.vPortEndScheduler
                0x00004258        0x4 ../../Source/portable/GCC/ARM7_LPC23xx/port.o
                0x00004258                vPortEndScheduler
 .text          0x0000425c        0x0 ../../Source/portable/MemMang/heap_3.o
 .text.pvPortMalloc
                0x0000425c       0x1c ../../Source/portable/MemMang/heap_3.o
                0x0000425c                pvPortMalloc
 .text.vPortFree
                0x00004278       0x1c ../../Source/portable/MemMang/heap_3.o
                0x00004278                vPortFree
 .text          0x00004294       0xc4 /tmp/ccnUaf1P.o
                0x00004294                _startup
                0x00004294                start
                0x0000433c                endless_loop
 .text          0x00004358      0x11c /opt/CodeSourcery/bin/../lib/gcc/arm-none-eabi/4.5.1/thumb/libgcc.a(_udivsi3.o)
                0x00004358                __udivsi3
                0x00004358                __aeabi_uidiv
                0x00004454                __aeabi_uidivmod
 .text          0x00004474      0x150 /opt/CodeSourcery/bin/../lib/gcc/arm-none-eabi/4.5.1/thumb/libgcc.a(_divsi3.o)
                0x00004474                __aeabi_idiv
                0x00004474                __divsi3
                0x000045a4                __aeabi_idivmod
 .text          0x000045c4        0x4 /opt/CodeSourcery/bin/../lib/gcc/arm-none-eabi/4.5.1/thumb/libgcc.a(_dvmd_tls.o)
                0x000045c4                __aeabi_ldiv0
                0x000045c4                __aeabi_idiv0
 .text          0x000045c8      0x18c /opt/CodeSourcery/bin/../lib/gcc/arm-none-eabi/4.5.1/../../../../arm-none-eabi/lib/thumb/libc.a(lib_a-fflush.o)
                0x000045c8                _fflush_r
                0x00004724                fflush
 .text          0x00004754      0x234 /opt/CodeSourcery/bin/../lib/gcc/arm-none-eabi/4.5.1/../../../../arm-none-eabi/lib/thumb/libc.a(lib_a-findfp.o)
                0x0000475c                _cleanup_r
                0x00004770                __sfmoreglue
                0x0000479c                _cleanup
                0x000047b0                __sinit
                0x000048b0                __sfp
                0x00004940                __sfp_lock_acquire
                0x00004944                __sfp_lock_release
                0x00004948                __sinit_lock_acquire
                0x0000494c                __sinit_lock_release
                0x00004950                __fp_lock_all
                0x0000496c                __fp_unlock_all
 .text          0x00004988      0x24c /opt/CodeSourcery/bin/../lib/gcc/arm-none-eabi/4.5.1/../../../../arm-none-eabi/lib/thumb/libc.a(lib_a-freer.o)
                0x00004988                _malloc_trim_r
                0x00004a2c                _free_r
 .text          0x00004bd4       0xbc /opt/CodeSourcery/bin/../lib/gcc/arm-none-eabi/4.5.1/../../../../arm-none-eabi/lib/thumb/libc.a(lib_a-fwalk.o)
                0x00004bd4                _fwalk
                0x00004c2c                _fwalk_reent
 .text          0x00004c90        0x0 /opt/CodeSourcery/bin/../lib/gcc/arm-none-eabi/4.5.1/../../../../arm-none-eabi/lib/thumb/libc.a(lib_a-impure.o)
 .text          0x00004c90       0x30 /opt/CodeSourcery/bin/../lib/gcc/arm-none-eabi/4.5.1/../../../../arm-none-eabi/lib/thumb/libc.a(lib_a-malloc.o)
                0x00004c90                malloc
                0x00004ca8                free
 .text          0x00004cc0      0x50c /opt/CodeSourcery/bin/../lib/gcc/arm-none-eabi/4.5.1/../../../../arm-none-eabi/lib/thumb/libc.a(lib_a-mallocr.o)
                0x00004cc0                _malloc_r
 .text          0x000051cc       0xfc /opt/CodeSourcery/bin/../lib/gcc/arm-none-eabi/4.5.1/../../../../arm-none-eabi/lib/thumb/libc.a(lib_a-memcpy.o)
                0x000051cc                memcpy
 .text          0x000052c8       0x8c /opt/CodeSourcery/bin/../lib/gcc/arm-none-eabi/4.5.1/../../../../arm-none-eabi/lib/thumb/libc.a(lib_a-memset.o)
                0x000052c8                memset
 .text          0x00005354        0x8 /opt/CodeSourcery/bin/../lib/gcc/arm-none-eabi/4.5.1/../../../../arm-none-eabi/lib/thumb/libc.a(lib_a-mlock.o)
                0x00005354                __malloc_lock
                0x00005358                __malloc_unlock
 .text          0x0000535c       0x40 /opt/CodeSourcery/bin/../lib/gcc/arm-none-eabi/4.5.1/../../../../arm-none-eabi/lib/thumb/libc.a(lib_a-printf.o)
                0x0000535c                _printf_r
                0x00005378                printf
 .text          0x0000539c       0x28 /opt/CodeSourcery/bin/../lib/gcc/arm-none-eabi/4.5.1/../../../../arm-none-eabi/lib/thumb/libc.a(lib_a-putchar.o)
                0x0000539c                _putchar_r
                0x000053ac                putchar
 .text          0x000053c4       0x84 /opt/CodeSourcery/bin/../lib/gcc/arm-none-eabi/4.5.1/../../../../arm-none-eabi/lib/thumb/libc.a(lib_a-puts.o)
                0x000053c4                _puts_r
                0x00005430                puts
 .text          0x00005448       0x84 /opt/CodeSourcery/bin/../lib/gcc/arm-none-eabi/4.5.1/../../../../arm-none-eabi/lib/thumb/libc.a(lib_a-sprintf.o)
                0x00005448                _sprintf_r
                0x00005488                sprintf
 .text          0x000054cc       0xac /opt/CodeSourcery/bin/../lib/gcc/arm-none-eabi/4.5.1/../../../../arm-none-eabi/lib/thumb/libc.a(lib_a-stdio.o)
                0x000054cc                __sread
                0x000054f8                __seofread
                0x000054fc                __swrite
                0x00005538                __sseek
                0x00005568                __sclose
 .text          0x00005578       0x48 /opt/CodeSourcery/bin/../lib/gcc/arm-none-eabi/4.5.1/../../../../arm-none-eabi/lib/thumb/libc.a(lib_a-strcat.o)
                0x00005578                strcat
 .text          0x000055c0       0x10 /opt/CodeSourcery/bin/../lib/gcc/arm-none-eabi/4.5.1/../../../../arm-none-eabi/lib/thumb/libc.a(lib_a-strcpy.o)
                0x000055c0                strcpy
 .text          0x000055d0       0x10 /opt/CodeSourcery/bin/../lib/gcc/arm-none-eabi/4.5.1/../../../../arm-none-eabi/lib/thumb/libc.a(lib_a-strlen.o)
                0x000055d0                strlen
 .text          0x000055e0       0x6c /opt/CodeSourcery/bin/../lib/gcc/arm-none-eabi/4.5.1/../../../../arm-none-eabi/lib/thumb/libc.a(lib_a-strncpy.o)
                0x000055e0                strncpy
 *fill*         0x0000564c        0x4 00
 .text          0x00005650     0x1558 /opt/CodeSourcery/bin/../lib/gcc/arm-none-eabi/4.5.1/../../../../arm-none-eabi/lib/thumb/libc.a(lib_a-svfprintf.o)
                0x00005650                _svfprintf_r
 .text          0x00006ba8     0x17f0 /opt/CodeSourcery/bin/../lib/gcc/arm-none-eabi/4.5.1/../../../../arm-none-eabi/lib/thumb/libc.a(lib_a-vfprintf.o)
                0x00006ba8                _vfprintf_r
                0x00008378                vfprintf
 .text          0x00008398       0xe0 /opt/CodeSourcery/bin/../lib/gcc/arm-none-eabi/4.5.1/../../../../arm-none-eabi/lib/thumb/libc.a(lib_a-wbuf.o)
                0x00008398                __swbuf_r
                0x0000845c                __swbuf
 .text          0x00008478       0xc0 /opt/CodeSourcery/bin/../lib/gcc/arm-none-eabi/4.5.1/../../../../arm-none-eabi/lib/thumb/libc.a(lib_a-wsetup.o)
                0x00008478                __swsetup_r
 .text          0x00008538     0x1088 /opt/CodeSourcery/bin/../lib/gcc/arm-none-eabi/4.5.1/../../../../arm-none-eabi/lib/thumb/libc.a(lib_a-dtoa.o)
                0x0000869c                _dtoa_r
 .text          0x000095c0       0xb8 /opt/CodeSourcery/bin/../lib/gcc/arm-none-eabi/4.5.1/../../../../arm-none-eabi/lib/thumb/libc.a(lib_a-fclose.o)
                0x000095c0                _fclose_r
                0x0000965c                fclose
 .text          0x00009678      0x344 /opt/CodeSourcery/bin/../lib/gcc/arm-none-eabi/4.5.1/../../../../arm-none-eabi/lib/thumb/libc.a(lib_a-fvwrite.o)
                0x00009678                __sfvwrite_r
 .text          0x000099bc       0xa4 /opt/CodeSourcery/bin/../lib/gcc/arm-none-eabi/4.5.1/../../../../arm-none-eabi/lib/thumb/libc.a(lib_a-locale.o)
                0x000099bc                _setlocale_r
                0x00009a08                __locale_charset
                0x00009a10                __locale_mb_cur_max
                0x00009a1c                __locale_msgcharset
                0x00009a28                __locale_cjk_lang
                0x00009a2c                _localeconv_r
                0x00009a38                setlocale
                0x00009a54                localeconv
 .text          0x00009a60       0xe4 /opt/CodeSourcery/bin/../lib/gcc/arm-none-eabi/4.5.1/../../../../arm-none-eabi/lib/thumb/libc.a(lib_a-makebuf.o)
                0x00009a60                __smakebuf_r
 .text          0x00009b44       0x90 /opt/CodeSourcery/bin/../lib/gcc/arm-none-eabi/4.5.1/../../../../arm-none-eabi/lib/thumb/libc.a(lib_a-memchr.o)
                0x00009b44                memchr
 .text          0x00009bd4       0x9c /opt/CodeSourcery/bin/../lib/gcc/arm-none-eabi/4.5.1/../../../../arm-none-eabi/lib/thumb/libc.a(lib_a-memmove.o)
                0x00009bd4                memmove
 .text          0x00009c70      0x9c0 /opt/CodeSourcery/bin/../lib/gcc/arm-none-eabi/4.5.1/../../../../arm-none-eabi/lib/thumb/libc.a(lib_a-mprec.o)
                0x00009c70                _Balloc
                0x00009cc4                _Bfree
                0x00009cdc                __multadd
                0x00009d78                __s2b
                0x00009e08                __hi0bits
                0x00009e48                __lo0bits
                0x00009eac                __i2b
                0x00009ec4                __multiply
                0x0000a04c                __pow5mult
                0x0000a100                __lshift
                0x0000a1d0                __mcmp
                0x0000a210                __mdiff
                0x0000a310                __ulp
                0x0000a35c                __b2d
                0x0000a3fc                __d2b
                0x0000a4cc                __ratio
                0x0000a540                _mprec_log10
                0x0000a584                __copybits
                0x0000a5cc                __any_on
 .text          0x0000a630       0xd0 /opt/CodeSourcery/bin/../lib/gcc/arm-none-eabi/4.5.1/../../../../arm-none-eabi/lib/thumb/libc.a(lib_a-putc.o)
                0x0000a630                _putc_r
                0x0000a694                putc
 .text          0x0000a700      0x424 /opt/CodeSourcery/bin/../lib/gcc/arm-none-eabi/4.5.1/../../../../arm-none-eabi/lib/thumb/libc.a(lib_a-reallocr.o)
                0x0000a700                _realloc_r
 .text          0x0000ab24       0x9c /opt/CodeSourcery/bin/../lib/gcc/arm-none-eabi/4.5.1/../../../../arm-none-eabi/lib/thumb/libc.a(lib_a-s_fpclassify.o)
                0x0000ab24                __fpclassifyd
 .text          0x0000abc0       0x14 /opt/CodeSourcery/bin/../lib/gcc/arm-none-eabi/4.5.1/../../../../arm-none-eabi/lib/thumb/libc.a(lib_a-strcmp.o)
                0x0000abc0                strcmp
 .text          0x0000abd4      0xc54 /opt/CodeSourcery/bin/../lib/gcc/arm-none-eabi/4.5.1/../../../../arm-none-eabi/lib/thumb/libc.a(lib_a-svfiprintf.o)
                0x0000abd4                __ssprint_r
                0x0000acf8                _svfiprintf_r
 .text          0x0000b828      0xd38 /opt/CodeSourcery/bin/../lib/gcc/arm-none-eabi/4.5.1/../../../../arm-none-eabi/lib/thumb/libc.a(lib_a-vfiprintf.o)
                0x0000b828                __sprint_r
                0x0000b8a8                _vfiprintf_r
                0x0000c540                vfiprintf
 .text          0x0000c560       0x60 /opt/CodeSourcery/bin/../lib/gcc/arm-none-eabi/4.5.1/../../../../arm-none-eabi/lib/thumb/libc.a(lib_a-callocr.o)
                0x0000c560                _calloc_r
 .text          0x0000c5c0       0xf8 /opt/CodeSourcery/bin/../lib/gcc/arm-none-eabi/4.5.1/../../../../arm-none-eabi/lib/thumb/libc.a(lib_a-fputwc.o)
                0x0000c5c0                _fputwc_r
                0x0000c68c                fputwc
 .text          0x0000c6b8       0x28 /opt/CodeSourcery/bin/../lib/gcc/arm-none-eabi/4.5.1/../../../../arm-none-eabi/lib/thumb/libc.a(lib_a-isattyr.o)
                0x0000c6b8                _isatty_r
 .text          0x0000c6e0      0x118 /opt/CodeSourcery/bin/../lib/gcc/arm-none-eabi/4.5.1/../../../../arm-none-eabi/lib/thumb/libc.a(lib_a-reent.o)
                0x0000c6e0                cleanup_glue
                0x0000c700                _reclaim_reent
                0x0000c7a8                _wrapup_reent
 .text          0x0000c7f8       0xdc /opt/CodeSourcery/bin/../lib/gcc/arm-none-eabi/4.5.1/../../../../arm-none-eabi/lib/thumb/libc.a(lib_a-wcrtomb.o)
                0x0000c7f8                _wcrtomb_r
                0x0000c858                wcrtomb
 .text          0x0000c8d4       0x5c /opt/CodeSourcery/bin/../lib/gcc/arm-none-eabi/4.5.1/../../../../arm-none-eabi/lib/thumb/libc.a(lib_a-wctomb_r.o)
                0x0000c8d4                __ascii_wctomb
                0x0000c8f4                _wctomb_r
 .text          0x0000c930      0x41c /opt/CodeSourcery/bin/../lib/gcc/arm-none-eabi/4.5.1/thumb/libgcc.a(_arm_addsubdf3.o)
                0x0000c930                __aeabi_drsub
                0x0000c938                __aeabi_dsub
                0x0000c938                __subdf3
                0x0000c93c                __adddf3
                0x0000c93c                __aeabi_dadd
                0x0000cc4c                __aeabi_ui2d
                0x0000cc4c                __floatunsidf
                0x0000cc70                __floatsidf
                0x0000cc70                __aeabi_i2d
                0x0000cc98                __extendsfdf2
                0x0000cc98                __aeabi_f2d
                0x0000ccd8                __aeabi_ul2d
                0x0000ccd8                __floatundidf
                0x0000ccec                __floatdidf
                0x0000ccec                __aeabi_l2d
 .text          0x0000cd4c      0x49c /opt/CodeSourcery/bin/../lib/gcc/arm-none-eabi/4.5.1/thumb/libgcc.a(_arm_muldivdf3.o)
                0x0000cd4c                __aeabi_dmul
                0x0000cd4c                __muldf3
                0x0000cfdc                __aeabi_ddiv
                0x0000cfdc                __divdf3
 .text          0x0000d1e8      0x144 /opt/CodeSourcery/bin/../lib/gcc/arm-none-eabi/4.5.1/thumb/libgcc.a(_arm_cmpdf2.o)
                0x0000d1e8                __gtdf2
                0x0000d1e8                __gedf2
                0x0000d1f0                __ltdf2
                0x0000d1f0                __ledf2
                0x0000d1f8                __cmpdf2
                0x0000d1f8                __eqdf2
                0x0000d1f8                __nedf2
                0x0000d280                __aeabi_cdrcmple
                0x0000d29c                __aeabi_cdcmple
                0x0000d29c                __aeabi_cdcmpeq
                0x0000d2b4                __aeabi_dcmpeq
                0x0000d2cc                __aeabi_dcmplt
                0x0000d2e4                __aeabi_dcmple
                0x0000d2fc                __aeabi_dcmpge
                0x0000d314                __aeabi_dcmpgt
 .text          0x0000d32c       0x5c /opt/CodeSourcery/bin/../lib/gcc/arm-none-eabi/4.5.1/thumb/libgcc.a(_arm_fixdfsi.o)
                0x0000d32c                __fixdfsi
                0x0000d32c                __aeabi_d2iz
 .text          0x0000d388       0x3c /opt/CodeSourcery/bin/../lib/gcc/arm-none-eabi/4.5.1/thumb/libgcc.a(_aeabi_uldivmod.o)
                0x0000d388                __aeabi_uldivmod
 .text          0x0000d3c4       0x70 /opt/CodeSourcery/bin/../lib/gcc/arm-none-eabi/4.5.1/thumb/libgcc.a(bpabi.o)
                0x0000d3c4                __gnu_ldivmod_helper
                0x0000d3fc                __gnu_uldivmod_helper
 .text          0x0000d434       0x4c /opt/CodeSourcery/bin/../lib/gcc/arm-none-eabi/4.5.1/thumb/libgcc.a(_muldi3.o)
                0x0000d434                __aeabi_lmul
                0x0000d434                __muldi3
 .text          0x0000d480      0x3a8 /opt/CodeSourcery/bin/../lib/gcc/arm-none-eabi/4.5.1/thumb/libgcc.a(_divdi3.o)
                0x0000d480                __divdi3
 .text          0x0000d828      0x340 /opt/CodeSourcery/bin/../lib/gcc/arm-none-eabi/4.5.1/thumb/libgcc.a(_udivdi3.o)
                0x0000d828                __udivdi3
 .text          0x0000db68       0x48 /opt/CodeSourcery/bin/../lib/gcc/arm-none-eabi/4.5.1/thumb/libgcc.a(_clzsi2.o)
                0x0000db68                __clzsi2
 .text.stub     0x0000dbb0      0x14c linker stubs
 *(.gnu.linkonce.t.*)
 *(.glue_7)
 .glue_7        0x00000000        0x0 linker stubs
 *(.glue_7t)
 .glue_7t       0x00000000        0x0 linker stubs
 *(.vfp11_veneer)
 .vfp11_veneer  0x00000000        0x0 linker stubs
 *(.janus_2cc_veneer)
 *(.v4_bx)
 .v4_bx         0x00000000        0x0 linker stubs
 *(.gcc_except_table)
 *(.rodata)
 .rodata        0x0000dd30        0x4 /opt/CodeSourcery/bin/../lib/gcc/arm-none-eabi/4.5.1/../../../../arm-none-eabi/lib/thumb/libc.a(lib_a-impure.o)
                0x0000dd30                _global_impure_ptr
 .rodata        0x0000dd34      0x184 /opt/CodeSourcery/bin/../lib/gcc/arm-none-eabi/4.5.1/../../../../arm-none-eabi/lib/thumb/libc.a(lib_a-svfprintf.o)
 .rodata        0x0000deb8      0x184 /opt/CodeSourcery/bin/../lib/gcc/arm-none-eabi/4.5.1/../../../../arm-none-eabi/lib/thumb/libc.a(lib_a-vfprintf.o)
 *fill*         0x0000e03c        0x4 00
 .rodata        0x0000e040      0x128 /opt/CodeSourcery/bin/../lib/gcc/arm-none-eabi/4.5.1/../../../../arm-none-eabi/lib/thumb/libc.a(lib_a-mprec.o)
                0x0000e050                __mprec_tens
                0x0000e118                __mprec_bigtens
                0x0000e140                __mprec_tinytens
 .rodata        0x0000e168      0x184 /opt/CodeSourcery/bin/../lib/gcc/arm-none-eabi/4.5.1/../../../../arm-none-eabi/lib/thumb/libc.a(lib_a-svfiprintf.o)
 .rodata        0x0000e2ec      0x184 /opt/CodeSourcery/bin/../lib/gcc/arm-none-eabi/4.5.1/../../../../arm-none-eabi/lib/thumb/libc.a(lib_a-vfiprintf.o)
 *(.rodata*)
 .rodata.str1.4
                0x0000e470       0xdf ./lib/Common/src/i2c.o
                                 0xe0 (size before relaxing)
 *fill*         0x0000e54f        0x1 00
 .rodata.OV7670
                0x0000e550      0x204 ./lib/Common/src/i2c.o
                0x0000e550                OV7670
 .rodata.ADC_Read
                0x0000e754       0x20 ./src/main.o
 .rodata.str1.4
                0x0000e774       0x96 ./src/main.o
                                 0x98 (size before relaxing)
 *fill*         0x0000e80a        0x2 00
 .rodata.str1.4
                0x0000e80c        0xe ./lib/Common/src/misc.o
                                 0x10 (size before relaxing)
 *fill*         0x0000e81a        0x2 00
 .rodata.str1.4
                0x0000e81c       0x30 ../Common/Minimal/BlockQ.o
 .rodata.str1.4
                0x0000e84c        0xf ../Common/Minimal/blocktim.o
                                 0x10 (size before relaxing)
 *fill*         0x0000e85b        0x1 00
 .rodata.str1.4
                0x0000e85c        0x8 ../Common/Minimal/integer.o
 .rodata.str1.4
                0x0000e864       0x1f ../Common/Minimal/GenQTest.o
                                 0x20 (size before relaxing)
 *fill*         0x0000e883        0x1 00
 .rodata.str1.4
                0x0000e884       0x1f ../Common/Minimal/QPeek.o
                                 0x20 (size before relaxing)
 *fill*         0x0000e8a3        0x1 00
 .rodata.str1.4
                0x0000e8a4       0x28 ../Common/Minimal/dynamic.o
 .rodata.str1.4
                0x0000e8cc       0x1f ../../Source/tasks.o
                                 0x20 (size before relaxing)
 *fill*         0x0000e8eb        0x1 00
 .rodata.str1.4
                0x0000e8ec        0x2 /opt/CodeSourcery/bin/../lib/gcc/arm-none-eabi/4.5.1/../../../../arm-none-eabi/lib/thumb/libc.a(lib_a-impure.o)
                                  0x4 (size before relaxing)
 .rodata.str1.4
                0x00000000        0x2 /opt/CodeSourcery/bin/../lib/gcc/arm-none-eabi/4.5.1/../../../../arm-none-eabi/lib/thumb/libc.a(lib_a-puts.o)
                                  0x4 (size before relaxing)
 *fill*         0x0000e8ee        0x2 00
 .rodata.str1.4
                0x0000e8f0       0x42 /opt/CodeSourcery/bin/../lib/gcc/arm-none-eabi/4.5.1/../../../../arm-none-eabi/lib/thumb/libc.a(lib_a-svfprintf.o)
                                 0x44 (size before relaxing)
 .rodata.str1.4
                0x00000000       0x44 /opt/CodeSourcery/bin/../lib/gcc/arm-none-eabi/4.5.1/../../../../arm-none-eabi/lib/thumb/libc.a(lib_a-vfprintf.o)
 *fill*         0x0000e932        0x2 00
 .rodata.str1.4
                0x0000e934       0x10 /opt/CodeSourcery/bin/../lib/gcc/arm-none-eabi/4.5.1/../../../../arm-none-eabi/lib/thumb/libc.a(lib_a-dtoa.o)
                                 0x14 (size before relaxing)
 .rodata.str1.4
                0x0000e944        0x8 /opt/CodeSourcery/bin/../lib/gcc/arm-none-eabi/4.5.1/../../../../arm-none-eabi/lib/thumb/libc.a(lib_a-locale.o)
                                 0x14 (size before relaxing)
 .rodata.str1.4
                0x00000000       0x30 /opt/CodeSourcery/bin/../lib/gcc/arm-none-eabi/4.5.1/../../../../arm-none-eabi/lib/thumb/libc.a(lib_a-svfiprintf.o)
 .rodata.str1.4
                0x00000000       0x30 /opt/CodeSourcery/bin/../lib/gcc/arm-none-eabi/4.5.1/../../../../arm-none-eabi/lib/thumb/libc.a(lib_a-vfiprintf.o)
 *(.gnu.linkonce.r.*)
                0x0000e94c                . = ALIGN (0x4)
                0x0000e94c                . = ALIGN (0x4)

.ctors          0x0000e94c        0x0
                0x0000e94c                PROVIDE (__ctors_start__, .)
 *(SORT(.ctors.*))
 *(.ctors)
                0x0000e94c                . = ALIGN (0x4)
                0x0000e94c                PROVIDE (__ctors_end__, .)
                0x0000e94c                . = ALIGN (0x4)

.dtors          0x0000e94c        0x0
                0x0000e94c                PROVIDE (__dtors_start__, .)
 *(SORT(.dtors.*))
 *(.dtors)
                0x0000e94c                . = ALIGN (0x4)
                0x0000e94c                PROVIDE (__dtors_end__, .)
                0x0000e94c                . = ALIGN (0x4)
                0x0000e94c                . = ALIGN (0x4)

.ARM.extab      0x0000e94c        0x0
 *(.ARM.extab* .gnu.linkonce.armextab.*)
 .ARM.extab     0x0000e94c        0x0 /opt/CodeSourcery/bin/../lib/gcc/arm-none-eabi/4.5.1/thumb/libgcc.a(_divdi3.o)
 .ARM.extab     0x0000e94c        0x0 /opt/CodeSourcery/bin/../lib/gcc/arm-none-eabi/4.5.1/thumb/libgcc.a(_udivdi3.o)
                0x0000e94c                __exidx_start = .

.ARM.exidx      0x0000e94c        0x8
 *(.ARM.exidx* .gnu.linkonce.armexidx.*)
 .ARM.exidx     0x0000e94c        0x8 /opt/CodeSourcery/bin/../lib/gcc/arm-none-eabi/4.5.1/thumb/libgcc.a(_divdi3.o)
 .ARM.exidx     0x0000e954        0x0 /opt/CodeSourcery/bin/../lib/gcc/arm-none-eabi/4.5.1/thumb/libgcc.a(_udivdi3.o)
                                  0x8 (size before relaxing)
                0x0000e954                __exidx_end = .

.eh_frame_hdr
 *(.eh_frame_hdr)

.eh_frame
 *(.eh_frame)
                0x0000e954                . = ALIGN (0x4)
                0x0000e954                __end_of_text__ = .
                0x0000e954                _etext = .
                0x0000e954                PROVIDE (etext, .)

.data           0x40000000      0x8c8 load address 0x0000e954
                0x40000000                _data = .
                0x40000000                __data_beg__ = .
                0x0000e954                __data_beg_src__ = __end_of_text__
 *(.vectmapped)
                0x40000000                . = ALIGN (0x4)
 *(.fastrun)
                0x40000000                . = ALIGN (0x4)
                0x40000000                . = ALIGN (0x4)
 *(.data)
 .data          0x40000000        0x0 ../../Source/portable/GCC/ARM7_LPC23xx/portISR.o
 .data          0x40000000        0x0 ./lib/Common/src/i2c.o
 .data          0x40000000        0x0 ./src/main.o
 .data          0x40000000        0x0 ./lib/Common/src/irq.o
 .data          0x40000000        0x0 ./lib/Common/src/rtc.o
 .data          0x40000000        0x0 ./lib/Common/src/uart.o
 .data          0x40000000        0x0 ./lib/Common/src/fio.o
 .data          0x40000000        0x0 ./lib/Common/src/misc.o
 .data          0x40000000        0x0 ./lib/Common/src/target.o
 .data          0x40000000        0x0 ./lib/Common/src/syscalls.o
 .data          0x40000000        0x0 ../Common/Minimal/BlockQ.o
 .data          0x40000000        0x0 ../Common/Minimal/blocktim.o
 .data          0x40000000        0x0 ../Common/Minimal/integer.o
 .data          0x40000000        0x0 ../Common/Minimal/GenQTest.o
 .data          0x40000000        0x0 ../Common/Minimal/QPeek.o
 .data          0x40000000        0x0 ../Common/Minimal/dynamic.o
 .data          0x40000000        0x0 ../../Source/list.o
 .data          0x40000000        0x0 ../../Source/queue.o
 .data          0x40000000        0x0 ../../Source/tasks.o
 .data          0x40000000        0x0 ../../Source/portable/GCC/ARM7_LPC23xx/port.o
 .data          0x40000000        0x0 ../../Source/portable/MemMang/heap_3.o
 .data          0x40000000        0x0 /tmp/ccnUaf1P.o
 .data          0x40000000        0x0 /opt/CodeSourcery/bin/../lib/gcc/arm-none-eabi/4.5.1/thumb/libgcc.a(_udivsi3.o)
 .data          0x40000000        0x0 /opt/CodeSourcery/bin/../lib/gcc/arm-none-eabi/4.5.1/thumb/libgcc.a(_divsi3.o)
 .data          0x40000000        0x0 /opt/CodeSourcery/bin/../lib/gcc/arm-none-eabi/4.5.1/thumb/libgcc.a(_dvmd_tls.o)
 .data          0x40000000        0x0 /opt/CodeSourcery/bin/../lib/gcc/arm-none-eabi/4.5.1/../../../../arm-none-eabi/lib/thumb/libc.a(lib_a-fflush.o)
 .data          0x40000000        0x0 /opt/CodeSourcery/bin/../lib/gcc/arm-none-eabi/4.5.1/../../../../arm-none-eabi/lib/thumb/libc.a(lib_a-findfp.o)
 .data          0x40000000        0x0 /opt/CodeSourcery/bin/../lib/gcc/arm-none-eabi/4.5.1/../../../../arm-none-eabi/lib/thumb/libc.a(lib_a-freer.o)
 .data          0x40000000        0x0 /opt/CodeSourcery/bin/../lib/gcc/arm-none-eabi/4.5.1/../../../../arm-none-eabi/lib/thumb/libc.a(lib_a-fwalk.o)
 .data          0x40000000      0x430 /opt/CodeSourcery/bin/../lib/gcc/arm-none-eabi/4.5.1/../../../../arm-none-eabi/lib/thumb/libc.a(lib_a-impure.o)
                0x40000000                _impure_ptr
 .data          0x40000430        0x0 /opt/CodeSourcery/bin/../lib/gcc/arm-none-eabi/4.5.1/../../../../arm-none-eabi/lib/thumb/libc.a(lib_a-malloc.o)
 .data          0x40000430      0x410 /opt/CodeSourcery/bin/../lib/gcc/arm-none-eabi/4.5.1/../../../../arm-none-eabi/lib/thumb/libc.a(lib_a-mallocr.o)
                0x40000430                __malloc_av_
                0x40000838                __malloc_sbrk_base
                0x4000083c                __malloc_trim_threshold
 .data          0x40000840        0x0 /opt/CodeSourcery/bin/../lib/gcc/arm-none-eabi/4.5.1/../../../../arm-none-eabi/lib/thumb/libc.a(lib_a-memcpy.o)
 .data          0x40000840        0x0 /opt/CodeSourcery/bin/../lib/gcc/arm-none-eabi/4.5.1/../../../../arm-none-eabi/lib/thumb/libc.a(lib_a-memset.o)
 .data          0x40000840        0x0 /opt/CodeSourcery/bin/../lib/gcc/arm-none-eabi/4.5.1/../../../../arm-none-eabi/lib/thumb/libc.a(lib_a-mlock.o)
 .data          0x40000840        0x0 /opt/CodeSourcery/bin/../lib/gcc/arm-none-eabi/4.5.1/../../../../arm-none-eabi/lib/thumb/libc.a(lib_a-printf.o)
 .data          0x40000840        0x0 /opt/CodeSourcery/bin/../lib/gcc/arm-none-eabi/4.5.1/../../../../arm-none-eabi/lib/thumb/libc.a(lib_a-putchar.o)
 .data          0x40000840        0x0 /opt/CodeSourcery/bin/../lib/gcc/arm-none-eabi/4.5.1/../../../../arm-none-eabi/lib/thumb/libc.a(lib_a-puts.o)
 .data          0x40000840        0x0 /opt/CodeSourcery/bin/../lib/gcc/arm-none-eabi/4.5.1/../../../../arm-none-eabi/lib/thumb/libc.a(lib_a-sprintf.o)
 .data          0x40000840        0x0 /opt/CodeSourcery/bin/../lib/gcc/arm-none-eabi/4.5.1/../../../../arm-none-eabi/lib/thumb/libc.a(lib_a-stdio.o)
 .data          0x40000840        0x0 /opt/CodeSourcery/bin/../lib/gcc/arm-none-eabi/4.5.1/../../../../arm-none-eabi/lib/thumb/libc.a(lib_a-strcat.o)
 .data          0x40000840        0x0 /opt/CodeSourcery/bin/../lib/gcc/arm-none-eabi/4.5.1/../../../../arm-none-eabi/lib/thumb/libc.a(lib_a-strcpy.o)
 .data          0x40000840        0x0 /opt/CodeSourcery/bin/../lib/gcc/arm-none-eabi/4.5.1/../../../../arm-none-eabi/lib/thumb/libc.a(lib_a-strlen.o)
 .data          0x40000840        0x0 /opt/CodeSourcery/bin/../lib/gcc/arm-none-eabi/4.5.1/../../../../arm-none-eabi/lib/thumb/libc.a(lib_a-strncpy.o)
 .data          0x40000840        0x0 /opt/CodeSourcery/bin/../lib/gcc/arm-none-eabi/4.5.1/../../../../arm-none-eabi/lib/thumb/libc.a(lib_a-svfprintf.o)
 .data          0x40000840        0x0 /opt/CodeSourcery/bin/../lib/gcc/arm-none-eabi/4.5.1/../../../../arm-none-eabi/lib/thumb/libc.a(lib_a-vfprintf.o)
 .data          0x40000840        0x0 /opt/CodeSourcery/bin/../lib/gcc/arm-none-eabi/4.5.1/../../../../arm-none-eabi/lib/thumb/libc.a(lib_a-wbuf.o)
 .data          0x40000840        0x0 /opt/CodeSourcery/bin/../lib/gcc/arm-none-eabi/4.5.1/../../../../arm-none-eabi/lib/thumb/libc.a(lib_a-wsetup.o)
 .data          0x40000840        0x0 /opt/CodeSourcery/bin/../lib/gcc/arm-none-eabi/4.5.1/../../../../arm-none-eabi/lib/thumb/libc.a(lib_a-dtoa.o)
 .data          0x40000840        0x0 /opt/CodeSourcery/bin/../lib/gcc/arm-none-eabi/4.5.1/../../../../arm-none-eabi/lib/thumb/libc.a(lib_a-fclose.o)
 .data          0x40000840        0x0 /opt/CodeSourcery/bin/../lib/gcc/arm-none-eabi/4.5.1/../../../../arm-none-eabi/lib/thumb/libc.a(lib_a-fvwrite.o)
 .data          0x40000840       0x7c /opt/CodeSourcery/bin/../lib/gcc/arm-none-eabi/4.5.1/../../../../arm-none-eabi/lib/thumb/libc.a(lib_a-locale.o)
                0x40000860                __mb_cur_max
 .data          0x400008bc        0x0 /opt/CodeSourcery/bin/../lib/gcc/arm-none-eabi/4.5.1/../../../../arm-none-eabi/lib/thumb/libc.a(lib_a-makebuf.o)
 .data          0x400008bc        0x0 /opt/CodeSourcery/bin/../lib/gcc/arm-none-eabi/4.5.1/../../../../arm-none-eabi/lib/thumb/libc.a(lib_a-memchr.o)
 .data          0x400008bc        0x0 /opt/CodeSourcery/bin/../lib/gcc/arm-none-eabi/4.5.1/../../../../arm-none-eabi/lib/thumb/libc.a(lib_a-memmove.o)
 .data          0x400008bc        0x0 /opt/CodeSourcery/bin/../lib/gcc/arm-none-eabi/4.5.1/../../../../arm-none-eabi/lib/thumb/libc.a(lib_a-mprec.o)
 .data          0x400008bc        0x0 /opt/CodeSourcery/bin/../lib/gcc/arm-none-eabi/4.5.1/../../../../arm-none-eabi/lib/thumb/libc.a(lib_a-putc.o)
 .data          0x400008bc        0x0 /opt/CodeSourcery/bin/../lib/gcc/arm-none-eabi/4.5.1/../../../../arm-none-eabi/lib/thumb/libc.a(lib_a-reallocr.o)
 .data          0x400008bc        0x0 /opt/CodeSourcery/bin/../lib/gcc/arm-none-eabi/4.5.1/../../../../arm-none-eabi/lib/thumb/libc.a(lib_a-s_fpclassify.o)
 .data          0x400008bc        0x0 /opt/CodeSourcery/bin/../lib/gcc/arm-none-eabi/4.5.1/../../../../arm-none-eabi/lib/thumb/libc.a(lib_a-strcmp.o)
 .data          0x400008bc        0x0 /opt/CodeSourcery/bin/../lib/gcc/arm-none-eabi/4.5.1/../../../../arm-none-eabi/lib/thumb/libc.a(lib_a-svfiprintf.o)
 .data          0x400008bc        0x0 /opt/CodeSourcery/bin/../lib/gcc/arm-none-eabi/4.5.1/../../../../arm-none-eabi/lib/thumb/libc.a(lib_a-vfiprintf.o)
 .data          0x400008bc        0x0 /opt/CodeSourcery/bin/../lib/gcc/arm-none-eabi/4.5.1/../../../../arm-none-eabi/lib/thumb/libc.a(lib_a-callocr.o)
 .data          0x400008bc        0x0 /opt/CodeSourcery/bin/../lib/gcc/arm-none-eabi/4.5.1/../../../../arm-none-eabi/lib/thumb/libc.a(lib_a-fputwc.o)
 .data          0x400008bc        0x0 /opt/CodeSourcery/bin/../lib/gcc/arm-none-eabi/4.5.1/../../../../arm-none-eabi/lib/thumb/libc.a(lib_a-isattyr.o)
 .data          0x400008bc        0x0 /opt/CodeSourcery/bin/../lib/gcc/arm-none-eabi/4.5.1/../../../../arm-none-eabi/lib/thumb/libc.a(lib_a-reent.o)
 .data          0x400008bc        0x0 /opt/CodeSourcery/bin/../lib/gcc/arm-none-eabi/4.5.1/../../../../arm-none-eabi/lib/thumb/libc.a(lib_a-wcrtomb.o)
 .data          0x400008bc        0x4 /opt/CodeSourcery/bin/../lib/gcc/arm-none-eabi/4.5.1/../../../../arm-none-eabi/lib/thumb/libc.a(lib_a-wctomb_r.o)
                0x400008bc                __wctomb
 .data          0x400008c0        0x0 /opt/CodeSourcery/bin/../lib/gcc/arm-none-eabi/4.5.1/thumb/libgcc.a(_arm_addsubdf3.o)
 .data          0x400008c0        0x0 /opt/CodeSourcery/bin/../lib/gcc/arm-none-eabi/4.5.1/thumb/libgcc.a(_arm_muldivdf3.o)
 .data          0x400008c0        0x0 /opt/CodeSourcery/bin/../lib/gcc/arm-none-eabi/4.5.1/thumb/libgcc.a(_arm_cmpdf2.o)
 .data          0x400008c0        0x0 /opt/CodeSourcery/bin/../lib/gcc/arm-none-eabi/4.5.1/thumb/libgcc.a(_arm_fixdfsi.o)
 .data          0x400008c0        0x0 /opt/CodeSourcery/bin/../lib/gcc/arm-none-eabi/4.5.1/thumb/libgcc.a(_aeabi_uldivmod.o)
 .data          0x400008c0        0x0 /opt/CodeSourcery/bin/../lib/gcc/arm-none-eabi/4.5.1/thumb/libgcc.a(bpabi.o)
 .data          0x400008c0        0x0 /opt/CodeSourcery/bin/../lib/gcc/arm-none-eabi/4.5.1/thumb/libgcc.a(_muldi3.o)
 .data          0x400008c0        0x0 /opt/CodeSourcery/bin/../lib/gcc/arm-none-eabi/4.5.1/thumb/libgcc.a(_divdi3.o)
 .data          0x400008c0        0x0 /opt/CodeSourcery/bin/../lib/gcc/arm-none-eabi/4.5.1/thumb/libgcc.a(_udivdi3.o)
 .data          0x400008c0        0x0 /opt/CodeSourcery/bin/../lib/gcc/arm-none-eabi/4.5.1/thumb/libgcc.a(_clzsi2.o)
 *(.data.*)
 .data.ulCriticalNesting
                0x400008c0        0x4 ../../Source/portable/GCC/ARM7_LPC23xx/portISR.o
                0x400008c0                ulCriticalNesting
 .data.uxPreviousTask
                0x400008c4        0x4 ../../Source/tasks.o
 *(.gnu.linkonce.d*)
                0x400008c8                . = ALIGN (0x4)
                0x400008c8                . = ALIGN (0x4)
                0x400008c8                __data_end__ = .
                0x400008c8                _edata = .
                0x400008c8                PROVIDE (edata, .)

.bss            0x400008c8      0x2cc load address 0x0000f21c
                0x400008c8                __bss_start = .
                0x400008c8                _bss_start = .
                0x400008c8                __bss_beg__ = .
                0x400008c8                PROVIDE (_bss_start, .)
                0x400008c8                __bss_start__ = .
 *(.bss)
 .bss           0x400008c8        0x0 ../../Source/portable/GCC/ARM7_LPC23xx/portISR.o
 .bss           0x400008c8        0x0 ./lib/Common/src/i2c.o
 .bss           0x400008c8        0x0 ./src/main.o
 .bss           0x400008c8        0x0 ./lib/Common/src/irq.o
 .bss           0x400008c8        0x0 ./lib/Common/src/rtc.o
 .bss           0x400008c8        0x0 ./lib/Common/src/uart.o
 .bss           0x400008c8        0x0 ./lib/Common/src/fio.o
 .bss           0x400008c8        0x0 ./lib/Common/src/misc.o
 .bss           0x400008c8        0x0 ./lib/Common/src/target.o
 .bss           0x400008c8        0x0 ./lib/Common/src/syscalls.o
 .bss           0x400008c8        0x0 ../Common/Minimal/BlockQ.o
 .bss           0x400008c8        0x0 ../Common/Minimal/blocktim.o
 .bss           0x400008c8        0x0 ../Common/Minimal/integer.o
 .bss           0x400008c8        0x0 ../Common/Minimal/GenQTest.o
 .bss           0x400008c8        0x0 ../Common/Minimal/QPeek.o
 .bss           0x400008c8        0x0 ../Common/Minimal/dynamic.o
 .bss           0x400008c8        0x0 ../../Source/list.o
 .bss           0x400008c8        0x0 ../../Source/queue.o
 .bss           0x400008c8        0x0 ../../Source/tasks.o
 .bss           0x400008c8        0x0 ../../Source/portable/GCC/ARM7_LPC23xx/port.o
 .bss           0x400008c8        0x0 ../../Source/portable/MemMang/heap_3.o
 .bss           0x400008c8        0x0 /tmp/ccnUaf1P.o
 .bss           0x400008c8        0x0 /opt/CodeSourcery/bin/../lib/gcc/arm-none-eabi/4.5.1/thumb/libgcc.a(_udivsi3.o)
 .bss           0x400008c8        0x0 /opt/CodeSourcery/bin/../lib/gcc/arm-none-eabi/4.5.1/thumb/libgcc.a(_divsi3.o)
 .bss           0x400008c8        0x0 /opt/CodeSourcery/bin/../lib/gcc/arm-none-eabi/4.5.1/thumb/libgcc.a(_dvmd_tls.o)
 .bss           0x400008c8        0x0 /opt/CodeSourcery/bin/../lib/gcc/arm-none-eabi/4.5.1/../../../../arm-none-eabi/lib/thumb/libc.a(lib_a-fflush.o)
 .bss           0x400008c8        0x0 /opt/CodeSourcery/bin/../lib/gcc/arm-none-eabi/4.5.1/../../../../arm-none-eabi/lib/thumb/libc.a(lib_a-findfp.o)
 .bss           0x400008c8        0x0 /opt/CodeSourcery/bin/../lib/gcc/arm-none-eabi/4.5.1/../../../../arm-none-eabi/lib/thumb/libc.a(lib_a-freer.o)
 .bss           0x400008c8        0x0 /opt/CodeSourcery/bin/../lib/gcc/arm-none-eabi/4.5.1/../../../../arm-none-eabi/lib/thumb/libc.a(lib_a-fwalk.o)
 .bss           0x400008c8        0x0 /opt/CodeSourcery/bin/../lib/gcc/arm-none-eabi/4.5.1/../../../../arm-none-eabi/lib/thumb/libc.a(lib_a-impure.o)
 .bss           0x400008c8        0x0 /opt/CodeSourcery/bin/../lib/gcc/arm-none-eabi/4.5.1/../../../../arm-none-eabi/lib/thumb/libc.a(lib_a-malloc.o)
 .bss           0x400008c8       0x34 /opt/CodeSourcery/bin/../lib/gcc/arm-none-eabi/4.5.1/../../../../arm-none-eabi/lib/thumb/libc.a(lib_a-mallocr.o)
                0x400008c8                __malloc_top_pad
                0x400008cc                __malloc_current_mallinfo
                0x400008f4                __malloc_max_sbrked_mem
                0x400008f8                __malloc_max_total_mem
 .bss           0x400008fc        0x0 /opt/CodeSourcery/bin/../lib/gcc/arm-none-eabi/4.5.1/../../../../arm-none-eabi/lib/thumb/libc.a(lib_a-memcpy.o)
 .bss           0x400008fc        0x0 /opt/CodeSourcery/bin/../lib/gcc/arm-none-eabi/4.5.1/../../../../arm-none-eabi/lib/thumb/libc.a(lib_a-memset.o)
 .bss           0x400008fc        0x0 /opt/CodeSourcery/bin/../lib/gcc/arm-none-eabi/4.5.1/../../../../arm-none-eabi/lib/thumb/libc.a(lib_a-mlock.o)
 .bss           0x400008fc        0x0 /opt/CodeSourcery/bin/../lib/gcc/arm-none-eabi/4.5.1/../../../../arm-none-eabi/lib/thumb/libc.a(lib_a-printf.o)
 .bss           0x400008fc        0x0 /opt/CodeSourcery/bin/../lib/gcc/arm-none-eabi/4.5.1/../../../../arm-none-eabi/lib/thumb/libc.a(lib_a-putchar.o)
 .bss           0x400008fc        0x0 /opt/CodeSourcery/bin/../lib/gcc/arm-none-eabi/4.5.1/../../../../arm-none-eabi/lib/thumb/libc.a(lib_a-puts.o)
 .bss           0x400008fc        0x0 /opt/CodeSourcery/bin/../lib/gcc/arm-none-eabi/4.5.1/../../../../arm-none-eabi/lib/thumb/libc.a(lib_a-sprintf.o)
 .bss           0x400008fc        0x0 /opt/CodeSourcery/bin/../lib/gcc/arm-none-eabi/4.5.1/../../../../arm-none-eabi/lib/thumb/libc.a(lib_a-stdio.o)
 .bss           0x400008fc        0x0 /opt/CodeSourcery/bin/../lib/gcc/arm-none-eabi/4.5.1/../../../../arm-none-eabi/lib/thumb/libc.a(lib_a-strcat.o)
 .bss           0x400008fc        0x0 /opt/CodeSourcery/bin/../lib/gcc/arm-none-eabi/4.5.1/../../../../arm-none-eabi/lib/thumb/libc.a(lib_a-strcpy.o)
 .bss           0x400008fc        0x0 /opt/CodeSourcery/bin/../lib/gcc/arm-none-eabi/4.5.1/../../../../arm-none-eabi/lib/thumb/libc.a(lib_a-strlen.o)
 .bss           0x400008fc        0x0 /opt/CodeSourcery/bin/../lib/gcc/arm-none-eabi/4.5.1/../../../../arm-none-eabi/lib/thumb/libc.a(lib_a-strncpy.o)
 .bss           0x400008fc        0x0 /opt/CodeSourcery/bin/../lib/gcc/arm-none-eabi/4.5.1/../../../../arm-none-eabi/lib/thumb/libc.a(lib_a-svfprintf.o)
 .bss           0x400008fc        0x0 /opt/CodeSourcery/bin/../lib/gcc/arm-none-eabi/4.5.1/../../../../arm-none-eabi/lib/thumb/libc.a(lib_a-vfprintf.o)
 .bss           0x400008fc        0x0 /opt/CodeSourcery/bin/../lib/gcc/arm-none-eabi/4.5.1/../../../../arm-none-eabi/lib/thumb/libc.a(lib_a-wbuf.o)
 .bss           0x400008fc        0x0 /opt/CodeSourcery/bin/../lib/gcc/arm-none-eabi/4.5.1/../../../../arm-none-eabi/lib/thumb/libc.a(lib_a-wsetup.o)
 .bss           0x400008fc        0x0 /opt/CodeSourcery/bin/../lib/gcc/arm-none-eabi/4.5.1/../../../../arm-none-eabi/lib/thumb/libc.a(lib_a-dtoa.o)
 .bss           0x400008fc        0x0 /opt/CodeSourcery/bin/../lib/gcc/arm-none-eabi/4.5.1/../../../../arm-none-eabi/lib/thumb/libc.a(lib_a-fclose.o)
 .bss           0x400008fc        0x0 /opt/CodeSourcery/bin/../lib/gcc/arm-none-eabi/4.5.1/../../../../arm-none-eabi/lib/thumb/libc.a(lib_a-fvwrite.o)
 .bss           0x400008fc        0xc /opt/CodeSourcery/bin/../lib/gcc/arm-none-eabi/4.5.1/../../../../arm-none-eabi/lib/thumb/libc.a(lib_a-locale.o)
                0x400008fc                __nlocale_changed
                0x40000900                __mlocale_changed
                0x40000904                _PathLocale
 .bss           0x40000908        0x0 /opt/CodeSourcery/bin/../lib/gcc/arm-none-eabi/4.5.1/../../../../arm-none-eabi/lib/thumb/libc.a(lib_a-makebuf.o)
 .bss           0x40000908        0x0 /opt/CodeSourcery/bin/../lib/gcc/arm-none-eabi/4.5.1/../../../../arm-none-eabi/lib/thumb/libc.a(lib_a-memchr.o)
 .bss           0x40000908        0x0 /opt/CodeSourcery/bin/../lib/gcc/arm-none-eabi/4.5.1/../../../../arm-none-eabi/lib/thumb/libc.a(lib_a-memmove.o)
 .bss           0x40000908        0x0 /opt/CodeSourcery/bin/../lib/gcc/arm-none-eabi/4.5.1/../../../../arm-none-eabi/lib/thumb/libc.a(lib_a-mprec.o)
 .bss           0x40000908        0x0 /opt/CodeSourcery/bin/../lib/gcc/arm-none-eabi/4.5.1/../../../../arm-none-eabi/lib/thumb/libc.a(lib_a-putc.o)
 .bss           0x40000908        0x0 /opt/CodeSourcery/bin/../lib/gcc/arm-none-eabi/4.5.1/../../../../arm-none-eabi/lib/thumb/libc.a(lib_a-reallocr.o)
 .bss           0x40000908        0x0 /opt/CodeSourcery/bin/../lib/gcc/arm-none-eabi/4.5.1/../../../../arm-none-eabi/lib/thumb/libc.a(lib_a-s_fpclassify.o)
 .bss           0x40000908        0x0 /opt/CodeSourcery/bin/../lib/gcc/arm-none-eabi/4.5.1/../../../../arm-none-eabi/lib/thumb/libc.a(lib_a-strcmp.o)
 .bss           0x40000908        0x0 /opt/CodeSourcery/bin/../lib/gcc/arm-none-eabi/4.5.1/../../../../arm-none-eabi/lib/thumb/libc.a(lib_a-svfiprintf.o)
 .bss           0x40000908        0x0 /opt/CodeSourcery/bin/../lib/gcc/arm-none-eabi/4.5.1/../../../../arm-none-eabi/lib/thumb/libc.a(lib_a-vfiprintf.o)
 .bss           0x40000908        0x0 /opt/CodeSourcery/bin/../lib/gcc/arm-none-eabi/4.5.1/../../../../arm-none-eabi/lib/thumb/libc.a(lib_a-callocr.o)
 .bss           0x40000908        0x0 /opt/CodeSourcery/bin/../lib/gcc/arm-none-eabi/4.5.1/../../../../arm-none-eabi/lib/thumb/libc.a(lib_a-fputwc.o)
 .bss           0x40000908        0x0 /opt/CodeSourcery/bin/../lib/gcc/arm-none-eabi/4.5.1/../../../../arm-none-eabi/lib/thumb/libc.a(lib_a-isattyr.o)
 .bss           0x40000908        0x0 /opt/CodeSourcery/bin/../lib/gcc/arm-none-eabi/4.5.1/../../../../arm-none-eabi/lib/thumb/libc.a(lib_a-reent.o)
 .bss           0x40000908        0x0 /opt/CodeSourcery/bin/../lib/gcc/arm-none-eabi/4.5.1/../../../../arm-none-eabi/lib/thumb/libc.a(lib_a-wcrtomb.o)
 .bss           0x40000908        0x0 /opt/CodeSourcery/bin/../lib/gcc/arm-none-eabi/4.5.1/../../../../arm-none-eabi/lib/thumb/libc.a(lib_a-wctomb_r.o)
 .bss           0x40000908        0x0 /opt/CodeSourcery/bin/../lib/gcc/arm-none-eabi/4.5.1/thumb/libgcc.a(_arm_addsubdf3.o)
 .bss           0x40000908        0x0 /opt/CodeSourcery/bin/../lib/gcc/arm-none-eabi/4.5.1/thumb/libgcc.a(_arm_muldivdf3.o)
 .bss           0x40000908        0x0 /opt/CodeSourcery/bin/../lib/gcc/arm-none-eabi/4.5.1/thumb/libgcc.a(_arm_cmpdf2.o)
 .bss           0x40000908        0x0 /opt/CodeSourcery/bin/../lib/gcc/arm-none-eabi/4.5.1/thumb/libgcc.a(_arm_fixdfsi.o)
 .bss           0x40000908        0x0 /opt/CodeSourcery/bin/../lib/gcc/arm-none-eabi/4.5.1/thumb/libgcc.a(_aeabi_uldivmod.o)
 .bss           0x40000908        0x0 /opt/CodeSourcery/bin/../lib/gcc/arm-none-eabi/4.5.1/thumb/libgcc.a(bpabi.o)
 .bss           0x40000908        0x0 /opt/CodeSourcery/bin/../lib/gcc/arm-none-eabi/4.5.1/thumb/libgcc.a(_muldi3.o)
 .bss           0x40000908        0x0 /opt/CodeSourcery/bin/../lib/gcc/arm-none-eabi/4.5.1/thumb/libgcc.a(_divdi3.o)
 .bss           0x40000908        0x0 /opt/CodeSourcery/bin/../lib/gcc/arm-none-eabi/4.5.1/thumb/libgcc.a(_udivdi3.o)
 .bss           0x40000908        0x0 /opt/CodeSourcery/bin/../lib/gcc/arm-none-eabi/4.5.1/thumb/libgcc.a(_clzsi2.o)
 *(.bss.*)
 .bss.white     0x40000908        0x4 ./src/main.o
                0x40000908                white
 .bss.right     0x4000090c        0x4 ./src/main.o
                0x4000090c                right
 .bss.res       0x40000910       0x14 ./src/main.o
                0x40000910                res
 .bss.i2cErr    0x40000924        0x4 ./src/main.o
                0x40000924                i2cErr
 .bss.i2cbuff   0x40000928       0x18 ./src/main.o
                0x40000928                i2cbuff
 .bss.left      0x40000940        0x4 ./src/main.o
                0x40000940                left
 .bss.Mutex     0x40000944        0x4 ./src/main.o
                0x40000944                Mutex
 .bss.black     0x40000948        0x4 ./src/main.o
                0x40000948                black
 .bss.current_time
                0x4000094c       0x20 ./lib/Common/src/rtc.o
                0x4000094c                current_time
 .bss.alarm_time
                0x4000096c       0x20 ./lib/Common/src/rtc.o
                0x4000096c                alarm_time
 .bss.local_time
                0x4000098c       0x20 ./lib/Common/src/rtc.o
                0x4000098c                local_time
 .bss.__exidx_end
                0x400009ac        0x4 ./lib/Common/src/syscalls.o
 .bss.__exidx_start
                0x400009b0        0x4 ./lib/Common/src/syscalls.o
 .bss.heap_ptr  0x400009b4        0x4 ./lib/Common/src/syscalls.o
 .bss.sBlockingProducerCount
                0x400009b8        0x8 ../Common/Minimal/BlockQ.o
 .bss.sLastBlockingProducerCount.2848
                0x400009c0        0x8 ../Common/Minimal/BlockQ.o
 .bss.sBlockingConsumerCount
                0x400009c8        0x8 ../Common/Minimal/BlockQ.o
 .bss.sLastBlockingConsumerCount.2847
                0x400009d0        0x8 ../Common/Minimal/BlockQ.o
 .bss.xLastSecondaryCycleCount.2463
                0x400009d8        0x4 ../Common/Minimal/blocktim.o
 .bss.xPrimaryCycles
                0x400009dc        0x4 ../Common/Minimal/blocktim.o
 .bss.xRunIndicator
                0x400009e0        0x4 ../Common/Minimal/blocktim.o
 .bss.xSecondary
                0x400009e4        0x4 ../Common/Minimal/blocktim.o
 .bss.xTestQueue
                0x400009e8        0x4 ../Common/Minimal/blocktim.o
 .bss.xErrorOccurred
                0x400009ec        0x4 ../Common/Minimal/blocktim.o
 .bss.xLastPrimaryCycleCount.2462
                0x400009f0        0x4 ../Common/Minimal/blocktim.o
 .bss.xSecondaryCycles
                0x400009f4        0x4 ../Common/Minimal/blocktim.o
 .bss.xTaskCheck
                0x400009f8        0x4 ../Common/Minimal/integer.o
 .bss.ulLoopCounter2
                0x400009fc        0x4 ../Common/Minimal/GenQTest.o
 .bss.xHighPriorityMutexTask
                0x40000a00        0x4 ../Common/Minimal/GenQTest.o
 .bss.ulLastLoopCounter2.2862
                0x40000a04        0x4 ../Common/Minimal/GenQTest.o
 .bss.ulLastLoopCounter.2861
                0x40000a08        0x4 ../Common/Minimal/GenQTest.o
 .bss.ulGuardedVariable
                0x40000a0c        0x4 ../Common/Minimal/GenQTest.o
 .bss.xMediumPriorityMutexTask
                0x40000a10        0x4 ../Common/Minimal/GenQTest.o
 .bss.xErrorDetected
                0x40000a14        0x4 ../Common/Minimal/GenQTest.o
 .bss.ulLoopCounter
                0x40000a18        0x4 ../Common/Minimal/GenQTest.o
 .bss.ulLastLoopCounter.2850
                0x40000a1c        0x4 ../Common/Minimal/QPeek.o
 .bss.xHighestPriorityTask
                0x40000a20        0x4 ../Common/Minimal/QPeek.o
                0x40000a20                xHighestPriorityTask
 .bss.xHighPriorityTask
                0x40000a24        0x4 ../Common/Minimal/QPeek.o
                0x40000a24                xHighPriorityTask
 .bss.xErrorDetected
                0x40000a28        0x4 ../Common/Minimal/QPeek.o
 .bss.ulLoopCounter
                0x40000a2c        0x4 ../Common/Minimal/QPeek.o
 .bss.xMediumPriorityTask
                0x40000a30        0x4 ../Common/Minimal/QPeek.o
                0x40000a30                xMediumPriorityTask
 .bss.xSuspendedTestQueue
                0x40000a34        0x4 ../Common/Minimal/dynamic.o
                0x40000a34                xSuspendedTestQueue
 .bss.usCheckVariable
                0x40000a38        0x2 ../Common/Minimal/dynamic.o
 *fill*         0x40000a3a        0x2 00
 .bss.ulReceivedValue.2856
                0x40000a3c        0x4 ../Common/Minimal/dynamic.o
 .bss.xLimitedIncrementHandle
                0x40000a40        0x4 ../Common/Minimal/dynamic.o
 .bss.ulExpectedValue.2855
                0x40000a44        0x4 ../Common/Minimal/dynamic.o
 .bss.xSuspendedQueueSendError
                0x40000a48        0x4 ../Common/Minimal/dynamic.o
 .bss.usLastTaskCheck.2864
                0x40000a4c        0x2 ../Common/Minimal/dynamic.o
 *fill*         0x40000a4e        0x2 00
 .bss.ulCounter
                0x40000a50        0x4 ../Common/Minimal/dynamic.o
 .bss.xSuspendedQueueReceiveError
                0x40000a54        0x4 ../Common/Minimal/dynamic.o
 .bss.xContinousIncrementHandle
                0x40000a58        0x4 ../Common/Minimal/dynamic.o
 .bss.ulValueToSend.2850
                0x40000a5c        0x4 ../Common/Minimal/dynamic.o
 .bss.uxTopReadyPriority
                0x40000a60        0x4 ../../Source/tasks.o
 .bss.uxTasksDeleted
                0x40000a64        0x4 ../../Source/tasks.o
 .bss.xTickCount
                0x40000a68        0x4 ../../Source/tasks.o
 .bss.pxReadyTasksLists
                0x40000a6c       0x50 ../../Source/tasks.o
 .bss.pxOverflowDelayedTaskList
                0x40000abc        0x4 ../../Source/tasks.o
 .bss.xTasksWaitingTermination
                0x40000ac0       0x14 ../../Source/tasks.o
 .bss.xTracing  0x40000ad4        0x4 ../../Source/tasks.o
 .bss.pxDelayedTaskList
                0x40000ad8        0x4 ../../Source/tasks.o
 .bss.xPendingReadyList
                0x40000adc       0x14 ../../Source/tasks.o
 .bss.xSchedulerRunning
                0x40000af0        0x4 ../../Source/tasks.o
 .bss.xMissedYield
                0x40000af4        0x4 ../../Source/tasks.o
 .bss.uxTaskNumber
                0x40000af8        0x4 ../../Source/tasks.o
 .bss.pcTraceBuffer
                0x40000afc        0x4 ../../Source/tasks.o
 .bss.pxCurrentTCB
                0x40000b00        0x4 ../../Source/tasks.o
                0x40000b00                pxCurrentTCB
 .bss.pcStatusString
                0x40000b04       0x34 ../../Source/tasks.o
 .bss.xSuspendedTaskList
                0x40000b38       0x14 ../../Source/tasks.o
 .bss.uxCurrentNumberOfTasks
                0x40000b4c        0x4 ../../Source/tasks.o
 .bss.xDelayedTaskList1
                0x40000b50       0x14 ../../Source/tasks.o
 .bss.xDelayedTaskList2
                0x40000b64       0x14 ../../Source/tasks.o
 .bss.uxSchedulerSuspended
                0x40000b78        0x4 ../../Source/tasks.o
 .bss.uxMissedTicks
                0x40000b7c        0x4 ../../Source/tasks.o
 .bss.pcTraceBufferStart
                0x40000b80        0x4 ../../Source/tasks.o
 .bss.pcTraceBufferEnd
                0x40000b84        0x4 ../../Source/tasks.o
 .bss.xNumOfOverflows
                0x40000b88        0x4 ../../Source/tasks.o
 .bss.uxTopUsedPriority
                0x40000b8c        0x4 ../../Source/tasks.o
 *(.gnu.linkonce.b*)
 *(COMMON)
 COMMON         0x40000b90        0x4 /opt/CodeSourcery/bin/../lib/gcc/arm-none-eabi/4.5.1/../../../../arm-none-eabi/lib/thumb/libc.a(lib_a-reent.o)
                0x40000b90                errno
                0x40000b94                . = ALIGN (0x4)
                0x40000b94                . = ALIGN (0x4)
                0x40000b94                __bss_end__ = .
                0x40000b94                PROVIDE (__bss_end, .)
                0x40000b94                _bss_end = .
                0x40000b94                PROVIDE (_bss_end, .)
                0x40000b94                __end__ = .
                0x40000b94                . = ALIGN (0x4)

.heap           0x40000b94        0x0
                0x40000b94                _end = .
                0x40000b94                PROVIDE (_end, .)
                0x40000b94                PROVIDE (end, .)
                0x40000b94                PROVIDE (_heap, .)
 *(.heap)
 *(.heap*)
 *(.HEAP)
                0x40000b94                . = ALIGN (0x4)
                0x40000b94                . = ALIGN (0x4)
                0x40000b94                _heap_end = .
                0x40000b94                PROVIDE (_heap_end, .)

.stack          0x40000b94        0x0
                0x40000b94                _stack_top = .
                0x40000b94                PROVIDE (_stack_top, .)
 *(.stack)
 *(.STACK)
                0x40000b94                _stack = .
                0x40000b94                PROVIDE (_stack, .)
                0x40000b94                . = ALIGN (0x4)

.usbram         0x7fd00000        0x0
                0x7fd00000                __usbram_start = .
                0x7fd00000                __usbram_start__ = .
 *(.usbram)
                0x7fd00000                . = ALIGN (0x4)

.etherram       0x7fe00000        0x0
                0x7fe00000                __etherram_start = .
                0x7fe00000                __etherram_start__ = .
 *(.etherram)
                0x7fe00000                . = ALIGN (0x4)

.batteryram     0xe0084000        0x0
                0xe0084000                __batteryram_start = .
                0xe0084000                __batteryram_start__ = .
 *(.batteryram)
                0xe0084000                . = ALIGN (0x4)

.stab
 *(.stab)

.stabstr
 *(.stabstr)

.stab.excl
 *(.stab.excl)

.stab.exclstr
 *(.stab.exclstr)

.stab.index
 *(.stab.index)

.stab.indexstr
 *(.stab.indexstr)

.ARM.attributes
                0x00000000       0x32
 .ARM.attributes
                0x00000000       0x34 ../../Source/portable/GCC/ARM7_LPC23xx/portISR.o
 .ARM.attributes
                0x00000034       0x34 ./lib/Common/src/i2c.o
 .ARM.attributes
                0x00000068       0x34 ./src/main.o
 .ARM.attributes
                0x0000009c       0x34 ./lib/Common/src/irq.o
 .ARM.attributes
                0x000000d0       0x34 ./lib/Common/src/rtc.o
 .ARM.attributes
                0x00000104       0x34 ./lib/Common/src/uart.o
 .ARM.attributes
                0x00000138       0x34 ./lib/Common/src/fio.o
 .ARM.attributes
                0x0000016c       0x34 ./lib/Common/src/misc.o
 .ARM.attributes
                0x000001a0       0x34 ./lib/Common/src/target.o
 .ARM.attributes
                0x000001d4       0x34 ./lib/Common/src/syscalls.o
 .ARM.attributes
                0x00000208       0x34 ../Common/Minimal/BlockQ.o
 .ARM.attributes
                0x0000023c       0x34 ../Common/Minimal/blocktim.o
 .ARM.attributes
                0x00000270       0x34 ../Common/Minimal/integer.o
 .ARM.attributes
                0x000002a4       0x34 ../Common/Minimal/GenQTest.o
 .ARM.attributes
                0x000002d8       0x34 ../Common/Minimal/QPeek.o
 .ARM.attributes
                0x0000030c       0x34 ../Common/Minimal/dynamic.o
 .ARM.attributes
                0x00000340       0x34 ../../Source/list.o
 .ARM.attributes
                0x00000374       0x34 ../../Source/queue.o
 .ARM.attributes
                0x000003a8       0x34 ../../Source/tasks.o
 .ARM.attributes
                0x000003dc       0x34 ../../Source/portable/GCC/ARM7_LPC23xx/port.o
 .ARM.attributes
                0x00000410       0x34 ../../Source/portable/MemMang/heap_3.o
 .ARM.attributes
                0x00000444       0x24 /tmp/ccnUaf1P.o
 .ARM.attributes
                0x00000468       0x1a /opt/CodeSourcery/bin/../lib/gcc/arm-none-eabi/4.5.1/thumb/libgcc.a(_udivsi3.o)
 .ARM.attributes
                0x00000482       0x1a /opt/CodeSourcery/bin/../lib/gcc/arm-none-eabi/4.5.1/thumb/libgcc.a(_divsi3.o)
 .ARM.attributes
                0x0000049c       0x18 /opt/CodeSourcery/bin/../lib/gcc/arm-none-eabi/4.5.1/thumb/libgcc.a(_dvmd_tls.o)
 .ARM.attributes
                0x000004b4       0x34 /opt/CodeSourcery/bin/../lib/gcc/arm-none-eabi/4.5.1/../../../../arm-none-eabi/lib/thumb/libc.a(lib_a-fflush.o)
 .ARM.attributes
                0x000004e8       0x34 /opt/CodeSourcery/bin/../lib/gcc/arm-none-eabi/4.5.1/../../../../arm-none-eabi/lib/thumb/libc.a(lib_a-findfp.o)
 .ARM.attributes
                0x0000051c       0x34 /opt/CodeSourcery/bin/../lib/gcc/arm-none-eabi/4.5.1/../../../../arm-none-eabi/lib/thumb/libc.a(lib_a-freer.o)
 .ARM.attributes
                0x00000550       0x34 /opt/CodeSourcery/bin/../lib/gcc/arm-none-eabi/4.5.1/../../../../arm-none-eabi/lib/thumb/libc.a(lib_a-fwalk.o)
 .ARM.attributes
                0x00000584       0x34 /opt/CodeSourcery/bin/../lib/gcc/arm-none-eabi/4.5.1/../../../../arm-none-eabi/lib/thumb/libc.a(lib_a-impure.o)
 .ARM.attributes
                0x000005b8       0x34 /opt/CodeSourcery/bin/../lib/gcc/arm-none-eabi/4.5.1/../../../../arm-none-eabi/lib/thumb/libc.a(lib_a-malloc.o)
 .ARM.attributes
                0x000005ec       0x34 /opt/CodeSourcery/bin/../lib/gcc/arm-none-eabi/4.5.1/../../../../arm-none-eabi/lib/thumb/libc.a(lib_a-mallocr.o)
 .ARM.attributes
                0x00000620       0x34 /opt/CodeSourcery/bin/../lib/gcc/arm-none-eabi/4.5.1/../../../../arm-none-eabi/lib/thumb/libc.a(lib_a-memcpy.o)
 .ARM.attributes
                0x00000654       0x34 /opt/CodeSourcery/bin/../lib/gcc/arm-none-eabi/4.5.1/../../../../arm-none-eabi/lib/thumb/libc.a(lib_a-memset.o)
 .ARM.attributes
                0x00000688       0x34 /opt/CodeSourcery/bin/../lib/gcc/arm-none-eabi/4.5.1/../../../../arm-none-eabi/lib/thumb/libc.a(lib_a-mlock.o)
 .ARM.attributes
                0x000006bc       0x34 /opt/CodeSourcery/bin/../lib/gcc/arm-none-eabi/4.5.1/../../../../arm-none-eabi/lib/thumb/libc.a(lib_a-printf.o)
 .ARM.attributes
                0x000006f0       0x34 /opt/CodeSourcery/bin/../lib/gcc/arm-none-eabi/4.5.1/../../../../arm-none-eabi/lib/thumb/libc.a(lib_a-putchar.o)
 .ARM.attributes
                0x00000724       0x34 /opt/CodeSourcery/bin/../lib/gcc/arm-none-eabi/4.5.1/../../../../arm-none-eabi/lib/thumb/libc.a(lib_a-puts.o)
 .ARM.attributes
                0x00000758       0x34 /opt/CodeSourcery/bin/../lib/gcc/arm-none-eabi/4.5.1/../../../../arm-none-eabi/lib/thumb/libc.a(lib_a-sprintf.o)
 .ARM.attributes
                0x0000078c       0x34 /opt/CodeSourcery/bin/../lib/gcc/arm-none-eabi/4.5.1/../../../../arm-none-eabi/lib/thumb/libc.a(lib_a-stdio.o)
 .ARM.attributes
                0x000007c0       0x34 /opt/CodeSourcery/bin/../lib/gcc/arm-none-eabi/4.5.1/../../../../arm-none-eabi/lib/thumb/libc.a(lib_a-strcat.o)
 .ARM.attributes
                0x000007f4       0x34 /opt/CodeSourcery/bin/../lib/gcc/arm-none-eabi/4.5.1/../../../../arm-none-eabi/lib/thumb/libc.a(lib_a-strcpy.o)
 .ARM.attributes
                0x00000828       0x34 /opt/CodeSourcery/bin/../lib/gcc/arm-none-eabi/4.5.1/../../../../arm-none-eabi/lib/thumb/libc.a(lib_a-strlen.o)
 .ARM.attributes
                0x0000085c       0x34 /opt/CodeSourcery/bin/../lib/gcc/arm-none-eabi/4.5.1/../../../../arm-none-eabi/lib/thumb/libc.a(lib_a-strncpy.o)
 .ARM.attributes
                0x00000890       0x34 /opt/CodeSourcery/bin/../lib/gcc/arm-none-eabi/4.5.1/../../../../arm-none-eabi/lib/thumb/libc.a(lib_a-svfprintf.o)
 .ARM.attributes
                0x000008c4       0x34 /opt/CodeSourcery/bin/../lib/gcc/arm-none-eabi/4.5.1/../../../../arm-none-eabi/lib/thumb/libc.a(lib_a-vfprintf.o)
 .ARM.attributes
                0x000008f8       0x34 /opt/CodeSourcery/bin/../lib/gcc/arm-none-eabi/4.5.1/../../../../arm-none-eabi/lib/thumb/libc.a(lib_a-wbuf.o)
 .ARM.attributes
                0x0000092c       0x34 /opt/CodeSourcery/bin/../lib/gcc/arm-none-eabi/4.5.1/../../../../arm-none-eabi/lib/thumb/libc.a(lib_a-wsetup.o)
 .ARM.attributes
                0x00000960       0x34 /opt/CodeSourcery/bin/../lib/gcc/arm-none-eabi/4.5.1/../../../../arm-none-eabi/lib/thumb/libc.a(lib_a-dtoa.o)
 .ARM.attributes
                0x00000994       0x34 /opt/CodeSourcery/bin/../lib/gcc/arm-none-eabi/4.5.1/../../../../arm-none-eabi/lib/thumb/libc.a(lib_a-fclose.o)
 .ARM.attributes
                0x000009c8       0x34 /opt/CodeSourcery/bin/../lib/gcc/arm-none-eabi/4.5.1/../../../../arm-none-eabi/lib/thumb/libc.a(lib_a-fvwrite.o)
 .ARM.attributes
                0x000009fc       0x34 /opt/CodeSourcery/bin/../lib/gcc/arm-none-eabi/4.5.1/../../../../arm-none-eabi/lib/thumb/libc.a(lib_a-locale.o)
 .ARM.attributes
                0x00000a30       0x34 /opt/CodeSourcery/bin/../lib/gcc/arm-none-eabi/4.5.1/../../../../arm-none-eabi/lib/thumb/libc.a(lib_a-makebuf.o)
 .ARM.attributes
                0x00000a64       0x34 /opt/CodeSourcery/bin/../lib/gcc/arm-none-eabi/4.5.1/../../../../arm-none-eabi/lib/thumb/libc.a(lib_a-memchr.o)
 .ARM.attributes
                0x00000a98       0x34 /opt/CodeSourcery/bin/../lib/gcc/arm-none-eabi/4.5.1/../../../../arm-none-eabi/lib/thumb/libc.a(lib_a-memmove.o)
 .ARM.attributes
                0x00000acc       0x34 /opt/CodeSourcery/bin/../lib/gcc/arm-none-eabi/4.5.1/../../../../arm-none-eabi/lib/thumb/libc.a(lib_a-mprec.o)
 .ARM.attributes
                0x00000b00       0x34 /opt/CodeSourcery/bin/../lib/gcc/arm-none-eabi/4.5.1/../../../../arm-none-eabi/lib/thumb/libc.a(lib_a-putc.o)
 .ARM.attributes
                0x00000b34       0x34 /opt/CodeSourcery/bin/../lib/gcc/arm-none-eabi/4.5.1/../../../../arm-none-eabi/lib/thumb/libc.a(lib_a-reallocr.o)
 .ARM.attributes
                0x00000b68       0x34 /opt/CodeSourcery/bin/../lib/gcc/arm-none-eabi/4.5.1/../../../../arm-none-eabi/lib/thumb/libc.a(lib_a-s_fpclassify.o)
 .ARM.attributes
                0x00000b9c       0x34 /opt/CodeSourcery/bin/../lib/gcc/arm-none-eabi/4.5.1/../../../../arm-none-eabi/lib/thumb/libc.a(lib_a-strcmp.o)
 .ARM.attributes
                0x00000bd0       0x34 /opt/CodeSourcery/bin/../lib/gcc/arm-none-eabi/4.5.1/../../../../arm-none-eabi/lib/thumb/libc.a(lib_a-svfiprintf.o)
 .ARM.attributes
                0x00000c04       0x34 /opt/CodeSourcery/bin/../lib/gcc/arm-none-eabi/4.5.1/../../../../arm-none-eabi/lib/thumb/libc.a(lib_a-vfiprintf.o)
 .ARM.attributes
                0x00000c38       0x34 /opt/CodeSourcery/bin/../lib/gcc/arm-none-eabi/4.5.1/../../../../arm-none-eabi/lib/thumb/libc.a(lib_a-callocr.o)
 .ARM.attributes
                0x00000c6c       0x34 /opt/CodeSourcery/bin/../lib/gcc/arm-none-eabi/4.5.1/../../../../arm-none-eabi/lib/thumb/libc.a(lib_a-fputwc.o)
 .ARM.attributes
                0x00000ca0       0x34 /opt/CodeSourcery/bin/../lib/gcc/arm-none-eabi/4.5.1/../../../../arm-none-eabi/lib/thumb/libc.a(lib_a-isattyr.o)
 .ARM.attributes
                0x00000cd4       0x34 /opt/CodeSourcery/bin/../lib/gcc/arm-none-eabi/4.5.1/../../../../arm-none-eabi/lib/thumb/libc.a(lib_a-reent.o)
 .ARM.attributes
                0x00000d08       0x34 /opt/CodeSourcery/bin/../lib/gcc/arm-none-eabi/4.5.1/../../../../arm-none-eabi/lib/thumb/libc.a(lib_a-wcrtomb.o)
 .ARM.attributes
                0x00000d3c       0x34 /opt/CodeSourcery/bin/../lib/gcc/arm-none-eabi/4.5.1/../../../../arm-none-eabi/lib/thumb/libc.a(lib_a-wctomb_r.o)
 .ARM.attributes
                0x00000d70       0x1a /opt/CodeSourcery/bin/../lib/gcc/arm-none-eabi/4.5.1/thumb/libgcc.a(_arm_addsubdf3.o)
 .ARM.attributes
                0x00000d8a       0x1a /opt/CodeSourcery/bin/../lib/gcc/arm-none-eabi/4.5.1/thumb/libgcc.a(_arm_muldivdf3.o)
 .ARM.attributes
                0x00000da4       0x1a /opt/CodeSourcery/bin/../lib/gcc/arm-none-eabi/4.5.1/thumb/libgcc.a(_arm_cmpdf2.o)
 .ARM.attributes
                0x00000dbe       0x1a /opt/CodeSourcery/bin/../lib/gcc/arm-none-eabi/4.5.1/thumb/libgcc.a(_arm_fixdfsi.o)
 .ARM.attributes
                0x00000dd8       0x1a /opt/CodeSourcery/bin/../lib/gcc/arm-none-eabi/4.5.1/thumb/libgcc.a(_aeabi_uldivmod.o)
 .ARM.attributes
                0x00000df2       0x34 /opt/CodeSourcery/bin/../lib/gcc/arm-none-eabi/4.5.1/thumb/libgcc.a(bpabi.o)
 .ARM.attributes
                0x00000e26       0x34 /opt/CodeSourcery/bin/../lib/gcc/arm-none-eabi/4.5.1/thumb/libgcc.a(_muldi3.o)
 .ARM.attributes
                0x00000e5a       0x34 /opt/CodeSourcery/bin/../lib/gcc/arm-none-eabi/4.5.1/thumb/libgcc.a(_divdi3.o)
 .ARM.attributes
                0x00000e8e       0x34 /opt/CodeSourcery/bin/../lib/gcc/arm-none-eabi/4.5.1/thumb/libgcc.a(_udivdi3.o)
 .ARM.attributes
                0x00000ec2       0x1a /opt/CodeSourcery/bin/../lib/gcc/arm-none-eabi/4.5.1/thumb/libgcc.a(_clzsi2.o)

.comment        0x00000000       0x2a
 *(.comment)
 .comment       0x00000000       0x2a ../../Source/portable/GCC/ARM7_LPC23xx/portISR.o
                                 0x2b (size before relaxing)
 .comment       0x00000000       0x2b ./lib/Common/src/i2c.o
 .comment       0x00000000       0x2b ./src/main.o
 .comment       0x00000000       0x2b ./lib/Common/src/irq.o
 .comment       0x00000000       0x2b ./lib/Common/src/rtc.o
 .comment       0x00000000       0x2b ./lib/Common/src/uart.o
 .comment       0x00000000       0x2b ./lib/Common/src/fio.o
 .comment       0x00000000       0x2b ./lib/Common/src/misc.o
 .comment       0x00000000       0x2b ./lib/Common/src/target.o
 .comment       0x00000000       0x2b ./lib/Common/src/syscalls.o
 .comment       0x00000000       0x2b ../Common/Minimal/BlockQ.o
 .comment       0x00000000       0x2b ../Common/Minimal/blocktim.o
 .comment       0x00000000       0x2b ../Common/Minimal/integer.o
 .comment       0x00000000       0x2b ../Common/Minimal/GenQTest.o
 .comment       0x00000000       0x2b ../Common/Minimal/QPeek.o
 .comment       0x00000000       0x2b ../Common/Minimal/dynamic.o
 .comment       0x00000000       0x2b ../../Source/list.o
 .comment       0x00000000       0x2b ../../Source/queue.o
 .comment       0x00000000       0x2b ../../Source/tasks.o
 .comment       0x00000000       0x2b ../../Source/portable/GCC/ARM7_LPC23xx/port.o
 .comment       0x00000000       0x2b ../../Source/portable/MemMang/heap_3.o

.debug
 *(.debug)

.line
 *(.line)

.debug_srcinfo
 *(.debug_srcinfo)

.debug_sfnames
 *(.debug_sfnames)

.debug_aranges  0x00000000      0x6f0
 *(.debug_aranges)
 .debug_aranges
                0x00000000       0x50 ../../Source/portable/GCC/ARM7_LPC23xx/portISR.o
 .debug_aranges
                0x00000050       0x88 ./lib/Common/src/i2c.o
 .debug_aranges
                0x000000d8       0x58 ./src/main.o
 .debug_aranges
                0x00000130       0x28 ./lib/Common/src/irq.o
 .debug_aranges
                0x00000158       0x58 ./lib/Common/src/rtc.o
 .debug_aranges
                0x000001b0       0x30 ./lib/Common/src/uart.o
 .debug_aranges
                0x000001e0       0x20 ./lib/Common/src/fio.o
 .debug_aranges
                0x00000200       0x38 ./lib/Common/src/misc.o
 .debug_aranges
                0x00000238       0x38 ./lib/Common/src/target.o
 .debug_aranges
                0x00000270       0xa8 ./lib/Common/src/syscalls.o
 .debug_aranges
                0x00000318       0x38 ../Common/Minimal/BlockQ.o
 .debug_aranges
                0x00000350       0x38 ../Common/Minimal/blocktim.o
 .debug_aranges
                0x00000388       0x30 ../Common/Minimal/integer.o
 .debug_aranges
                0x000003b8       0x48 ../Common/Minimal/GenQTest.o
 .debug_aranges
                0x00000400       0x48 ../Common/Minimal/QPeek.o
 .debug_aranges
                0x00000448       0x50 ../Common/Minimal/dynamic.o
 .debug_aranges
                0x00000498       0x40 ../../Source/list.o
 .debug_aranges
                0x000004d8       0x80 ../../Source/queue.o
 .debug_aranges
                0x00000558      0x118 ../../Source/tasks.o
 .debug_aranges
                0x00000670       0x30 ../../Source/portable/GCC/ARM7_LPC23xx/port.o
 .debug_aranges
                0x000006a0       0x28 ../../Source/portable/MemMang/heap_3.o
 .debug_aranges
                0x000006c8       0x28 /tmp/ccnUaf1P.o

.debug_pubnames
                0x00000000      0xc93
 *(.debug_pubnames)
 .debug_pubnames
                0x00000000       0xe3 ../../Source/portable/GCC/ARM7_LPC23xx/portISR.o
 .debug_pubnames
                0x000000e3       0xe5 ./lib/Common/src/i2c.o
 .debug_pubnames
                0x000001c8       0xb9 ./src/main.o
 .debug_pubnames
                0x00000281       0x2f ./lib/Common/src/irq.o
 .debug_pubnames
                0x000002b0       0xb9 ./lib/Common/src/rtc.o
 .debug_pubnames
                0x00000369       0x3b ./lib/Common/src/uart.o
 .debug_pubnames
                0x000003a4       0x1f ./lib/Common/src/fio.o
 .debug_pubnames
                0x000003c3       0x42 ./lib/Common/src/misc.o
 .debug_pubnames
                0x00000405       0x58 ./lib/Common/src/target.o
 .debug_pubnames
                0x0000045d      0x101 ./lib/Common/src/syscalls.o
 .debug_pubnames
                0x0000055e       0x52 ../Common/Minimal/BlockQ.o
 .debug_pubnames
                0x000005b0       0x53 ../Common/Minimal/blocktim.o
 .debug_pubnames
                0x00000603       0x52 ../Common/Minimal/integer.o
 .debug_pubnames
                0x00000655       0x54 ../Common/Minimal/GenQTest.o
 .debug_pubnames
                0x000006a9       0x95 ../Common/Minimal/QPeek.o
 .debug_pubnames
                0x0000073e       0x72 ../Common/Minimal/dynamic.o
 .debug_pubnames
                0x000007b0       0x71 ../../Source/list.o
 .debug_pubnames
                0x00000821      0x127 ../../Source/queue.o
 .debug_pubnames
                0x00000948      0x2c0 ../../Source/tasks.o
 .debug_pubnames
                0x00000c08       0x5a ../../Source/portable/GCC/ARM7_LPC23xx/port.o
 .debug_pubnames
                0x00000c62       0x31 ../../Source/portable/MemMang/heap_3.o

.debug_info     0x00000000     0x61f4
 *(.debug_info .gnu.linkonce.wi.*)
 .debug_info    0x00000000      0x20b ../../Source/portable/GCC/ARM7_LPC23xx/portISR.o
 .debug_info    0x0000020b      0xdf6 ./lib/Common/src/i2c.o
 .debug_info    0x00001001      0x387 ./src/main.o
 .debug_info    0x00001388      0x12a ./lib/Common/src/irq.o
 .debug_info    0x000014b2      0x287 ./lib/Common/src/rtc.o
 .debug_info    0x00001739      0x13c ./lib/Common/src/uart.o
 .debug_info    0x00001875       0xd4 ./lib/Common/src/fio.o
 .debug_info    0x00001949      0xac9 ./lib/Common/src/misc.o
 .debug_info    0x00002412       0xfc ./lib/Common/src/target.o
 .debug_info    0x0000250e      0xfea ./lib/Common/src/syscalls.o
 .debug_info    0x000034f8      0x2f7 ../Common/Minimal/BlockQ.o
 .debug_info    0x000037ef      0x23c ../Common/Minimal/blocktim.o