Archive member included because of file (symbol)

/opt/CodeSourcery/bin/../lib/gcc/arm-none-eabi/4.5.1/thumb/libgcc.a(_udivsi3.o)
                              ./lib/Common/src/uart.o (__aeabi_uidiv)
/opt/CodeSourcery/bin/../lib/gcc/arm-none-eabi/4.5.1/thumb/libgcc.a(_divsi3.o)
                              ../Common/Minimal/integer.o (__aeabi_idiv)
/opt/CodeSourcery/bin/../lib/gcc/arm-none-eabi/4.5.1/thumb/libgcc.a(_dvmd_tls.o)
                              /opt/CodeSourcery/bin/../lib/gcc/arm-none-eabi/4.5.1/thumb/libgcc.a(_udivsi3.o) (__aeabi_idiv0)
/opt/CodeSourcery/bin/../lib/gcc/arm-none-eabi/4.5.1/../../../../arm-none-eabi/lib/thumb/libc.a(lib_a-fflush.o)
                              ./lib/Common/src/i2c.o (fflush)
/opt/CodeSourcery/bin/../lib/gcc/arm-none-eabi/4.5.1/../../../../arm-none-eabi/lib/thumb/libc.a(lib_a-findfp.o)
                              /opt/CodeSourcery/bin/../lib/gcc/arm-none-eabi/4.5.1/../../../../arm-none-eabi/lib/thumb/libc.a(lib_a-fflush.o) (__sinit)
/opt/CodeSourcery/bin/../lib/gcc/arm-none-eabi/4.5.1/../../../../arm-none-eabi/lib/thumb/libc.a(lib_a-freer.o)
                              /opt/CodeSourcery/bin/../lib/gcc/arm-none-eabi/4.5.1/../../../../arm-none-eabi/lib/thumb/libc.a(lib_a-fflush.o) (_free_r)
/opt/CodeSourcery/bin/../lib/gcc/arm-none-eabi/4.5.1/../../../../arm-none-eabi/lib/thumb/libc.a(lib_a-fwalk.o)
                              /opt/CodeSourcery/bin/../lib/gcc/arm-none-eabi/4.5.1/../../../../arm-none-eabi/lib/thumb/libc.a(lib_a-findfp.o) (_fwalk)
/opt/CodeSourcery/bin/../lib/gcc/arm-none-eabi/4.5.1/../../../../arm-none-eabi/lib/thumb/libc.a(lib_a-impure.o)
                              ./lib/Common/src/i2c.o (_impure_ptr)
/opt/CodeSourcery/bin/../lib/gcc/arm-none-eabi/4.5.1/../../../../arm-none-eabi/lib/thumb/libc.a(lib_a-malloc.o)
                              ../../Source/portable/MemMang/heap_3.o (malloc)
/opt/CodeSourcery/bin/../lib/gcc/arm-none-eabi/4.5.1/../../../../arm-none-eabi/lib/thumb/libc.a(lib_a-mallocr.o)
                              /opt/CodeSourcery/bin/../lib/gcc/arm-none-eabi/4.5.1/../../../../arm-none-eabi/lib/thumb/libc.a(lib_a-findfp.o) (_malloc_r)
/opt/CodeSourcery/bin/../lib/gcc/arm-none-eabi/4.5.1/../../../../arm-none-eabi/lib/thumb/libc.a(lib_a-memcpy.o)
                              ../../Source/queue.o (memcpy)
/opt/CodeSourcery/bin/../lib/gcc/arm-none-eabi/4.5.1/../../../../arm-none-eabi/lib/thumb/libc.a(lib_a-memset.o)
                              ../../Source/tasks.o (memset)
/opt/CodeSourcery/bin/../lib/gcc/arm-none-eabi/4.5.1/../../../../arm-none-eabi/lib/thumb/libc.a(lib_a-mlock.o)
                              /opt/CodeSourcery/bin/../lib/gcc/arm-none-eabi/4.5.1/../../../../arm-none-eabi/lib/thumb/libc.a(lib_a-freer.o) (__malloc_lock)
/opt/CodeSourcery/bin/../lib/gcc/arm-none-eabi/4.5.1/../../../../arm-none-eabi/lib/thumb/libc.a(lib_a-printf.o)
                              ./lib/Common/src/i2c.o (printf)
/opt/CodeSourcery/bin/../lib/gcc/arm-none-eabi/4.5.1/../../../../arm-none-eabi/lib/thumb/libc.a(lib_a-putchar.o)
                              ./lib/Common/src/i2c.o (putchar)
/opt/CodeSourcery/bin/../lib/gcc/arm-none-eabi/4.5.1/../../../../arm-none-eabi/lib/thumb/libc.a(lib_a-puts.o)
                              ./lib/Common/src/i2c.o (puts)
/opt/CodeSourcery/bin/../lib/gcc/arm-none-eabi/4.5.1/../../../../arm-none-eabi/lib/thumb/libc.a(lib_a-sprintf.o)
                              ../../Source/tasks.o (sprintf)
/opt/CodeSourcery/bin/../lib/gcc/arm-none-eabi/4.5.1/../../../../arm-none-eabi/lib/thumb/libc.a(lib_a-stdio.o)
                              /opt/CodeSourcery/bin/../lib/gcc/arm-none-eabi/4.5.1/../../../../arm-none-eabi/lib/thumb/libc.a(lib_a-findfp.o) (__sread)
/opt/CodeSourcery/bin/../lib/gcc/arm-none-eabi/4.5.1/../../../../arm-none-eabi/lib/thumb/libc.a(lib_a-strcat.o)
                              ../../Source/tasks.o (strcat)
/opt/CodeSourcery/bin/../lib/gcc/arm-none-eabi/4.5.1/../../../../arm-none-eabi/lib/thumb/libc.a(lib_a-strcpy.o)
                              /opt/CodeSourcery/bin/../lib/gcc/arm-none-eabi/4.5.1/../../../../arm-none-eabi/lib/thumb/libc.a(lib_a-strcat.o) (strcpy)
/opt/CodeSourcery/bin/../lib/gcc/arm-none-eabi/4.5.1/../../../../arm-none-eabi/lib/thumb/libc.a(lib_a-strlen.o)
                              ../../Source/tasks.o (strlen)
/opt/CodeSourcery/bin/../lib/gcc/arm-none-eabi/4.5.1/../../../../arm-none-eabi/lib/thumb/libc.a(lib_a-strncpy.o)
                              ../../Source/tasks.o (strncpy)
/opt/CodeSourcery/bin/../lib/gcc/arm-none-eabi/4.5.1/../../../../arm-none-eabi/lib/thumb/libc.a(lib_a-svfprintf.o)
                              /opt/CodeSourcery/bin/../lib/gcc/arm-none-eabi/4.5.1/../../../../arm-none-eabi/lib/thumb/libc.a(lib_a-sprintf.o) (_svfprintf_r)
/opt/CodeSourcery/bin/../lib/gcc/arm-none-eabi/4.5.1/../../../../arm-none-eabi/lib/thumb/libc.a(lib_a-vfprintf.o)
[...]
Memory Configuration

Name             Origin             Length             Attributes
ROM              0x00000000         0x0007e000         xr
RAM              0x40000000         0x0000ffe0         w
URAM             0x7fd00000         0x00004000         w
ERAM             0x7fe00000         0x00004000         w
BRAM             0xe0084000         0x00000800         w
*default*        0x00000000         0xffffffff

Linker script and memory map

LOAD ../../Source/portable/GCC/ARM7_LPC23xx/portISR.o
LOAD ./lib/Common/src/i2c.o
LOAD ./src/main.o
LOAD ./lib/Common/src/irq.o
LOAD ./lib/Common/src/rtc.o
LOAD ./lib/Common/src/uart.o
LOAD ./lib/Common/src/fio.o
LOAD ./lib/Common/src/misc.o
LOAD ./lib/Common/src/target.o
LOAD ./lib/Common/src/syscalls.o
LOAD ../Common/Minimal/BlockQ.o
LOAD ../Common/Minimal/blocktim.o
LOAD ../Common/Minimal/integer.o
LOAD ../Common/Minimal/GenQTest.o
LOAD ../Common/Minimal/QPeek.o
LOAD ../Common/Minimal/dynamic.o
LOAD ../../Source/list.o
LOAD ../../Source/queue.o
LOAD ../../Source/tasks.o
LOAD ../../Source/portable/GCC/ARM7_LPC23xx/port.o
LOAD ../../Source/portable/MemMang/heap_3.o
LOAD /tmp/ccLArafb.o
START GROUP
LOAD /opt/CodeSourcery/bin/../lib/gcc/arm-none-eabi/4.5.1/thumb/libgcc.a
LOAD /opt/CodeSourcery/bin/../lib/gcc/arm-none-eabi/4.5.1/../../../../arm-none-eabi/lib/thumb/libc.a
END GROUP
                0x40000000                _ram_base = 0x40000000
                0x4000ffdc                _stack_end = (((_ram_base + 0x10000) - 0x20) - 0x4)
                0x4000ffdc                __stack_end__ = _stack_end

.text           0x00000000     0xee1c
 *(.VECTOR)
 *(.vectorg)
 *(.RESET)
 *(.startup)
 .startup       0x00000000       0x44 /tmp/ccLArafb.o
 *(.SWI_HANDLER)
                0x00000044                . = ALIGN (0x4)
 *(.init)
 *(.text .text.*)
 .text          0x00000044        0x0 ../../Source/portable/GCC/ARM7_LPC23xx/portISR.o
 .text.vPortISRStartFirstTask
                0x00000044       0x54 ../../Source/portable/GCC/ARM7_LPC23xx/portISR.o
                0x00000044                vPortISRStartFirstTask
 .text.vPortYieldProcessor
                0x00000098       0xac ../../Source/portable/GCC/ARM7_LPC23xx/portISR.o
                0x00000098                vPortYieldProcessor
 .text.vPreemptiveTick
                0x00000144       0xc8 ../../Source/portable/GCC/ARM7_LPC23xx/portISR.o
                0x00000144                vPreemptiveTick
 .text.vPortDisableInterruptsFromThumb
                0x0000020c       0x18 ../../Source/portable/GCC/ARM7_LPC23xx/portISR.o
                0x0000020c                vPortDisableInterruptsFromThumb
 .text.vPortEnableInterruptsFromThumb
                0x00000224       0x18 ../../Source/portable/GCC/ARM7_LPC23xx/portISR.o
                0x00000224                vPortEnableInterruptsFromThumb
 .text.vPortEnterCritical
                0x0000023c       0x2c ../../Source/portable/GCC/ARM7_LPC23xx/portISR.o
                0x0000023c                vPortEnterCritical
 .text.vPortExitCritical
                0x00000268       0x44 ../../Source/portable/GCC/ARM7_LPC23xx/portISR.o
                0x00000268                vPortExitCritical
 .text          0x000002ac        0x0 ./lib/Common/src/i2c.o
 .text.i2enable
                0x000002ac       0x14 ./lib/Common/src/i2c.o
                0x000002ac                i2enable
 .text.i2cmasterset
                0x000002c0       0x64 ./lib/Common/src/i2c.o
                0x000002c0                i2cmasterset
 .text.i2cstart
                0x00000324       0x8c ./lib/Common/src/i2c.o
                0x00000324                i2cstart
 .text.i2crestart
                0x000003b0      0x124 ./lib/Common/src/i2c.o
                0x000003b0                i2crestart
 .text.i2cstop  0x000004d4       0x28 ./lib/Common/src/i2c.o
                0x000004d4                i2cstop
 .text.i2csender
                0x000004fc       0xc0 ./lib/Common/src/i2c.o
                0x000004fc                i2csender
 .text.novorvisesender
                0x000005bc       0xd0 ./lib/Common/src/i2c.o
                0x000005bc                novorvisesender
 .text.tinyreader
                0x0000068c      0x104 ./lib/Common/src/i2c.o
                0x0000068c                tinyreader
 .text.i2creader
                0x00000790      0x1b8 ./lib/Common/src/i2c.o
                0x00000790                i2creader
 .text.tinyread
                0x00000948       0xa4 ./lib/Common/src/i2c.o
                0x00000948                tinyread
 .text.SCCBread
                0x000009ec       0xbc ./lib/Common/src/i2c.o
                0x000009ec                SCCBread
 .text.SCCBwrite
                0x00000aa8       0xc0 ./lib/Common/src/i2c.o
                0x00000aa8                SCCBwrite
 .text.SCCBByteWrite
                0x00000b68       0x14 ./lib/Common/src/i2c.o
                0x00000b68                SCCBByteWrite
 .text.vi2c     0x00000b7c      0x164 ./lib/Common/src/i2c.o
                0x00000b7c                vi2c
 .text.waiti2c  0x00000ce0        0x4 ./lib/Common/src/i2c.o
                0x00000ce0                waiti2c
 .text.nonei2c  0x00000ce4      0x110 ./lib/Common/src/i2c.o
                0x00000ce4                nonei2c
 .text.ymzwrite0
                0x00000df4       0x68 ./lib/Common/src/i2c.o
                0x00000df4                ymzwrite0
 .text.ymzwrite1
                0x00000e5c       0x3c ./lib/Common/src/i2c.o
                0x00000e5c                ymzwrite1
 .text          0x00000e98        0x0 ./src/main.o
 .text.ISSR     0x00000e98      0x1e8 ./src/main.o
 .text.main     0x00001080       0xec ./src/main.o
                0x00001080                main
 .text.getISSI  0x0000116c       0xb4 ./src/main.o
                0x0000116c                getISSI
 .text.vApplicationTickHook
                0x00001220        0x4 ./src/main.o
                0x00001220                vApplicationTickHook
 .text.vtrsTask
                0x00001224      0x120 ./src/main.o
                0x00001224                vtrsTask
 .text.ADC_Read
                0x00001344       0xdc ./src/main.o
                0x00001344                ADC_Read
 .text.vValueTask
                0x00001420      0x1d0 ./src/main.o
                0x00001420                vValueTask
 .text          0x000015f0        0x0 ./lib/Common/src/irq.o
 .text.init_VIC
                0x000015f0       0x4c ./lib/Common/src/irq.o
                0x000015f0                init_VIC
 .text.install_irq
                0x0000163c       0x40 ./lib/Common/src/irq.o
                0x0000163c                install_irq
 .text          0x0000167c        0x0 ./lib/Common/src/rtc.o
 .text.RTCInit  0x0000167c       0xf8 ./lib/Common/src/rtc.o
                0x0000167c                RTCInit
 .text.RTCStart
                0x00001774       0x14 ./lib/Common/src/rtc.o
                0x00001774                RTCStart
 .text.RTCStop  0x00001788       0x10 ./lib/Common/src/rtc.o
                0x00001788                RTCStop
 .text.RTC_CTCReset
                0x00001798       0x10 ./lib/Common/src/rtc.o
                0x00001798                RTC_CTCReset
 .text.RTCSetTime
                0x000017a8       0x38 ./lib/Common/src/rtc.o
                0x000017a8                RTCSetTime
 .text.RTCSetAlarm
                0x000017e0       0x38 ./lib/Common/src/rtc.o
                0x000017e0                RTCSetAlarm
 .text.RTCGetTime
                0x00001818       0x50 ./lib/Common/src/rtc.o
                0x00001818                RTCGetTime
 .text.RTCSetAlarmMask
                0x00001868        0xc ./lib/Common/src/rtc.o
                0x00001868                RTCSetAlarmMask
 .text          0x00001874        0x0 ./lib/Common/src/uart.o
 .text.UARTInit
                0x00001874       0xa4 ./lib/Common/src/uart.o
                0x00001874                UARTInit
 .text.UARTPutch
                0x00001918       0x38 ./lib/Common/src/uart.o
                0x00001918                UARTPutch
 .text.UARTGetch
                0x00001950       0x40 ./lib/Common/src/uart.o
                0x00001950                UARTGetch
 .text          0x00001990        0x0 ./lib/Common/src/fio.o
 .text.GPIOInit
                0x00001990       0x7c ./lib/Common/src/fio.o
                0x00001990                GPIOInit
 .text          0x00001a0c        0x0 ./lib/Common/src/misc.o
 .text.__NOP    0x00001a0c        0x4 ./lib/Common/src/misc.o
                0x00001a0c                __NOP
 .text.time_waste
                0x00001a10       0x28 ./lib/Common/src/misc.o
                0x00001a10                time_waste
 .text._delay_us
                0x00001a38       0x28 ./lib/Common/src/misc.o
                0x00001a38                _delay_us
 .text.dump     0x00001a60      0x320 ./lib/Common/src/misc.o
                0x00001a60                dump
 .text          0x00001d80        0x0 ./lib/Common/src/target.o
 .text.TargetInit
                0x00001d80       0x1c ./lib/Common/src/target.o
                0x00001d80                TargetInit
 .text.GPIOResetInit
                0x00001d9c       0x90 ./lib/Common/src/target.o
                0x00001d9c                GPIOResetInit
 .text.ConfigurePLL
                0x00001e2c       0xb8 ./lib/Common/src/target.o
                0x00001e2c                ConfigurePLL
 .text.TargetResetInit
                0x00001ee4       0x54 ./lib/Common/src/target.o
                0x00001ee4                TargetResetInit
 .text          0x00001f38        0x0 ./lib/Common/src/syscalls.o
 .text._read_r  0x00001f38       0x48 ./lib/Common/src/syscalls.o
                0x00001f38                _read_r
 .text._write_r
                0x00001f80       0x8c ./lib/Common/src/syscalls.o
                0x00001f80                _write_r
 .text._close_r
                0x0000200c        0x4 ./lib/Common/src/syscalls.o
                0x0000200c                _close_r
 .text._lseek_r
                0x00002010        0x4 ./lib/Common/src/syscalls.o
                0x00002010                _lseek_r
 .text._fstat_r
                0x00002014        0xc ./lib/Common/src/syscalls.o
                0x00002014                _fstat_r
 .text.isatty   0x00002020        0x4 ./lib/Common/src/syscalls.o
                0x00002020                isatty
 .text._exit    0x00002024        0x4 ./lib/Common/src/syscalls.o
                0x00002024                _exit
 .text._getpid  0x00002028        0x4 ./lib/Common/src/syscalls.o
                0x00002028                _getpid
 .text._kill    0x0000202c        0x4 ./lib/Common/src/syscalls.o
                0x0000202c                _kill
 .text._sbrk_r  0x00002030       0x20 ./lib/Common/src/syscalls.o
                0x00002030                _sbrk_r
 .text._sbrk    0x00002050       0x20 ./lib/Common/src/syscalls.o
                0x00002050                _sbrk
 .text._open    0x00002070        0x8 ./lib/Common/src/syscalls.o
                0x00002070                _open
 .text._close   0x00002078        0x4 ./lib/Common/src/syscalls.o
                0x00002078                _close
 .text._fstat   0x0000207c        0xc ./lib/Common/src/syscalls.o
                0x0000207c                _fstat
 .text._isatty  0x00002088        0x4 ./lib/Common/src/syscalls.o
                0x00002088                _isatty
 .text._lseek   0x0000208c        0x4 ./lib/Common/src/syscalls.o
                0x0000208c                _lseek
 .text._read    0x00002090       0x14 ./lib/Common/src/syscalls.o
                0x00002090                _read
 .text._write   0x000020a4       0x54 ./lib/Common/src/syscalls.o
                0x000020a4                _write
 .text          0x000020f8        0x0 ../Common/Minimal/BlockQ.o
 .text.vBlockingQueueProducer
                0x000020f8       0x3c ../Common/Minimal/BlockQ.o
 .text.vBlockingQueueConsumer
                0x00002134       0x44 ../Common/Minimal/BlockQ.o
 .text.vStartBlockingQueueTasks
                0x00002178      0x168 ../Common/Minimal/BlockQ.o
                0x00002178                vStartBlockingQueueTasks
 .text.xAreBlockingQueuesStillRunning
                0x000022e0       0xb0 ../Common/Minimal/BlockQ.o
                0x000022e0                xAreBlockingQueuesStillRunning
 .text          0x00002390        0x0 ../Common/Minimal/blocktim.o
 .text.vSecondaryBlockTimeTestTask
                0x00002390       0xb0 ../Common/Minimal/blocktim.o
 .text.vPrimaryBlockTimeTestTask
                0x00002440      0x260 ../Common/Minimal/blocktim.o
 .text.vCreateBlockTimeTasks
                0x000026a0       0x60 ../Common/Minimal/blocktim.o
                0x000026a0                vCreateBlockTimeTasks
 .text.xAreBlockTimeTestTasksStillRunning
                0x00002700       0x54 ../Common/Minimal/blocktim.o
                0x00002700                xAreBlockTimeTestTasksStillRunning
 .text          0x00002754        0x0 ../Common/Minimal/integer.o
 .text.vCompeteingIntMathTask
                0x00002754       0x4c ../Common/Minimal/integer.o
 .text.vStartIntegerMathTasks
                0x000027a0       0x2c ../Common/Minimal/integer.o
                0x000027a0                vStartIntegerMathTasks
 .text.xAreIntegerMathsTaskStillRunning
                0x000027cc       0x14 ../Common/Minimal/integer.o
                0x000027cc                xAreIntegerMathsTaskStillRunning
 .text          0x000027e0        0x0 ../Common/Minimal/GenQTest.o
 .text.prvMediumPriorityMutexTask
                0x000027e0       0x18 ../Common/Minimal/GenQTest.o
 .text.prvHighPriorityMutexTask
                0x000027f8       0x3c ../Common/Minimal/GenQTest.o
 .text.prvLowPriorityMutexTask
                0x00002834       0xc8 ../Common/Minimal/GenQTest.o
 .text.prvSendFrontAndBackTest
                0x000028fc      0x234 ../Common/Minimal/GenQTest.o
 .text.vStartGenericQueueTasks
                0x00002b30       0xa0 ../Common/Minimal/GenQTest.o
                0x00002b30                vStartGenericQueueTasks
 .text.xAreGenericQueueTasksStillRunning
                0x00002bd0       0x54 ../Common/Minimal/GenQTest.o
                0x00002bd0                xAreGenericQueueTasksStillRunning
 .text          0x00002c24        0x0 ../Common/Minimal/QPeek.o
 .text.prvHighestPriorityPeekTask
                0x00002c24       0xb8 ../Common/Minimal/QPeek.o
 .text.prvHighPriorityPeekTask
                0x00002cdc       0x6c ../Common/Minimal/QPeek.o
 .text.prvMediumPriorityPeekTask
                0x00002d48       0x58 ../Common/Minimal/QPeek.o
 .text.prvLowPriorityPeekTask
                0x00002da0       0xf0 ../Common/Minimal/QPeek.o
 .text.vStartQueuePeekTasks
                0x00002e90       0xa0 ../Common/Minimal/QPeek.o
                0x00002e90                vStartQueuePeekTasks
 .text.xAreQueuePeekTasksStillRunning
                0x00002f30       0x34 ../Common/Minimal/QPeek.o
                0x00002f30                xAreQueuePeekTasksStillRunning
 .text          0x00002f64        0x0 ../Common/Minimal/dynamic.o
 .text.vQueueReceiveWhenSuspendedTask
                0x00002f64       0x68 ../Common/Minimal/dynamic.o
 .text.vQueueSendWhenSuspendedTask
                0x00002fcc       0x40 ../Common/Minimal/dynamic.o
 .text.vLimitedIncrementTask
                0x0000300c       0x30 ../Common/Minimal/dynamic.o
 .text.vCounterControlTask
                0x0000303c      0x13c ../Common/Minimal/dynamic.o
 .text.vContinuousIncrementTask
                0x00003178       0x28 ../Common/Minimal/dynamic.o
 .text.vStartDynamicPriorityTasks
                0x000031a0       0xc0 ../Common/Minimal/dynamic.o
                0x000031a0                vStartDynamicPriorityTasks
 .text.xAreDynamicPriorityTasksStillRunning
                0x00003260       0x44 ../Common/Minimal/dynamic.o
                0x00003260                xAreDynamicPriorityTasksStillRunning
 .text          0x000032a4        0x0 ../../Source/list.o
 .text.vListInitialise
                0x000032a4       0x18 ../../Source/list.o
                0x000032a4                vListInitialise
 .text.vListInitialiseItem
                0x000032bc        0x8 ../../Source/list.o
                0x000032bc                vListInitialiseItem
 .text.vListInsertEnd
                0x000032c4       0x1c ../../Source/list.o
                0x000032c4                vListInsertEnd
 .text.vListInsert
                0x000032e0       0x3c ../../Source/list.o
                0x000032e0                vListInsert
 .text.vListRemove
                0x0000331c       0x28 ../../Source/list.o
                0x0000331c                vListRemove
 .text          0x00003344        0x0 ../../Source/queue.o
 .text.prvUnlockQueue
                0x00003344       0x9c ../../Source/queue.o
 .text.prvCopyDataToQueue
                0x000033e0       0x68 ../../Source/queue.o
 .text.xQueueCreate
                0x00003448       0x78 ../../Source/queue.o
                0x00003448                xQueueCreate
 .text.xQueueGenericSend
                0x000034c0      0x110 ../../Source/queue.o
                0x000034c0                xQueueGenericSend
 .text.xQueueCreateMutex
                0x000035d0       0x48 ../../Source/queue.o
                0x000035d0                xQueueCreateMutex
 .text.xQueueGenericSendFromISR
                0x00003618       0x48 ../../Source/queue.o
                0x00003618                xQueueGenericSendFromISR
 .text.xQueueGenericReceive
                0x00003660      0x168 ../../Source/queue.o
                0x00003660                xQueueGenericReceive
 .text.xQueueReceiveFromISR
                0x000037c8       0x60 ../../Source/queue.o
                0x000037c8                xQueueReceiveFromISR
 .text.uxQueueMessagesWaiting
                0x00003828       0x18 ../../Source/queue.o
                0x00003828                uxQueueMessagesWaiting
 .text.uxQueueMessagesWaitingFromISR
                0x00003840        0x4 ../../Source/queue.o
                0x00003840                uxQueueMessagesWaitingFromISR
 .text.vQueueDelete
                0x00003844       0x18 ../../Source/queue.o
                0x00003844                vQueueDelete
 .text.xQueueIsQueueEmptyFromISR
                0x0000385c        0x8 ../../Source/queue.o
                0x0000385c                xQueueIsQueueEmptyFromISR
 .text.xQueueIsQueueFullFromISR
                0x00003864        0xc ../../Source/queue.o
                0x00003864                xQueueIsQueueFullFromISR
 .text          0x00003870        0x0 ../../Source/tasks.o
 .text.prvListTaskWithinSingleList
                0x00003870       0xa4 ../../Source/tasks.o
 .text.xTaskGenericCreate
                0x00003914      0x1e4 ../../Source/tasks.o
                0x00003914                xTaskGenericCreate
 .text.vTaskDelete
                0x00003af8       0x78 ../../Source/tasks.o
                0x00003af8                vTaskDelete
 .text.uxTaskPriorityGet
                0x00003b70       0x24 ../../Source/tasks.o
                0x00003b70                uxTaskPriorityGet
 .text.vTaskPrioritySet
                0x00003b94       0x9c ../../Source/tasks.o
                0x00003b94                vTaskPrioritySet
 .text.xTaskIsTaskSuspended
                0x00003c30       0x28 ../../Source/tasks.o
                0x00003c30                xTaskIsTaskSuspended
 .text.vTaskResume
                0x00003c58       0x78 ../../Source/tasks.o
                0x00003c58                vTaskResume
 .text.xTaskResumeFromISR
                0x00003cd0       0x80 ../../Source/tasks.o
                0x00003cd0                xTaskResumeFromISR
 .text.vTaskStartScheduler
                0x00003d50       0x4c ../../Source/tasks.o
                0x00003d50                vTaskStartScheduler
 .text.vTaskEndScheduler
                0x00003d9c       0x1c ../../Source/tasks.o
                0x00003d9c                vTaskEndScheduler
 .text.vTaskSuspendAll
                0x00003db8       0x10 ../../Source/tasks.o
                0x00003db8                vTaskSuspendAll
 .text.xTaskGetTickCount
                0x00003dc8       0x1c ../../Source/tasks.o
                0x00003dc8                xTaskGetTickCount
 .text.xTaskGetTickCountFromISR
                0x00003de4        0xc ../../Source/tasks.o
                0x00003de4                xTaskGetTickCountFromISR
 .text.uxTaskGetNumberOfTasks
                0x00003df0        0xc ../../Source/tasks.o
                0x00003df0                uxTaskGetNumberOfTasks
 .text.vTaskStartTrace
                0x00003dfc       0x3c ../../Source/tasks.o
                0x00003dfc                vTaskStartTrace
 .text.ulTaskEndTrace
                0x00003e38       0x2c ../../Source/tasks.o
                0x00003e38                ulTaskEndTrace
 .text.vTaskIncrementTick
                0x00003e64       0xd0 ../../Source/tasks.o
                0x00003e64                vTaskIncrementTick
 .text.xTaskResumeAll
                0x00003f34       0xe4 ../../Source/tasks.o
                0x00003f34                xTaskResumeAll
 .text.vTaskList
                0x00004018      0x108 ../../Source/tasks.o
                0x00004018                vTaskList
 .text.prvIdleTask
                0x00004120       0x88 ../../Source/tasks.o
 .text.vTaskDelay
                0x000041a8       0x68 ../../Source/tasks.o
                0x000041a8                vTaskDelay
 .text.vTaskDelayUntil
                0x00004210       0x80 ../../Source/tasks.o
                0x00004210                vTaskDelayUntil
 .text.vTaskSwitchContext
                0x00004290       0xc8 ../../Source/tasks.o
                0x00004290                vTaskSwitchContext
 .text.vTaskSuspend
                0x00004358       0x74 ../../Source/tasks.o
                0x00004358                vTaskSuspend
 .text.vTaskPlaceOnEventList
                0x000043cc       0x6c ../../Source/tasks.o
                0x000043cc                vTaskPlaceOnEventList
 .text.xTaskRemoveFromEventList
                0x00004438       0x78 ../../Source/tasks.o
                0x00004438                xTaskRemoveFromEventList
 .text.vTaskSetTimeOutState
                0x000044b0       0x18 ../../Source/tasks.o
                0x000044b0                vTaskSetTimeOutState
 .text.xTaskCheckForTimeOut
                0x000044c8       0x68 ../../Source/tasks.o
                0x000044c8                xTaskCheckForTimeOut
 .text.vTaskMissedYield
                0x00004530        0xc ../../Source/tasks.o
                0x00004530                vTaskMissedYield
 .text.xTaskGetCurrentTaskHandle
                0x0000453c        0xc ../../Source/tasks.o
                0x0000453c                xTaskGetCurrentTaskHandle
 .text.vTaskPriorityInherit
                0x00004548       0x6c ../../Source/tasks.o
                0x00004548                vTaskPriorityInherit
 .text.vTaskPriorityDisinherit
                0x000045b4       0x4c ../../Source/tasks.o
                0x000045b4                vTaskPriorityDisinherit
 .text          0x00004600        0x0 ../../Source/portable/GCC/ARM7_LPC23xx/port.o
 .text.pxPortInitialiseStack
                0x00004600       0xa4 ../../Source/portable/GCC/ARM7_LPC23xx/port.o
                0x00004600                pxPortInitialiseStack
 .text.xPortStartScheduler
                0x000046a4       0x68 ../../Source/portable/GCC/ARM7_LPC23xx/port.o
                0x000046a4                xPortStartScheduler
 .text.vPortEndScheduler
                0x0000470c        0x4 ../../Source/portable/GCC/ARM7_LPC23xx/port.o
                0x0000470c                vPortEndScheduler
 .text          0x00004710        0x0 ../../Source/portable/MemMang/heap_3.o
 .text.pvPortMalloc
                0x00004710       0x1c ../../Source/portable/MemMang/heap_3.o
                0x00004710                pvPortMalloc
 .text.vPortFree
                0x0000472c       0x1c ../../Source/portable/MemMang/heap_3.o
                0x0000472c                vPortFree
 .text          0x00004748       0xc4 /tmp/ccLArafb.o
                0x00004748                _startup
                0x00004748                start
                0x000047f0                endless_loop
 .text          0x0000480c      0x11c /opt/CodeSourcery/bin/../lib/gcc/arm-none-eabi/4.5.1/thumb/libgcc.a(_udivsi3.o)
                0x0000480c                __udivsi3
                0x0000480c                __aeabi_uidiv
                0x00004908                __aeabi_uidivmod
 .text          0x00004928      0x150 /opt/CodeSourcery/bin/../lib/gcc/arm-none-eabi/4.5.1/thumb/libgcc.a(_divsi3.o)
                0x00004928                __aeabi_idiv
                0x00004928                __divsi3
                0x00004a58                __aeabi_idivmod
 .text          0x00004a78        0x4 /opt/CodeSourcery/bin/../lib/gcc/arm-none-eabi/4.5.1/thumb/libgcc.a(_dvmd_tls.o)
                0x00004a78                __aeabi_ldiv0
                0x00004a78                __aeabi_idiv0
 .text          0x00004a7c      0x18c /opt/CodeSourcery/bin/../lib/gcc/arm-none-eabi/4.5.1/../../../../arm-none-eabi/lib/thumb/libc.a(lib_a-fflush.o)
                0x00004a7c                _fflush_r
                0x00004bd8                fflush
 .text          0x00004c08      0x234 /opt/CodeSourcery/bin/../lib/gcc/arm-none-eabi/4.5.1/../../../../arm-none-eabi/lib/thumb/libc.a(lib_a-findfp.o)
                0x00004c10                _cleanup_r
                0x00004c24                __sfmoreglue
                0x00004c50                _cleanup
                0x00004c64                __sinit
                0x00004d64                __sfp
                0x00004df4                __sfp_lock_acquire
                0x00004df8                __sfp_lock_release
                0x00004dfc                __sinit_lock_acquire
                0x00004e00                __sinit_lock_release
                0x00004e04                __fp_lock_all
                0x00004e20                __fp_unlock_all
 .text          0x00004e3c      0x24c /opt/CodeSourcery/bin/../lib/gcc/arm-none-eabi/4.5.1/../../../../arm-none-eabi/lib/thumb/libc.a(lib_a-freer.o)
                0x00004e3c                _malloc_trim_r
                0x00004ee0                _free_r
 .text          0x00005088       0xbc /opt/CodeSourcery/bin/../lib/gcc/arm-none-eabi/4.5.1/../../../../arm-none-eabi/lib/thumb/libc.a(lib_a-fwalk.o)
                0x00005088                _fwalk
                0x000050e0                _fwalk_reent
 .text          0x00005144        0x0 /opt/CodeSourcery/bin/../lib/gcc/arm-none-eabi/4.5.1/../../../../arm-none-eabi/lib/thumb/libc.a(lib_a-impure.o)
 .text          0x00005144       0x30 /opt/CodeSourcery/bin/../lib/gcc/arm-none-eabi/4.5.1/../../../../arm-none-eabi/lib/thumb/libc.a(lib_a-malloc.o)
                0x00005144                malloc
                0x0000515c                free
 .text          0x00005174      0x50c /opt/CodeSourcery/bin/../lib/gcc/arm-none-eabi/4.5.1/../../../../arm-none-eabi/lib/thumb/libc.a(lib_a-mallocr.o)
                0x00005174                _malloc_r
 .text          0x00005680       0xfc /opt/CodeSourcery/bin/../lib/gcc/arm-none-eabi/4.5.1/../../../../arm-none-eabi/lib/thumb/libc.a(lib_a-memcpy.o)
                0x00005680                memcpy
 .text          0x0000577c       0x8c /opt/CodeSourcery/bin/../lib/gcc/arm-none-eabi/4.5.1/../../../../arm-none-eabi/lib/thumb/libc.a(lib_a-memset.o)
                0x0000577c                memset
 .text          0x00005808        0x8 /opt/CodeSourcery/bin/../lib/gcc/arm-none-eabi/4.5.1/../../../../arm-none-eabi/lib/thumb/libc.a(lib_a-mlock.o)
                0x00005808                __malloc_lock
                0x0000580c                __malloc_unlock
 .text          0x00005810       0x40 /opt/CodeSourcery/bin/../lib/gcc/arm-none-eabi/4.5.1/../../../../arm-none-eabi/lib/thumb/libc.a(lib_a-printf.o)
                0x00005810                _printf_r
                0x0000582c                printf
 .text          0x00005850       0x28 /opt/CodeSourcery/bin/../lib/gcc/arm-none-eabi/4.5.1/../../../../arm-none-eabi/lib/thumb/libc.a(lib_a-putchar.o)
                0x00005850                _putchar_r
                0x00005860                putchar
 .text          0x00005878       0x84 /opt/CodeSourcery/bin/../lib/gcc/arm-none-eabi/4.5.1/../../../../arm-none-eabi/lib/thumb/libc.a(lib_a-puts.o)
                0x00005878                _puts_r
                0x000058e4                puts
 .text          0x000058fc       0x84 /opt/CodeSourcery/bin/../lib/gcc/arm-none-eabi/4.5.1/../../../../arm-none-eabi/lib/thumb/libc.a(lib_a-sprintf.o)
                0x000058fc                _sprintf_r
                0x0000593c                sprintf
 .text          0x00005980       0xac /opt/CodeSourcery/bin/../lib/gcc/arm-none-eabi/4.5.1/../../../../arm-none-eabi/lib/thumb/libc.a(lib_a-stdio.o)
                0x00005980                __sread
                0x000059ac                __seofread
                0x000059b0                __swrite
                0x000059ec                __sseek
                0x00005a1c                __sclose
 .text          0x00005a2c       0x48 /opt/CodeSourcery/bin/../lib/gcc/arm-none-eabi/4.5.1/../../../../arm-none-eabi/lib/thumb/libc.a(lib_a-strcat.o)
                0x00005a2c                strcat
 .text          0x00005a74       0x10 /opt/CodeSourcery/bin/../lib/gcc/arm-none-eabi/4.5.1/../../../../arm-none-eabi/lib/thumb/libc.a(lib_a-strcpy.o)
                0x00005a74                strcpy
 .text          0x00005a84       0x10 /opt/CodeSourcery/bin/../lib/gcc/arm-none-eabi/4.5.1/../../../../arm-none-eabi/lib/thumb/libc.a(lib_a-strlen.o)
                0x00005a84                strlen
 .text          0x00005a94       0x6c /opt/CodeSourcery/bin/../lib/gcc/arm-none-eabi/4.5.1/../../../../arm-none-eabi/lib/thumb/libc.a(lib_a-strncpy.o)
                0x00005a94                strncpy
 .text          0x00005b00     0x1558 /opt/CodeSourcery/bin/../lib/gcc/arm-none-eabi/4.5.1/../../../../arm-none-eabi/lib/thumb/libc.a(lib_a-svfprintf.o)
                0x00005b00                _svfprintf_r
 .text          0x00007058     0x17f0 /opt/CodeSourcery/bin/../lib/gcc/arm-none-eabi/4.5.1/../../../../arm-none-eabi/lib/thumb/libc.a(lib_a-vfprintf.o)
                0x00007058                _vfprintf_r
                0x00008828                vfprintf
 .text          0x00008848       0xe0 /opt/CodeSourcery/bin/../lib/gcc/arm-none-eabi/4.5.1/../../../../arm-none-eabi/lib/thumb/libc.a(lib_a-wbuf.o)
                0x00008848                __swbuf_r
                0x0000890c                __swbuf
 .text          0x00008928       0xc0 /opt/CodeSourcery/bin/../lib/gcc/arm-none-eabi/4.5.1/../../../../arm-none-eabi/lib/thumb/libc.a(lib_a-wsetup.o)
                0x00008928                __swsetup_r
 .text          0x000089e8     0x1088 /opt/CodeSourcery/bin/../lib/gcc/arm-none-eabi/4.5.1/../../../../arm-none-eabi/lib/thumb/libc.a(lib_a-dtoa.o)
                0x00008b4c                _dtoa_r
 .text          0x00009a70       0xb8 /opt/CodeSourcery/bin/../lib/gcc/arm-none-eabi/4.5.1/../../../../arm-none-eabi/lib/thumb/libc.a(lib_a-fclose.o)
                0x00009a70                _fclose_r
                0x00009b0c                fclose
 .text          0x00009b28      0x344 /opt/CodeSourcery/bin/../lib/gcc/arm-none-eabi/4.5.1/../../../../arm-none-eabi/lib/thumb/libc.a(lib_a-fvwrite.o)
                0x00009b28                __sfvwrite_r
 .text          0x00009e6c       0xa4 /opt/CodeSourcery/bin/../lib/gcc/arm-none-eabi/4.5.1/../../../../arm-none-eabi/lib/thumb/libc.a(lib_a-locale.o)
                0x00009e6c                _setlocale_r
                0x00009eb8                __locale_charset
                0x00009ec0                __locale_mb_cur_max
                0x00009ecc                __locale_msgcharset
                0x00009ed8                __locale_cjk_lang
                0x00009edc                _localeconv_r
                0x00009ee8                setlocale
                0x00009f04                localeconv
 .text          0x00009f10       0xe4 /opt/CodeSourcery/bin/../lib/gcc/arm-none-eabi/4.5.1/../../../../arm-none-eabi/lib/thumb/libc.a(lib_a-makebuf.o)
                0x00009f10                __smakebuf_r
 .text          0x00009ff4       0x90 /opt/CodeSourcery/bin/../lib/gcc/arm-none-eabi/4.5.1/../../../../arm-none-eabi/lib/thumb/libc.a(lib_a-memchr.o)
                0x00009ff4                memchr
 .text          0x0000a084       0x9c /opt/CodeSourcery/bin/../lib/gcc/arm-none-eabi/4.5.1/../../../../arm-none-eabi/lib/thumb/libc.a(lib_a-memmove.o)
                0x0000a084                memmove
 .text          0x0000a120      0x9c0 /opt/CodeSourcery/bin/../lib/gcc/arm-none-eabi/4.5.1/../../../../arm-none-eabi/lib/thumb/libc.a(lib_a-mprec.o)
                0x0000a120                _Balloc
                0x0000a174                _Bfree
                0x0000a18c                __multadd
                0x0000a228                __s2b
                0x0000a2b8                __hi0bits
                0x0000a2f8                __lo0bits
                0x0000a35c                __i2b
                0x0000a374                __multiply
                0x0000a4fc                __pow5mult
                0x0000a5b0                __lshift
                0x0000a680                __mcmp
                0x0000a6c0                __mdiff
                0x0000a7c0                __ulp
                0x0000a80c                __b2d
                0x0000a8ac                __d2b
                0x0000a97c                __ratio
                0x0000a9f0                _mprec_log10
                0x0000aa34                __copybits
                0x0000aa7c                __any_on
 .text          0x0000aae0       0xd0 /opt/CodeSourcery/bin/../lib/gcc/arm-none-eabi/4.5.1/../../../../arm-none-eabi/lib/thumb/libc.a(lib_a-putc.o)
                0x0000aae0                _putc_r
                0x0000ab44                putc
 .text          0x0000abb0      0x424 /opt/CodeSourcery/bin/../lib/gcc/arm-none-eabi/4.5.1/../../../../arm-none-eabi/lib/thumb/libc.a(lib_a-reallocr.o)
                0x0000abb0                _realloc_r
 .text          0x0000afd4       0x9c /opt/CodeSourcery/bin/../lib/gcc/arm-none-eabi/4.5.1/../../../../arm-none-eabi/lib/thumb/libc.a(lib_a-s_fpclassify.o)
                0x0000afd4                __fpclassifyd
 .text          0x0000b070       0x14 /opt/CodeSourcery/bin/../lib/gcc/arm-none-eabi/4.5.1/../../../../arm-none-eabi/lib/thumb/libc.a(lib_a-strcmp.o)
                0x0000b070                strcmp
 .text          0x0000b084      0xc54 /opt/CodeSourcery/bin/../lib/gcc/arm-none-eabi/4.5.1/../../../../arm-none-eabi/lib/thumb/libc.a(lib_a-svfiprintf.o)
                0x0000b084                __ssprint_r
                0x0000b1a8                _svfiprintf_r
 .text          0x0000bcd8      0xd38 /opt/CodeSourcery/bin/../lib/gcc/arm-none-eabi/4.5.1/../../../../arm-none-eabi/lib/thumb/libc.a(lib_a-vfiprintf.o)
                0x0000bcd8                __sprint_r
                0x0000bd58                _vfiprintf_r
                0x0000c9f0                vfiprintf
 .text          0x0000ca10       0x60 /opt/CodeSourcery/bin/../lib/gcc/arm-none-eabi/4.5.1/../../../../arm-none-eabi/lib/thumb/libc.a(lib_a-callocr.o)
                0x0000ca10                _calloc_r
 .text          0x0000ca70       0xf8 /opt/CodeSourcery/bin/../lib/gcc/arm-none-eabi/4.5.1/../../../../arm-none-eabi/lib/thumb/libc.a(lib_a-fputwc.o)
                0x0000ca70                _fputwc_r
                0x0000cb3c                fputwc
 .text          0x0000cb68       0x28 /opt/CodeSourcery/bin/../lib/gcc/arm-none-eabi/4.5.1/../../../../arm-none-eabi/lib/thumb/libc.a(lib_a-isattyr.o)
                0x0000cb68                _isatty_r
 .text          0x0000cb90      0x118 /opt/CodeSourcery/bin/../lib/gcc/arm-none-eabi/4.5.1/../../../../arm-none-eabi/lib/thumb/libc.a(lib_a-reent.o)
                0x0000cb90                cleanup_glue
                0x0000cbb0                _reclaim_reent
                0x0000cc58                _wrapup_reent
 .text          0x0000cca8       0xdc /opt/CodeSourcery/bin/../lib/gcc/arm-none-eabi/4.5.1/../../../../arm-none-eabi/lib/thumb/libc.a(lib_a-wcrtomb.o)
                0x0000cca8                _wcrtomb_r
                0x0000cd08                wcrtomb
 .text          0x0000cd84       0x5c /opt/CodeSourcery/bin/../lib/gcc/arm-none-eabi/4.5.1/../../../../arm-none-eabi/lib/thumb/libc.a(lib_a-wctomb_r.o)
                0x0000cd84                __ascii_wctomb
                0x0000cda4                _wctomb_r
 .text          0x0000cde0      0x41c /opt/CodeSourcery/bin/../lib/gcc/arm-none-eabi/4.5.1/thumb/libgcc.a(_arm_addsubdf3.o)
                0x0000cde0                __aeabi_drsub
                0x0000cde8                __aeabi_dsub
                0x0000cde8                __subdf3
                0x0000cdec                __adddf3
                0x0000cdec                __aeabi_dadd
                0x0000d0fc                __aeabi_ui2d
                0x0000d0fc                __floatunsidf
                0x0000d120                __floatsidf
                0x0000d120                __aeabi_i2d
                0x0000d148                __extendsfdf2
                0x0000d148                __aeabi_f2d
                0x0000d188                __aeabi_ul2d
                0x0000d188                __floatundidf
                0x0000d19c                __floatdidf
                0x0000d19c                __aeabi_l2d
 .text          0x0000d1fc      0x49c /opt/CodeSourcery/bin/../lib/gcc/arm-none-eabi/4.5.1/thumb/libgcc.a(_arm_muldivdf3.o)
                0x0000d1fc                __aeabi_dmul
                0x0000d1fc                __muldf3
                0x0000d48c                __aeabi_ddiv
                0x0000d48c                __divdf3
 .text          0x0000d698      0x144 /opt/CodeSourcery/bin/../lib/gcc/arm-none-eabi/4.5.1/thumb/libgcc.a(_arm_cmpdf2.o)
                0x0000d698                __gtdf2
                0x0000d698                __gedf2
                0x0000d6a0                __ltdf2
                0x0000d6a0                __ledf2
                0x0000d6a8                __cmpdf2
                0x0000d6a8                __eqdf2
                0x0000d6a8                __nedf2
                0x0000d730                __aeabi_cdrcmple
                0x0000d74c                __aeabi_cdcmple
                0x0000d74c                __aeabi_cdcmpeq
                0x0000d764                __aeabi_dcmpeq
                0x0000d77c                __aeabi_dcmplt
                0x0000d794                __aeabi_dcmple
                0x0000d7ac                __aeabi_dcmpge
                0x0000d7c4                __aeabi_dcmpgt
 .text          0x0000d7dc       0x5c /opt/CodeSourcery/bin/../lib/gcc/arm-none-eabi/4.5.1/thumb/libgcc.a(_arm_fixdfsi.o)
                0x0000d7dc                __fixdfsi
                0x0000d7dc                __aeabi_d2iz
 .text          0x0000d838       0x3c /opt/CodeSourcery/bin/../lib/gcc/arm-none-eabi/4.5.1/thumb/libgcc.a(_aeabi_uldivmod.o)
                0x0000d838                __aeabi_uldivmod
 .text          0x0000d874       0x70 /opt/CodeSourcery/bin/../lib/gcc/arm-none-eabi/4.5.1/thumb/libgcc.a(bpabi.o)
                0x0000d874                __gnu_ldivmod_helper
                0x0000d8ac                __gnu_uldivmod_helper
 .text          0x0000d8e4       0x4c /opt/CodeSourcery/bin/../lib/gcc/arm-none-eabi/4.5.1/thumb/libgcc.a(_muldi3.o)
                0x0000d8e4                __aeabi_lmul
                0x0000d8e4                __muldi3
 .text          0x0000d930      0x3a8 /opt/CodeSourcery/bin/../lib/gcc/arm-none-eabi/4.5.1/thumb/libgcc.a(_divdi3.o)
                0x0000d930                __divdi3
 .text          0x0000dcd8      0x340 /opt/CodeSourcery/bin/../lib/gcc/arm-none-eabi/4.5.1/thumb/libgcc.a(_udivdi3.o)
                0x0000dcd8                __udivdi3
 .text          0x0000e018       0x48 /opt/CodeSourcery/bin/../lib/gcc/arm-none-eabi/4.5.1/thumb/libgcc.a(_clzsi2.o)
                0x0000e018                __clzsi2
 .text.stub     0x0000e060      0x190 linker stubs
 *(.gnu.linkonce.t.*)
 *(.glue_7)
 .glue_7        0x00000000        0x0 linker stubs
 *(.glue_7t)
 .glue_7t       0x00000000        0x0 linker stubs
 *(.vfp11_veneer)
 .vfp11_veneer  0x00000000        0x0 linker stubs
 *(.janus_2cc_veneer)
 *(.v4_bx)
 .v4_bx         0x00000000        0x0 linker stubs
 *(.gcc_except_table)
 *(.rodata)
 .rodata        0x0000e238        0x4 /opt/CodeSourcery/bin/../lib/gcc/arm-none-eabi/4.5.1/../../../../arm-none-eabi/lib/thumb/libc.a(lib_a-impure.o)
                0x0000e238                _global_impure_ptr
 .rodata        0x0000e23c      0x184 /opt/CodeSourcery/bin/../lib/gcc/arm-none-eabi/4.5.1/../../../../arm-none-eabi/lib/thumb/libc.a(lib_a-svfprintf.o)
 .rodata        0x0000e3c0      0x184 /opt/CodeSourcery/bin/../lib/gcc/arm-none-eabi/4.5.1/../../../../arm-none-eabi/lib/thumb/libc.a(lib_a-vfprintf.o)
 *fill*         0x0000e544        0x4 00
 .rodata        0x0000e548      0x128 /opt/CodeSourcery/bin/../lib/gcc/arm-none-eabi/4.5.1/../../../../arm-none-eabi/lib/thumb/libc.a(lib_a-mprec.o)
                0x0000e558                __mprec_tens
                0x0000e620                __mprec_bigtens
                0x0000e648                __mprec_tinytens
 .rodata        0x0000e670      0x184 /opt/CodeSourcery/bin/../lib/gcc/arm-none-eabi/4.5.1/../../../../arm-none-eabi/lib/thumb/libc.a(lib_a-svfiprintf.o)
 .rodata        0x0000e7f4      0x184 /opt/CodeSourcery/bin/../lib/gcc/arm-none-eabi/4.5.1/../../../../arm-none-eabi/lib/thumb/libc.a(lib_a-vfiprintf.o)
 *(.rodata*)
 .rodata.str1.4
                0x0000e978       0xe9 ./lib/Common/src/i2c.o
                                 0xec (size before relaxing)
 *fill*         0x0000ea61        0x3 00
 .rodata.OV7670
                0x0000ea64      0x204 ./lib/Common/src/i2c.o
                0x0000ea64                OV7670
 .rodata.str1.4
                0x0000ec68       0x74 ./src/main.o
                                 0x78 (size before relaxing)
 .rodata.str1.4
                0x0000ecdc        0xe ./lib/Common/src/misc.o
                                 0x10 (size before relaxing)
 *fill*         0x0000ecea        0x2 00
 .rodata.str1.4
                0x0000ecec       0x30 ../Common/Minimal/BlockQ.o
 .rodata.str1.4
                0x0000ed1c        0xf ../Common/Minimal/blocktim.o
                                 0x10 (size before relaxing)
 *fill*         0x0000ed2b        0x1 00
 .rodata.str1.4
                0x0000ed2c        0x8 ../Common/Minimal/integer.o
 .rodata.str1.4
                0x0000ed34       0x1f ../Common/Minimal/GenQTest.o
                                 0x20 (size before relaxing)
 *fill*         0x0000ed53        0x1 00
 .rodata.str1.4
                0x0000ed54       0x1f ../Common/Minimal/QPeek.o
                                 0x20 (size before relaxing)
 *fill*         0x0000ed73        0x1 00
 .rodata.str1.4
                0x0000ed74       0x28 ../Common/Minimal/dynamic.o
 .rodata.str1.4
                0x0000ed9c       0x1f ../../Source/tasks.o
                                 0x20 (size before relaxing)
 *fill*         0x0000edbb        0x1 00
 .rodata.str1.4
                0x0000edbc        0x2 /opt/CodeSourcery/bin/../lib/gcc/arm-none-eabi/4.5.1/../../../../arm-none-eabi/lib/thumb/libc.a(lib_a-impure.o)
                                  0x4 (size before relaxing)
 .rodata.str1.4
                0x00000000        0x2 /opt/CodeSourcery/bin/../lib/gcc/arm-none-eabi/4.5.1/../../../../arm-none-eabi/lib/thumb/libc.a(lib_a-puts.o)
                                  0x4 (size before relaxing)
 *fill*         0x0000edbe        0x2 00
 .rodata.str1.4
                0x0000edc0       0x42 /opt/CodeSourcery/bin/../lib/gcc/arm-none-eabi/4.5.1/../../../../arm-none-eabi/lib/thumb/libc.a(lib_a-svfprintf.o)
                                 0x44 (size before relaxing)
 .rodata.str1.4
                0x00000000       0x44 /opt/CodeSourcery/bin/../lib/gcc/arm-none-eabi/4.5.1/../../../../arm-none-eabi/lib/thumb/libc.a(lib_a-vfprintf.o)
 *fill*         0x0000ee02        0x2 00
 .rodata.str1.4
                0x0000ee04       0x10 /opt/CodeSourcery/bin/../lib/gcc/arm-none-eabi/4.5.1/../../../../arm-none-eabi/lib/thumb/libc.a(lib_a-dtoa.o)
                                 0x14 (size before relaxing)
 .rodata.str1.4
                0x0000ee14        0x8 /opt/CodeSourcery/bin/../lib/gcc/arm-none-eabi/4.5.1/../../../../arm-none-eabi/lib/thumb/libc.a(lib_a-locale.o)
                                 0x14 (size before relaxing)
 .rodata.str1.4
                0x00000000       0x30 /opt/CodeSourcery/bin/../lib/gcc/arm-none-eabi/4.5.1/../../../../arm-none-eabi/lib/thumb/libc.a(lib_a-svfiprintf.o)
 .rodata.str1.4
                0x00000000       0x30 /opt/CodeSourcery/bin/../lib/gcc/arm-none-eabi/4.5.1/../../../../arm-none-eabi/lib/thumb/libc.a(lib_a-vfiprintf.o)
 *(.gnu.linkonce.r.*)
                0x0000ee1c                . = ALIGN (0x4)
                0x0000ee1c                . = ALIGN (0x4)

.ctors          0x0000ee1c        0x0
                0x0000ee1c                PROVIDE (__ctors_start__, .)
 *(SORT(.ctors.*))
 *(.ctors)
                0x0000ee1c                . = ALIGN (0x4)
                0x0000ee1c                PROVIDE (__ctors_end__, .)
                0x0000ee1c                . = ALIGN (0x4)

.dtors          0x0000ee1c        0x0
                0x0000ee1c                PROVIDE (__dtors_start__, .)
 *(SORT(.dtors.*))
 *(.dtors)
                0x0000ee1c                . = ALIGN (0x4)
                0x0000ee1c                PROVIDE (__dtors_end__, .)
                0x0000ee1c                . = ALIGN (0x4)
                0x0000ee1c                . = ALIGN (0x4)

.ARM.extab      0x0000ee1c        0x0
 *(.ARM.extab* .gnu.linkonce.armextab.*)
 .ARM.extab     0x0000ee1c        0x0 /opt/CodeSourcery/bin/../lib/gcc/arm-none-eabi/4.5.1/thumb/libgcc.a(_divdi3.o)
 .ARM.extab     0x0000ee1c        0x0 /opt/CodeSourcery/bin/../lib/gcc/arm-none-eabi/4.5.1/thumb/libgcc.a(_udivdi3.o)
                0x0000ee1c                __exidx_start = .

.ARM.exidx      0x0000ee1c        0x8
 *(.ARM.exidx* .gnu.linkonce.armexidx.*)
 .ARM.exidx     0x0000ee1c        0x8 /opt/CodeSourcery/bin/../lib/gcc/arm-none-eabi/4.5.1/thumb/libgcc.a(_divdi3.o)
 .ARM.exidx     0x0000ee24        0x0 /opt/CodeSourcery/bin/../lib/gcc/arm-none-eabi/4.5.1/thumb/libgcc.a(_udivdi3.o)
                                  0x8 (size before relaxing)
                0x0000ee24                __exidx_end = .

.eh_frame_hdr
 *(.eh_frame_hdr)

.eh_frame
 *(.eh_frame)
                0x0000ee24                . = ALIGN (0x4)
                0x0000ee24                __end_of_text__ = .
                0x0000ee24                _etext = .
                0x0000ee24                PROVIDE (etext, .)

.data           0x40000000      0x8c8 load address 0x0000ee24
                0x40000000                _data = .
                0x40000000                __data_beg__ = .
                0x0000ee24                __data_beg_src__ = __end_of_text__
 *(.vectmapped)
                0x40000000                . = ALIGN (0x4)
 *(.fastrun)
                0x40000000                . = ALIGN (0x4)
                0x40000000                . = ALIGN (0x4)
 *(.data)
 .data          0x40000000        0x0 ../../Source/portable/GCC/ARM7_LPC23xx/portISR.o
 .data          0x40000000        0x0 ./lib/Common/src/i2c.o
 .data          0x40000000        0x0 ./src/main.o
 .data          0x40000000        0x0 ./lib/Common/src/irq.o
 .data          0x40000000        0x0 ./lib/Common/src/rtc.o
 .data          0x40000000        0x0 ./lib/Common/src/uart.o
 .data          0x40000000        0x0 ./lib/Common/src/fio.o
 .data          0x40000000        0x0 ./lib/Common/src/misc.o
 .data          0x40000000        0x0 ./lib/Common/src/target.o
 .data          0x40000000        0x0 ./lib/Common/src/syscalls.o
 .data          0x40000000        0x0 ../Common/Minimal/BlockQ.o
 .data          0x40000000        0x0 ../Common/Minimal/blocktim.o
 .data          0x40000000        0x0 ../Common/Minimal/integer.o
 .data          0x40000000        0x0 ../Common/Minimal/GenQTest.o
 .data          0x40000000        0x0 ../Common/Minimal/QPeek.o
 .data          0x40000000        0x0 ../Common/Minimal/dynamic.o
 .data          0x40000000        0x0 ../../Source/list.o
 .data          0x40000000        0x0 ../../Source/queue.o
 .data          0x40000000        0x0 ../../Source/tasks.o
 .data          0x40000000        0x0 ../../Source/portable/GCC/ARM7_LPC23xx/port.o
 .data          0x40000000        0x0 ../../Source/portable/MemMang/heap_3.o
 .data          0x40000000        0x0 /tmp/ccLArafb.o
 .data          0x40000000        0x0 /opt/CodeSourcery/bin/../lib/gcc/arm-none-eabi/4.5.1/thumb/libgcc.a(_udivsi3.o)
 .data          0x40000000        0x0 /opt/CodeSourcery/bin/../lib/gcc/arm-none-eabi/4.5.1/thumb/libgcc.a(_divsi3.o)
 .data          0x40000000        0x0 /opt/CodeSourcery/bin/../lib/gcc/arm-none-eabi/4.5.1/thumb/libgcc.a(_dvmd_tls.o)
 .data          0x40000000        0x0 /opt/CodeSourcery/bin/../lib/gcc/arm-none-eabi/4.5.1/../../../../arm-none-eabi/lib/thumb/libc.a(lib_a-fflush.o)
 .data          0x40000000        0x0 /opt/CodeSourcery/bin/../lib/gcc/arm-none-eabi/4.5.1/../../../../arm-none-eabi/lib/thumb/libc.a(lib_a-findfp.o)
 .data          0x40000000        0x0 /opt/CodeSourcery/bin/../lib/gcc/arm-none-eabi/4.5.1/../../../../arm-none-eabi/lib/thumb/libc.a(lib_a-freer.o)
 .data          0x40000000        0x0 /opt/CodeSourcery/bin/../lib/gcc/arm-none-eabi/4.5.1/../../../../arm-none-eabi/lib/thumb/libc.a(lib_a-fwalk.o)
 .data          0x40000000      0x430 /opt/CodeSourcery/bin/../lib/gcc/arm-none-eabi/4.5.1/../../../../arm-none-eabi/lib/thumb/libc.a(lib_a-impure.o)
                0x40000000                _impure_ptr
 .data          0x40000430        0x0 /opt/CodeSourcery/bin/../lib/gcc/arm-none-eabi/4.5.1/../../../../arm-none-eabi/lib/thumb/libc.a(lib_a-malloc.o)
 .data          0x40000430      0x410 /opt/CodeSourcery/bin/../lib/gcc/arm-none-eabi/4.5.1/../../../../arm-none-eabi/lib/thumb/libc.a(lib_a-mallocr.o)
                0x40000430                __malloc_av_
                0x40000838                __malloc_sbrk_base
                0x4000083c                __malloc_trim_threshold
 .data          0x40000840        0x0 /opt/CodeSourcery/bin/../lib/gcc/arm-none-eabi/4.5.1/../../../../arm-none-eabi/lib/thumb/libc.a(lib_a-memcpy.o)
 .data          0x40000840        0x0 /opt/CodeSourcery/bin/../lib/gcc/arm-none-eabi/4.5.1/../../../../arm-none-eabi/lib/thumb/libc.a(lib_a-memset.o)
 .data          0x40000840        0x0 /opt/CodeSourcery/bin/../lib/gcc/arm-none-eabi/4.5.1/../../../../arm-none-eabi/lib/thumb/libc.a(lib_a-mlock.o)
 .data          0x40000840        0x0 /opt/CodeSourcery/bin/../lib/gcc/arm-none-eabi/4.5.1/../../../../arm-none-eabi/lib/thumb/libc.a(lib_a-printf.o)
 .data          0x40000840        0x0 /opt/CodeSourcery/bin/../lib/gcc/arm-none-eabi/4.5.1/../../../../arm-none-eabi/lib/thumb/libc.a(lib_a-putchar.o)
 .data          0x40000840        0x0 /opt/CodeSourcery/bin/../lib/gcc/arm-none-eabi/4.5.1/../../../../arm-none-eabi/lib/thumb/libc.a(lib_a-puts.o)
 .data          0x40000840        0x0 /opt/CodeSourcery/bin/../lib/gcc/arm-none-eabi/4.5.1/../../../../arm-none-eabi/lib/thumb/libc.a(lib_a-sprintf.o)
 .data          0x40000840        0x0 /opt/CodeSourcery/bin/../lib/gcc/arm-none-eabi/4.5.1/../../../../arm-none-eabi/lib/thumb/libc.a(lib_a-stdio.o)
 .data          0x40000840        0x0 /opt/CodeSourcery/bin/../lib/gcc/arm-none-eabi/4.5.1/../../../../arm-none-eabi/lib/thumb/libc.a(lib_a-strcat.o)
 .data          0x40000840        0x0 /opt/CodeSourcery/bin/../lib/gcc/arm-none-eabi/4.5.1/../../../../arm-none-eabi/lib/thumb/libc.a(lib_a-strcpy.o)
 .data          0x40000840        0x0 /opt/CodeSourcery/bin/../lib/gcc/arm-none-eabi/4.5.1/../../../../arm-none-eabi/lib/thumb/libc.a(lib_a-strlen.o)
 .data          0x40000840        0x0 /opt/CodeSourcery/bin/../lib/gcc/arm-none-eabi/4.5.1/../../../../arm-none-eabi/lib/thumb/libc.a(lib_a-strncpy.o)
 .data          0x40000840        0x0 /opt/CodeSourcery/bin/../lib/gcc/arm-none-eabi/4.5.1/../../../../arm-none-eabi/lib/thumb/libc.a(lib_a-svfprintf.o)
 .data          0x40000840        0x0 /opt/CodeSourcery/bin/../lib/gcc/arm-none-eabi/4.5.1/../../../../arm-none-eabi/lib/thumb/libc.a(lib_a-vfprintf.o)
 .data          0x40000840        0x0 /opt/CodeSourcery/bin/../lib/gcc/arm-none-eabi/4.5.1/../../../../arm-none-eabi/lib/thumb/libc.a(lib_a-wbuf.o)
 .data          0x40000840        0x0 /opt/CodeSourcery/bin/../lib/gcc/arm-none-eabi/4.5.1/../../../../arm-none-eabi/lib/thumb/libc.a(lib_a-wsetup.o)
 .data          0x40000840        0x0 /opt/CodeSourcery/bin/../lib/gcc/arm-none-eabi/4.5.1/../../../../arm-none-eabi/lib/thumb/libc.a(lib_a-dtoa.o)
 .data          0x40000840        0x0 /opt/CodeSourcery/bin/../lib/gcc/arm-none-eabi/4.5.1/../../../../arm-none-eabi/lib/thumb/libc.a(lib_a-fclose.o)
 .data          0x40000840        0x0 /opt/CodeSourcery/bin/../lib/gcc/arm-none-eabi/4.5.1/../../../../arm-none-eabi/lib/thumb/libc.a(lib_a-fvwrite.o)
 .data          0x40000840       0x7c /opt/CodeSourcery/bin/../lib/gcc/arm-none-eabi/4.5.1/../../../../arm-none-eabi/lib/thumb/libc.a(lib_a-locale.o)
                0x40000860                __mb_cur_max
 .data          0x400008bc        0x0 /opt/CodeSourcery/bin/../lib/gcc/arm-none-eabi/4.5.1/../../../../arm-none-eabi/lib/thumb/libc.a(lib_a-makebuf.o)
 .data          0x400008bc        0x0 /opt/CodeSourcery/bin/../lib/gcc/arm-none-eabi/4.5.1/../../../../arm-none-eabi/lib/thumb/libc.a(lib_a-memchr.o)
 .data          0x400008bc        0x0 /opt/CodeSourcery/bin/../lib/gcc/arm-none-eabi/4.5.1/../../../../arm-none-eabi/lib/thumb/libc.a(lib_a-memmove.o)
 .data          0x400008bc        0x0 /opt/CodeSourcery/bin/../lib/gcc/arm-none-eabi/4.5.1/../../../../arm-none-eabi/lib/thumb/libc.a(lib_a-mprec.o)
 .data          0x400008bc        0x0 /opt/CodeSourcery/bin/../lib/gcc/arm-none-eabi/4.5.1/../../../../arm-none-eabi/lib/thumb/libc.a(lib_a-putc.o)
 .data          0x400008bc        0x0 /opt/CodeSourcery/bin/../lib/gcc/arm-none-eabi/4.5.1/../../../../arm-none-eabi/lib/thumb/libc.a(lib_a-reallocr.o)
 .data          0x400008bc        0x0 /opt/CodeSourcery/bin/../lib/gcc/arm-none-eabi/4.5.1/../../../../arm-none-eabi/lib/thumb/libc.a(lib_a-s_fpclassify.o)
 .data          0x400008bc        0x0 /opt/CodeSourcery/bin/../lib/gcc/arm-none-eabi/4.5.1/../../../../arm-none-eabi/lib/thumb/libc.a(lib_a-strcmp.o)
 .data          0x400008bc        0x0 /opt/CodeSourcery/bin/../lib/gcc/arm-none-eabi/4.5.1/../../../../arm-none-eabi/lib/thumb/libc.a(lib_a-svfiprintf.o)
 .data          0x400008bc        0x0 /opt/CodeSourcery/bin/../lib/gcc/arm-none-eabi/4.5.1/../../../../arm-none-eabi/lib/thumb/libc.a(lib_a-vfiprintf.o)
 .data          0x400008bc        0x0 /opt/CodeSourcery/bin/../lib/gcc/arm-none-eabi/4.5.1/../../../../arm-none-eabi/lib/thumb/libc.a(lib_a-callocr.o)
 .data          0x400008bc        0x0 /opt/CodeSourcery/bin/../lib/gcc/arm-none-eabi/4.5.1/../../../../arm-none-eabi/lib/thumb/libc.a(lib_a-fputwc.o)
 .data          0x400008bc        0x0 /opt/CodeSourcery/bin/../lib/gcc/arm-none-eabi/4.5.1/../../../../arm-none-eabi/lib/thumb/libc.a(lib_a-isattyr.o)
 .data          0x400008bc        0x0 /opt/CodeSourcery/bin/../lib/gcc/arm-none-eabi/4.5.1/../../../../arm-none-eabi/lib/thumb/libc.a(lib_a-reent.o)
 .data          0x400008bc        0x0 /opt/CodeSourcery/bin/../lib/gcc/arm-none-eabi/4.5.1/../../../../arm-none-eabi/lib/thumb/libc.a(lib_a-wcrtomb.o)
 .data          0x400008bc        0x4 /opt/CodeSourcery/bin/../lib/gcc/arm-none-eabi/4.5.1/../../../../arm-none-eabi/lib/thumb/libc.a(lib_a-wctomb_r.o)
                0x400008bc                __wctomb
 .data          0x400008c0        0x0 /opt/CodeSourcery/bin/../lib/gcc/arm-none-eabi/4.5.1/thumb/libgcc.a(_arm_addsubdf3.o)
 .data          0x400008c0        0x0 /opt/CodeSourcery/bin/../lib/gcc/arm-none-eabi/4.5.1/thumb/libgcc.a(_arm_muldivdf3.o)
 .data          0x400008c0        0x0 /opt/CodeSourcery/bin/../lib/gcc/arm-none-eabi/4.5.1/thumb/libgcc.a(_arm_cmpdf2.o)
 .data          0x400008c0        0x0 /opt/CodeSourcery/bin/../lib/gcc/arm-none-eabi/4.5.1/thumb/libgcc.a(_arm_fixdfsi.o)
 .data          0x400008c0        0x0 /opt/CodeSourcery/bin/../lib/gcc/arm-none-eabi/4.5.1/thumb/libgcc.a(_aeabi_uldivmod.o)
 .data          0x400008c0        0x0 /opt/CodeSourcery/bin/../lib/gcc/arm-none-eabi/4.5.1/thumb/libgcc.a(bpabi.o)
 .data          0x400008c0        0x0 /opt/CodeSourcery/bin/../lib/gcc/arm-none-eabi/4.5.1/thumb/libgcc.a(_muldi3.o)
 .data          0x400008c0        0x0 /opt/CodeSourcery/bin/../lib/gcc/arm-none-eabi/4.5.1/thumb/libgcc.a(_divdi3.o)
 .data          0x400008c0        0x0 /opt/CodeSourcery/bin/../lib/gcc/arm-none-eabi/4.5.1/thumb/libgcc.a(_udivdi3.o)
 .data          0x400008c0        0x0 /opt/CodeSourcery/bin/../lib/gcc/arm-none-eabi/4.5.1/thumb/libgcc.a(_clzsi2.o)
 *(.data.*)
 .data.ulCriticalNesting
                0x400008c0        0x4 ../../Source/portable/GCC/ARM7_LPC23xx/portISR.o
                0x400008c0                ulCriticalNesting
 .data.uxPreviousTask
                0x400008c4        0x4 ../../Source/tasks.o
 *(.gnu.linkonce.d*)
                0x400008c8                . = ALIGN (0x4)
                0x400008c8                . = ALIGN (0x4)
                0x400008c8                __data_end__ = .
                0x400008c8                _edata = .
                0x400008c8                PROVIDE (edata, .)

.bss            0x400008c8      0x2c8 load address 0x0000f6ec
                0x400008c8                __bss_start = .
                0x400008c8                _bss_start = .
                0x400008c8                __bss_beg__ = .
                0x400008c8                PROVIDE (_bss_start, .)
                0x400008c8                __bss_start__ = .
 *(.bss)
 .bss           0x400008c8        0x0 ../../Source/portable/GCC/ARM7_LPC23xx/portISR.o
 .bss           0x400008c8        0x0 ./lib/Common/src/i2c.o
 .bss           0x400008c8        0x0 ./src/main.o
 .bss           0x400008c8        0x0 ./lib/Common/src/irq.o
 .bss           0x400008c8        0x0 ./lib/Common/src/rtc.o
 .bss           0x400008c8        0x0 ./lib/Common/src/uart.o
 .bss           0x400008c8        0x0 ./lib/Common/src/fio.o
 .bss           0x400008c8        0x0 ./lib/Common/src/misc.o
 .bss           0x400008c8        0x0 ./lib/Common/src/target.o
 .bss           0x400008c8        0x0 ./lib/Common/src/syscalls.o
 .bss           0x400008c8        0x0 ../Common/Minimal/BlockQ.o
 .bss           0x400008c8        0x0 ../Common/Minimal/blocktim.o
 .bss           0x400008c8        0x0 ../Common/Minimal/integer.o
 .bss           0x400008c8        0x0 ../Common/Minimal/GenQTest.o
 .bss           0x400008c8        0x0 ../Common/Minimal/QPeek.o
 .bss           0x400008c8        0x0 ../Common/Minimal/dynamic.o
 .bss           0x400008c8        0x0 ../../Source/list.o
 .bss           0x400008c8        0x0 ../../Source/queue.o
 .bss           0x400008c8        0x0 ../../Source/tasks.o
 .bss           0x400008c8        0x0 ../../Source/portable/GCC/ARM7_LPC23xx/port.o
 .bss           0x400008c8        0x0 ../../Source/portable/MemMang/heap_3.o
 .bss           0x400008c8        0x0 /tmp/ccLArafb.o
 .bss           0x400008c8        0x0 /opt/CodeSourcery/bin/../lib/gcc/arm-none-eabi/4.5.1/thumb/libgcc.a(_udivsi3.o)
 .bss           0x400008c8        0x0 /opt/CodeSourcery/bin/../lib/gcc/arm-none-eabi/4.5.1/thumb/libgcc.a(_divsi3.o)
 .bss           0x400008c8        0x0 /opt/CodeSourcery/bin/../lib/gcc/arm-none-eabi/4.5.1/thumb/libgcc.a(_dvmd_tls.o)
 .bss           0x400008c8        0x0 /opt/CodeSourcery/bin/../lib/gcc/arm-none-eabi/4.5.1/../../../../arm-none-eabi/lib/thumb/libc.a(lib_a-fflush.o)
 .bss           0x400008c8        0x0 /opt/CodeSourcery/bin/../lib/gcc/arm-none-eabi/4.5.1/../../../../arm-none-eabi/lib/thumb/libc.a(lib_a-findfp.o)
 .bss           0x400008c8        0x0 /opt/CodeSourcery/bin/../lib/gcc/arm-none-eabi/4.5.1/../../../../arm-none-eabi/lib/thumb/libc.a(lib_a-freer.o)
 .bss           0x400008c8        0x0 /opt/CodeSourcery/bin/../lib/gcc/arm-none-eabi/4.5.1/../../../../arm-none-eabi/lib/thumb/libc.a(lib_a-fwalk.o)
 .bss           0x400008c8        0x0 /opt/CodeSourcery/bin/../lib/gcc/arm-none-eabi/4.5.1/../../../../arm-none-eabi/lib/thumb/libc.a(lib_a-impure.o)
 .bss           0x400008c8        0x0 /opt/CodeSourcery/bin/../lib/gcc/arm-none-eabi/4.5.1/../../../../arm-none-eabi/lib/thumb/libc.a(lib_a-malloc.o)
 .bss           0x400008c8       0x34 /opt/CodeSourcery/bin/../lib/gcc/arm-none-eabi/4.5.1/../../../../arm-none-eabi/lib/thumb/libc.a(lib_a-mallocr.o)
                0x400008c8                __malloc_top_pad
                0x400008cc                __malloc_current_mallinfo
                0x400008f4                __malloc_max_sbrked_mem
                0x400008f8                __malloc_max_total_mem
 .bss           0x400008fc        0x0 /opt/CodeSourcery/bin/../lib/gcc/arm-none-eabi/4.5.1/../../../../arm-none-eabi/lib/thumb/libc.a(lib_a-memcpy.o)
 .bss           0x400008fc        0x0 /opt/CodeSourcery/bin/../lib/gcc/arm-none-eabi/4.5.1/../../../../arm-none-eabi/lib/thumb/libc.a(lib_a-memset.o)
 .bss           0x400008fc        0x0 /opt/CodeSourcery/bin/../lib/gcc/arm-none-eabi/4.5.1/../../../../arm-none-eabi/lib/thumb/libc.a(lib_a-mlock.o)
 .bss           0x400008fc        0x0 /opt/CodeSourcery/bin/../lib/gcc/arm-none-eabi/4.5.1/../../../../arm-none-eabi/lib/thumb/libc.a(lib_a-printf.o)
 .bss           0x400008fc        0x0 /opt/CodeSourcery/bin/../lib/gcc/arm-none-eabi/4.5.1/../../../../arm-none-eabi/lib/thumb/libc.a(lib_a-putchar.o)
 .bss           0x400008fc        0x0 /opt/CodeSourcery/bin/../lib/gcc/arm-none-eabi/4.5.1/../../../../arm-none-eabi/lib/thumb/libc.a(lib_a-puts.o)
 .bss           0x400008fc        0x0 /opt/CodeSourcery/bin/../lib/gcc/arm-none-eabi/4.5.1/../../../../arm-none-eabi/lib/thumb/libc.a(lib_a-sprintf.o)
 .bss           0x400008fc        0x0 /opt/CodeSourcery/bin/../lib/gcc/arm-none-eabi/4.5.1/../../../../arm-none-eabi/lib/thumb/libc.a(lib_a-stdio.o)
 .bss           0x400008fc        0x0 /opt/CodeSourcery/bin/../lib/gcc/arm-none-eabi/4.5.1/../../../../arm-none-eabi/lib/thumb/libc.a(lib_a-strcat.o)
 .bss           0x400008fc        0x0 /opt/CodeSourcery/bin/../lib/gcc/arm-none-eabi/4.5.1/../../../../arm-none-eabi/lib/thumb/libc.a(lib_a-strcpy.o)
 .bss           0x400008fc        0x0 /opt/CodeSourcery/bin/../lib/gcc/arm-none-eabi/4.5.1/../../../../arm-none-eabi/lib/thumb/libc.a(lib_a-strlen.o)
 .bss           0x400008fc        0x0 /opt/CodeSourcery/bin/../lib/gcc/arm-none-eabi/4.5.1/../../../../arm-none-eabi/lib/thumb/libc.a(lib_a-strncpy.o)
 .bss           0x400008fc        0x0 /opt/CodeSourcery/bin/../lib/gcc/arm-none-eabi/4.5.1/../../../../arm-none-eabi/lib/thumb/libc.a(lib_a-svfprintf.o)
 .bss           0x400008fc        0x0 /opt/CodeSourcery/bin/../lib/gcc/arm-none-eabi/4.5.1/../../../../arm-none-eabi/lib/thumb/libc.a(lib_a-vfprintf.o)
 .bss           0x400008fc        0x0 /opt/CodeSourcery/bin/../lib/gcc/arm-none-eabi/4.5.1/../../../../arm-none-eabi/lib/thumb/libc.a(lib_a-wbuf.o)
 .bss           0x400008fc        0x0 /opt/CodeSourcery/bin/../lib/gcc/arm-none-eabi/4.5.1/../../../../arm-none-eabi/lib/thumb/libc.a(lib_a-wsetup.o)
 .bss           0x400008fc        0x0 /opt/CodeSourcery/bin/../lib/gcc/arm-none-eabi/4.5.1/../../../../arm-none-eabi/lib/thumb/libc.a(lib_a-dtoa.o)
 .bss           0x400008fc        0x0 /opt/CodeSourcery/bin/../lib/gcc/arm-none-eabi/4.5.1/../../../../arm-none-eabi/lib/thumb/libc.a(lib_a-fclose.o)
 .bss           0x400008fc        0x0 /opt/CodeSourcery/bin/../lib/gcc/arm-none-eabi/4.5.1/../../../../arm-none-eabi/lib/thumb/libc.a(lib_a-fvwrite.o)
 .bss           0x400008fc        0xc /opt/CodeSourcery/bin/../lib/gcc/arm-none-eabi/4.5.1/../../../../arm-none-eabi/lib/thumb/libc.a(lib_a-locale.o)
                0x400008fc                __nlocale_changed
                0x40000900                __mlocale_changed
                0x40000904                _PathLocale
 .bss           0x40000908        0x0 /opt/CodeSourcery/bin/../lib/gcc/arm-none-eabi/4.5.1/../../../../arm-none-eabi/lib/thumb/libc.a(lib_a-makebuf.o)
 .bss           0x40000908        0x0 /opt/CodeSourcery/bin/../lib/gcc/arm-none-eabi/4.5.1/../../../../arm-none-eabi/lib/thumb/libc.a(lib_a-memchr.o)
 .bss           0x40000908        0x0 /opt/CodeSourcery/bin/../lib/gcc/arm-none-eabi/4.5.1/../../../../arm-none-eabi/lib/thumb/libc.a(lib_a-memmove.o)
 .bss           0x40000908        0x0 /opt/CodeSourcery/bin/../lib/gcc/arm-none-eabi/4.5.1/../../../../arm-none-eabi/lib/thumb/libc.a(lib_a-mprec.o)
 .bss           0x40000908        0x0 /opt/CodeSourcery/bin/../lib/gcc/arm-none-eabi/4.5.1/../../../../arm-none-eabi/lib/thumb/libc.a(lib_a-putc.o)
 .bss           0x40000908        0x0 /opt/CodeSourcery/bin/../lib/gcc/arm-none-eabi/4.5.1/../../../../arm-none-eabi/lib/thumb/libc.a(lib_a-reallocr.o)
 .bss           0x40000908        0x0 /opt/CodeSourcery/bin/../lib/gcc/arm-none-eabi/4.5.1/../../../../arm-none-eabi/lib/thumb/libc.a(lib_a-s_fpclassify.o)
 .bss           0x40000908        0x0 /opt/CodeSourcery/bin/../lib/gcc/arm-none-eabi/4.5.1/../../../../arm-none-eabi/lib/thumb/libc.a(lib_a-strcmp.o)
 .bss           0x40000908        0x0 /opt/CodeSourcery/bin/../lib/gcc/arm-none-eabi/4.5.1/../../../../arm-none-eabi/lib/thumb/libc.a(lib_a-svfiprintf.o)
 .bss           0x40000908        0x0 /opt/CodeSourcery/bin/../lib/gcc/arm-none-eabi/4.5.1/../../../../arm-none-eabi/lib/thumb/libc.a(lib_a-vfiprintf.o)
 .bss           0x40000908        0x0 /opt/CodeSourcery/bin/../lib/gcc/arm-none-eabi/4.5.1/../../../../arm-none-eabi/lib/thumb/libc.a(lib_a-callocr.o)
 .bss           0x40000908        0x0 /opt/CodeSourcery/bin/../lib/gcc/arm-none-eabi/4.5.1/../../../../arm-none-eabi/lib/thumb/libc.a(lib_a-fputwc.o)
 .bss           0x40000908        0x0 /opt/CodeSourcery/bin/../lib/gcc/arm-none-eabi/4.5.1/../../../../arm-none-eabi/lib/thumb/libc.a(lib_a-isattyr.o)
 .bss           0x40000908        0x0 /opt/CodeSourcery/bin/../lib/gcc/arm-none-eabi/4.5.1/../../../../arm-none-eabi/lib/thumb/libc.a(lib_a-reent.o)
 .bss           0x40000908        0x0 /opt/CodeSourcery/bin/../lib/gcc/arm-none-eabi/4.5.1/../../../../arm-none-eabi/lib/thumb/libc.a(lib_a-wcrtomb.o)
 .bss           0x40000908        0x0 /opt/CodeSourcery/bin/../lib/gcc/arm-none-eabi/4.5.1/../../../../arm-none-eabi/lib/thumb/libc.a(lib_a-wctomb_r.o)
 .bss           0x40000908        0x0 /opt/CodeSourcery/bin/../lib/gcc/arm-none-eabi/4.5.1/thumb/libgcc.a(_arm_addsubdf3.o)
 .bss           0x40000908        0x0 /opt/CodeSourcery/bin/../lib/gcc/arm-none-eabi/4.5.1/thumb/libgcc.a(_arm_muldivdf3.o)
 .bss           0x40000908        0x0 /opt/CodeSourcery/bin/../lib/gcc/arm-none-eabi/4.5.1/thumb/libgcc.a(_arm_cmpdf2.o)
 .bss           0x40000908        0x0 /opt/CodeSourcery/bin/../lib/gcc/arm-none-eabi/4.5.1/thumb/libgcc.a(_arm_fixdfsi.o)
 .bss           0x40000908        0x0 /opt/CodeSourcery/bin/../lib/gcc/arm-none-eabi/4.5.1/thumb/libgcc.a(_aeabi_uldivmod.o)
 .bss           0x40000908        0x0 /opt/CodeSourcery/bin/../lib/gcc/arm-none-eabi/4.5.1/thumb/libgcc.a(bpabi.o)
 .bss           0x40000908        0x0 /opt/CodeSourcery/bin/../lib/gcc/arm-none-eabi/4.5.1/thumb/libgcc.a(_muldi3.o)
 .bss           0x40000908        0x0 /opt/CodeSourcery/bin/../lib/gcc/arm-none-eabi/4.5.1/thumb/libgcc.a(_divdi3.o)
 .bss           0x40000908        0x0 /opt/CodeSourcery/bin/../lib/gcc/arm-none-eabi/4.5.1/thumb/libgcc.a(_udivdi3.o)
 .bss           0x40000908        0x0 /opt/CodeSourcery/bin/../lib/gcc/arm-none-eabi/4.5.1/thumb/libgcc.a(_clzsi2.o)
 *(.bss.*)
 .bss.white     0x40000908        0x4 ./src/main.o
                0x40000908                white
 .bss.right     0x4000090c        0x4 ./src/main.o
                0x4000090c                right
 .bss.res       0x40000910       0x14 ./src/main.o
                0x40000910                res
 .bss.i2cErr    0x40000924        0x4 ./src/main.o
                0x40000924                i2cErr
 .bss.i2cbuff   0x40000928       0x18 ./src/main.o
                0x40000928                i2cbuff
 .bss.left      0x40000940        0x4 ./src/main.o
                0x40000940                left
 .bss.Mutex     0x40000944        0x4 ./src/main.o
                0x40000944                Mutex
 .bss.black     0x40000948        0x4 ./src/main.o
                0x40000948                black
 .bss.current_time
                0x4000094c       0x20 ./lib/Common/src/rtc.o
                0x4000094c                current_time
 .bss.alarm_time
                0x4000096c       0x20 ./lib/Common/src/rtc.o
                0x4000096c                alarm_time
 .bss.local_time
                0x4000098c       0x20 ./lib/Common/src/rtc.o
                0x4000098c                local_time
 .bss.__exidx_end
                0x400009ac        0x4 ./lib/Common/src/syscalls.o
 .bss.__exidx_start
                0x400009b0        0x4 ./lib/Common/src/syscalls.o
 .bss.heap_ptr  0x400009b4        0x4 ./lib/Common/src/syscalls.o
 .bss.sLastBlockingProducerCount.2843
                0x400009b8        0x8 ../Common/Minimal/BlockQ.o
 .bss.sBlockingProducerCount
                0x400009c0        0x8 ../Common/Minimal/BlockQ.o
 .bss.sLastBlockingConsumerCount.2842
                0x400009c8        0x8 ../Common/Minimal/BlockQ.o
 .bss.sBlockingConsumerCount
                0x400009d0        0x8 ../Common/Minimal/BlockQ.o
 .bss.xLastSecondaryCycleCount.2458
                0x400009d8        0x4 ../Common/Minimal/blocktim.o
 .bss.xPrimaryCycles
                0x400009dc        0x4 ../Common/Minimal/blocktim.o
 .bss.xRunIndicator
                0x400009e0        0x4 ../Common/Minimal/blocktim.o
 .bss.xSecondary
                0x400009e4        0x4 ../Common/Minimal/blocktim.o
 .bss.xTestQueue
                0x400009e8        0x4 ../Common/Minimal/blocktim.o
 .bss.xErrorOccurred
                0x400009ec        0x4 ../Common/Minimal/blocktim.o
 .bss.xLastPrimaryCycleCount.2457
                0x400009f0        0x4 ../Common/Minimal/blocktim.o
 .bss.xSecondaryCycles
                0x400009f4        0x4 ../Common/Minimal/blocktim.o
 .bss.xTaskCheck
                0x400009f8        0x4 ../Common/Minimal/integer.o
 .bss.ulLoopCounter2
                0x400009fc        0x4 ../Common/Minimal/GenQTest.o
 .bss.xHighPriorityMutexTask
                0x40000a00        0x4 ../Common/Minimal/GenQTest.o
 .bss.ulLastLoopCounter2.2857
                0x40000a04        0x4 ../Common/Minimal/GenQTest.o
 .bss.ulLastLoopCounter.2856
                0x40000a08        0x4 ../Common/Minimal/GenQTest.o
 .bss.ulGuardedVariable
                0x40000a0c        0x4 ../Common/Minimal/GenQTest.o
 .bss.xMediumPriorityMutexTask
                0x40000a10        0x4 ../Common/Minimal/GenQTest.o
 .bss.xErrorDetected
                0x40000a14        0x4 ../Common/Minimal/GenQTest.o
 .bss.ulLoopCounter
                0x40000a18        0x4 ../Common/Minimal/GenQTest.o
 .bss.ulLastLoopCounter.2845
                0x40000a1c        0x4 ../Common/Minimal/QPeek.o
 .bss.xHighestPriorityTask
                0x40000a20        0x4 ../Common/Minimal/QPeek.o
                0x40000a20                xHighestPriorityTask
 .bss.xHighPriorityTask
                0x40000a24        0x4 ../Common/Minimal/QPeek.o
                0x40000a24                xHighPriorityTask
 .bss.xErrorDetected
                0x40000a28        0x4 ../Common/Minimal/QPeek.o
 .bss.ulLoopCounter
                0x40000a2c        0x4 ../Common/Minimal/QPeek.o
 .bss.xMediumPriorityTask
                0x40000a30        0x4 ../Common/Minimal/QPeek.o
                0x40000a30                xMediumPriorityTask
 .bss.xSuspendedTestQueue
                0x40000a34        0x4 ../Common/Minimal/dynamic.o
                0x40000a34                xSuspendedTestQueue
 .bss.usCheckVariable
                0x40000a38        0x2 ../Common/Minimal/dynamic.o
 .bss.usLastTaskCheck.2859
                0x40000a3a        0x2 ../Common/Minimal/dynamic.o
 .bss.xLimitedIncrementHandle
                0x40000a3c        0x4 ../Common/Minimal/dynamic.o
 .bss.xSuspendedQueueSendError
                0x40000a40        0x4 ../Common/Minimal/dynamic.o
 .bss.ulCounter
                0x40000a44        0x4 ../Common/Minimal/dynamic.o
 .bss.xSuspendedQueueReceiveError
                0x40000a48        0x4 ../Common/Minimal/dynamic.o
 .bss.ulValueToSend.2845
                0x40000a4c        0x4 ../Common/Minimal/dynamic.o
 .bss.xContinousIncrementHandle
                0x40000a50        0x4 ../Common/Minimal/dynamic.o
 .bss.ulExpectedValue.2850
                0x40000a54        0x4 ../Common/Minimal/dynamic.o
 .bss.ulReceivedValue.2851
                0x40000a58        0x4 ../Common/Minimal/dynamic.o
 .bss.uxTopReadyPriority
                0x40000a5c        0x4 ../../Source/tasks.o
 .bss.uxTasksDeleted
                0x40000a60        0x4 ../../Source/tasks.o
 .bss.xTickCount
                0x40000a64        0x4 ../../Source/tasks.o
 .bss.pxReadyTasksLists
                0x40000a68       0x50 ../../Source/tasks.o
 .bss.pxOverflowDelayedTaskList
                0x40000ab8        0x4 ../../Source/tasks.o
 .bss.xTasksWaitingTermination
                0x40000abc       0x14 ../../Source/tasks.o
 .bss.xTracing  0x40000ad0        0x4 ../../Source/tasks.o
 .bss.pxDelayedTaskList
                0x40000ad4        0x4 ../../Source/tasks.o
 .bss.xPendingReadyList
                0x40000ad8       0x14 ../../Source/tasks.o
 .bss.xSchedulerRunning
                0x40000aec        0x4 ../../Source/tasks.o
 .bss.xMissedYield
                0x40000af0        0x4 ../../Source/tasks.o
 .bss.uxTaskNumber
                0x40000af4        0x4 ../../Source/tasks.o
 .bss.pcTraceBuffer
                0x40000af8        0x4 ../../Source/tasks.o
 .bss.pxCurrentTCB
                0x40000afc        0x4 ../../Source/tasks.o
                0x40000afc                pxCurrentTCB
 .bss.pcStatusString
                0x40000b00       0x34 ../../Source/tasks.o
 .bss.xSuspendedTaskList
                0x40000b34       0x14 ../../Source/tasks.o
 .bss.uxCurrentNumberOfTasks
                0x40000b48        0x4 ../../Source/tasks.o
 .bss.xDelayedTaskList1
                0x40000b4c       0x14 ../../Source/tasks.o
 .bss.xDelayedTaskList2
                0x40000b60       0x14 ../../Source/tasks.o
 .bss.uxSchedulerSuspended
                0x40000b74        0x4 ../../Source/tasks.o
 .bss.uxMissedTicks
                0x40000b78        0x4 ../../Source/tasks.o
 .bss.pcTraceBufferStart
                0x40000b7c        0x4 ../../Source/tasks.o
 .bss.pcTraceBufferEnd
                0x40000b80        0x4 ../../Source/tasks.o
 .bss.xNumOfOverflows
                0x40000b84        0x4 ../../Source/tasks.o
 .bss.uxTopUsedPriority
                0x40000b88        0x4 ../../Source/tasks.o
 *(.gnu.linkonce.b*)
 *(COMMON)
 COMMON         0x40000b8c        0x4 /opt/CodeSourcery/bin/../lib/gcc/arm-none-eabi/4.5.1/../../../../arm-none-eabi/lib/thumb/libc.a(lib_a-reent.o)
                0x40000b8c                errno
                0x40000b90                . = ALIGN (0x4)
                0x40000b90                . = ALIGN (0x4)
                0x40000b90                __bss_end__ = .
                0x40000b90                PROVIDE (__bss_end, .)
                0x40000b90                _bss_end = .
                0x40000b90                PROVIDE (_bss_end, .)
                0x40000b90                __end__ = .
                0x40000b90                . = ALIGN (0x4)

.heap           0x40000b90        0x0
                0x40000b90                _end = .
                0x40000b90                PROVIDE (_end, .)
                0x40000b90                PROVIDE (end, .)
                0x40000b90                PROVIDE (_heap, .)
 *(.heap)
 *(.heap*)
 *(.HEAP)
                0x40000b90                . = ALIGN (0x4)
                0x40000b90                . = ALIGN (0x4)
                0x40000b90                _heap_end = .
                0x40000b90                PROVIDE (_heap_end, .)

.stack          0x40000b90        0x0
                0x40000b90                _stack_top = .
                0x40000b90                PROVIDE (_stack_top, .)
 *(.stack)
 *(.STACK)
                0x40000b90                _stack = .
                0x40000b90                PROVIDE (_stack, .)
                0x40000b90                . = ALIGN (0x4)

.usbram         0x7fd00000        0x0
                0x7fd00000                __usbram_start = .
                0x7fd00000                __usbram_start__ = .
 *(.usbram)
                0x7fd00000                . = ALIGN (0x4)

.etherram       0x7fe00000        0x0
                0x7fe00000                __etherram_start = .
                0x7fe00000                __etherram_start__ = .
 *(.etherram)
                0x7fe00000                . = ALIGN (0x4)

.batteryram     0xe0084000        0x0
                0xe0084000                __batteryram_start = .
                0xe0084000                __batteryram_start__ = .
 *(.batteryram)
                0xe0084000                . = ALIGN (0x4)

.stab
 *(.stab)

.stabstr
 *(.stabstr)

.stab.excl
 *(.stab.excl)

.stab.exclstr
 *(.stab.exclstr)

.stab.index
 *(.stab.index)

.stab.indexstr
 *(.stab.indexstr)

.ARM.attributes
                0x00000000       0x32
 .ARM.attributes
                0x00000000       0x34 ../../Source/portable/GCC/ARM7_LPC23xx/portISR.o
 .ARM.attributes
                0x00000034       0x34 ./lib/Common/src/i2c.o
 .ARM.attributes
                0x00000068       0x34 ./src/main.o
 .ARM.attributes
                0x0000009c       0x34 ./lib/Common/src/irq.o
 .ARM.attributes
                0x000000d0       0x34 ./lib/Common/src/rtc.o
 .ARM.attributes
                0x00000104       0x34 ./lib/Common/src/uart.o
 .ARM.attributes
                0x00000138       0x34 ./lib/Common/src/fio.o
 .ARM.attributes
                0x0000016c       0x34 ./lib/Common/src/misc.o
 .ARM.attributes
                0x000001a0       0x34 ./lib/Common/src/target.o
 .ARM.attributes
                0x000001d4       0x34 ./lib/Common/src/syscalls.o
 .ARM.attributes
                0x00000208       0x34 ../Common/Minimal/BlockQ.o
 .ARM.attributes
                0x0000023c       0x34 ../Common/Minimal/blocktim.o
 .ARM.attributes
                0x00000270       0x34 ../Common/Minimal/integer.o
 .ARM.attributes
                0x000002a4       0x34 ../Common/Minimal/GenQTest.o
 .ARM.attributes
                0x000002d8       0x34 ../Common/Minimal/QPeek.o
 .ARM.attributes
                0x0000030c       0x34 ../Common/Minimal/dynamic.o
 .ARM.attributes
                0x00000340       0x34 ../../Source/list.o
 .ARM.attributes
                0x00000374       0x34 ../../Source/queue.o
 .ARM.attributes
                0x000003a8       0x34 ../../Source/tasks.o
 .ARM.attributes
                0x000003dc       0x34 ../../Source/portable/GCC/ARM7_LPC23xx/port.o
 .ARM.attributes
                0x00000410       0x34 ../../Source/portable/MemMang/heap_3.o
 .ARM.attributes
                0x00000444       0x24 /tmp/ccLArafb.o
 .ARM.attributes
                0x00000468       0x1a /opt/CodeSourcery/bin/../lib/gcc/arm-none-eabi/4.5.1/thumb/libgcc.a(_udivsi3.o)
 .ARM.attributes
                0x00000482       0x1a /opt/CodeSourcery/bin/../lib/gcc/arm-none-eabi/4.5.1/thumb/libgcc.a(_divsi3.o)
 .ARM.attributes
                0x0000049c       0x18 /opt/CodeSourcery/bin/../lib/gcc/arm-none-eabi/4.5.1/thumb/libgcc.a(_dvmd_tls.o)
 .ARM.attributes
                0x000004b4       0x34 /opt/CodeSourcery/bin/../lib/gcc/arm-none-eabi/4.5.1/../../../../arm-none-eabi/lib/thumb/libc.a(lib_a-fflush.o)
 .ARM.attributes
                0x000004e8       0x34 /opt/CodeSourcery/bin/../lib/gcc/arm-none-eabi/4.5.1/../../../../arm-none-eabi/lib/thumb/libc.a(lib_a-findfp.o)
 .ARM.attributes
                0x0000051c       0x34 /opt/CodeSourcery/bin/../lib/gcc/arm-none-eabi/4.5.1/../../../../arm-none-eabi/lib/thumb/libc.a(lib_a-freer.o)
 .ARM.attributes
                0x00000550       0x34 /opt/CodeSourcery/bin/../lib/gcc/arm-none-eabi/4.5.1/../../../../arm-none-eabi/lib/thumb/libc.a(lib_a-fwalk.o)
 .ARM.attributes
                0x00000584       0x34 /opt/CodeSourcery/bin/../lib/gcc/arm-none-eabi/4.5.1/../../../../arm-none-eabi/lib/thumb/libc.a(lib_a-impure.o)
 .ARM.attributes
                0x000005b8       0x34 /opt/CodeSourcery/bin/../lib/gcc/arm-none-eabi/4.5.1/../../../../arm-none-eabi/lib/thumb/libc.a(lib_a-malloc.o)
 .ARM.attributes
                0x000005ec       0x34 /opt/CodeSourcery/bin/../lib/gcc/arm-none-eabi/4.5.1/../../../../arm-none-eabi/lib/thumb/libc.a(lib_a-mallocr.o)
 .ARM.attributes
                0x00000620       0x34 /opt/CodeSourcery/bin/../lib/gcc/arm-none-eabi/4.5.1/../../../../arm-none-eabi/lib/thumb/libc.a(lib_a-memcpy.o)
 .ARM.attributes
                0x00000654       0x34 /opt/CodeSourcery/bin/../lib/gcc/arm-none-eabi/4.5.1/../../../../arm-none-eabi/lib/thumb/libc.a(lib_a-memset.o)
 .ARM.attributes
                0x00000688       0x34 /opt/CodeSourcery/bin/../lib/gcc/arm-none-eabi/4.5.1/../../../../arm-none-eabi/lib/thumb/libc.a(lib_a-mlock.o)
 .ARM.attributes
                0x000006bc       0x34 /opt/CodeSourcery/bin/../lib/gcc/arm-none-eabi/4.5.1/../../../../arm-none-eabi/lib/thumb/libc.a(lib_a-printf.o)
 .ARM.attributes
                0x000006f0       0x34 /opt/CodeSourcery/bin/../lib/gcc/arm-none-eabi/4.5.1/../../../../arm-none-eabi/lib/thumb/libc.a(lib_a-putchar.o)
 .ARM.attributes
                0x00000724       0x34 /opt/CodeSourcery/bin/../lib/gcc/arm-none-eabi/4.5.1/../../../../arm-none-eabi/lib/thumb/libc.a(lib_a-puts.o)
 .ARM.attributes
                0x00000758       0x34 /opt/CodeSourcery/bin/../lib/gcc/arm-none-eabi/4.5.1/../../../../arm-none-eabi/lib/thumb/libc.a(lib_a-sprintf.o)
 .ARM.attributes
                0x0000078c       0x34 /opt/CodeSourcery/bin/../lib/gcc/arm-none-eabi/4.5.1/../../../../arm-none-eabi/lib/thumb/libc.a(lib_a-stdio.o)
 .ARM.attributes
                0x000007c0       0x34 /opt/CodeSourcery/bin/../lib/gcc/arm-none-eabi/4.5.1/../../../../arm-none-eabi/lib/thumb/libc.a(lib_a-strcat.o)
 .ARM.attributes
                0x000007f4       0x34 /opt/CodeSourcery/bin/../lib/gcc/arm-none-eabi/4.5.1/../../../../arm-none-eabi/lib/thumb/libc.a(lib_a-strcpy.o)
 .ARM.attributes
                0x00000828       0x34 /opt/CodeSourcery/bin/../lib/gcc/arm-none-eabi/4.5.1/../../../../arm-none-eabi/lib/thumb/libc.a(lib_a-strlen.o)
 .ARM.attributes
                0x0000085c       0x34 /opt/CodeSourcery/bin/../lib/gcc/arm-none-eabi/4.5.1/../../../../arm-none-eabi/lib/thumb/libc.a(lib_a-strncpy.o)
 .ARM.attributes
                0x00000890       0x34 /opt/CodeSourcery/bin/../lib/gcc/arm-none-eabi/4.5.1/../../../../arm-none-eabi/lib/thumb/libc.a(lib_a-svfprintf.o)
 .ARM.attributes
                0x000008c4       0x34 /opt/CodeSourcery/bin/../lib/gcc/arm-none-eabi/4.5.1/../../../../arm-none-eabi/lib/thumb/libc.a(lib_a-vfprintf.o)
 .ARM.attributes
                0x000008f8       0x34 /opt/CodeSourcery/bin/../lib/gcc/arm-none-eabi/4.5.1/../../../../arm-none-eabi/lib/thumb/libc.a(lib_a-wbuf.o)
 .ARM.attributes
                0x0000092c       0x34 /opt/CodeSourcery/bin/../lib/gcc/arm-none-eabi/4.5.1/../../../../arm-none-eabi/lib/thumb/libc.a(lib_a-wsetup.o)
 .ARM.attributes
                0x00000960       0x34 /opt/CodeSourcery/bin/../lib/gcc/arm-none-eabi/4.5.1/../../../../arm-none-eabi/lib/thumb/libc.a(lib_a-dtoa.o)
 .ARM.attributes
                0x00000994       0x34 /opt/CodeSourcery/bin/../lib/gcc/arm-none-eabi/4.5.1/../../../../arm-none-eabi/lib/thumb/libc.a(lib_a-fclose.o)
 .ARM.attributes
                0x000009c8       0x34 /opt/CodeSourcery/bin/../lib/gcc/arm-none-eabi/4.5.1/../../../../arm-none-eabi/lib/thumb/libc.a(lib_a-fvwrite.o)
 .ARM.attributes
                0x000009fc       0x34 /opt/CodeSourcery/bin/../lib/gcc/arm-none-eabi/4.5.1/../../../../arm-none-eabi/lib/thumb/libc.a(lib_a-locale.o)
 .ARM.attributes
                0x00000a30       0x34 /opt/CodeSourcery/bin/../lib/gcc/arm-none-eabi/4.5.1/../../../../arm-none-eabi/lib/thumb/libc.a(lib_a-makebuf.o)
 .ARM.attributes
                0x00000a64       0x34 /opt/CodeSourcery/bin/../lib/gcc/arm-none-eabi/4.5.1/../../../../arm-none-eabi/lib/thumb/libc.a(lib_a-memchr.o)
 .ARM.attributes
                0x00000a98       0x34 /opt/CodeSourcery/bin/../lib/gcc/arm-none-eabi/4.5.1/../../../../arm-none-eabi/lib/thumb/libc.a(lib_a-memmove.o)
 .ARM.attributes
                0x00000acc       0x34 /opt/CodeSourcery/bin/../lib/gcc/arm-none-eabi/4.5.1/../../../../arm-none-eabi/lib/thumb/libc.a(lib_a-mprec.o)
 .ARM.attributes
                0x00000b00       0x34 /opt/CodeSourcery/bin/../lib/gcc/arm-none-eabi/4.5.1/../../../../arm-none-eabi/lib/thumb/libc.a(lib_a-putc.o)
 .ARM.attributes
                0x00000b34       0x34 /opt/CodeSourcery/bin/../lib/gcc/arm-none-eabi/4.5.1/../../../../arm-none-eabi/lib/thumb/libc.a(lib_a-reallocr.o)
 .ARM.attributes
                0x00000b68       0x34 /opt/CodeSourcery/bin/../lib/gcc/arm-none-eabi/4.5.1/../../../../arm-none-eabi/lib/thumb/libc.a(lib_a-s_fpclassify.o)
 .ARM.attributes
                0x00000b9c       0x34 /opt/CodeSourcery/bin/../lib/gcc/arm-none-eabi/4.5.1/../../../../arm-none-eabi/lib/thumb/libc.a(lib_a-strcmp.o)
 .ARM.attributes
                0x00000bd0       0x34 /opt/CodeSourcery/bin/../lib/gcc/arm-none-eabi/4.5.1/../../../../arm-none-eabi/lib/thumb/libc.a(lib_a-svfiprintf.o)
 .ARM.attributes
                0x00000c04       0x34 /opt/CodeSourcery/bin/../lib/gcc/arm-none-eabi/4.5.1/../../../../arm-none-eabi/lib/thumb/libc.a(lib_a-vfiprintf.o)
 .ARM.attributes
                0x00000c38       0x34 /opt/CodeSourcery/bin/../lib/gcc/arm-none-eabi/4.5.1/../../../../arm-none-eabi/lib/thumb/libc.a(lib_a-callocr.o)
 .ARM.attributes
                0x00000c6c       0x34 /opt/CodeSourcery/bin/../lib/gcc/arm-none-eabi/4.5.1/../../../../arm-none-eabi/lib/thumb/libc.a(lib_a-fputwc.o)
 .ARM.attributes
                0x00000ca0       0x34 /opt/CodeSourcery/bin/../lib/gcc/arm-none-eabi/4.5.1/../../../../arm-none-eabi/lib/thumb/libc.a(lib_a-isattyr.o)
 .ARM.attributes
                0x00000cd4       0x34 /opt/CodeSourcery/bin/../lib/gcc/arm-none-eabi/4.5.1/../../../../arm-none-eabi/lib/thumb/libc.a(lib_a-reent.o)
 .ARM.attributes
                0x00000d08       0x34 /opt/CodeSourcery/bin/../lib/gcc/arm-none-eabi/4.5.1/../../../../arm-none-eabi/lib/thumb/libc.a(lib_a-wcrtomb.o)
 .ARM.attributes
                0x00000d3c       0x34 /opt/CodeSourcery/bin/../lib/gcc/arm-none-eabi/4.5.1/../../../../arm-none-eabi/lib/thumb/libc.a(lib_a-wctomb_r.o)
 .ARM.attributes
                0x00000d70       0x1a /opt/CodeSourcery/bin/../lib/gcc/arm-none-eabi/4.5.1/thumb/libgcc.a(_arm_addsubdf3.o)
 .ARM.attributes
                0x00000d8a       0x1a /opt/CodeSourcery/bin/../lib/gcc/arm-none-eabi/4.5.1/thumb/libgcc.a(_arm_muldivdf3.o)
 .ARM.attributes
                0x00000da4       0x1a /opt/CodeSourcery/bin/../lib/gcc/arm-none-eabi/4.5.1/thumb/libgcc.a(_arm_cmpdf2.o)
 .ARM.attributes
                0x00000dbe       0x1a /opt/CodeSourcery/bin/../lib/gcc/arm-none-eabi/4.5.1/thumb/libgcc.a(_arm_fixdfsi.o)
 .ARM.attributes
                0x00000dd8       0x1a /opt/CodeSourcery/bin/../lib/gcc/arm-none-eabi/4.5.1/thumb/libgcc.a(_aeabi_uldivmod.o)
 .ARM.attributes
                0x00000df2       0x34 /opt/CodeSourcery/bin/../lib/gcc/arm-none-eabi/4.5.1/thumb/libgcc.a(bpabi.o)
 .ARM.attributes
                0x00000e26       0x34 /opt/CodeSourcery/bin/../lib/gcc/arm-none-eabi/4.5.1/thumb/libgcc.a(_muldi3.o)
 .ARM.attributes
                0x00000e5a       0x34 /opt/CodeSourcery/bin/../lib/gcc/arm-none-eabi/4.5.1/thumb/libgcc.a(_divdi3.o)
 .ARM.attributes
                0x00000e8e       0x34 /opt/CodeSourcery/bin/../lib/gcc/arm-none-eabi/4.5.1/thumb/libgcc.a(_udivdi3.o)
 .ARM.attributes
                0x00000ec2       0x1a /opt/CodeSourcery/bin/../lib/gcc/arm-none-eabi/4.5.1/thumb/libgcc.a(_clzsi2.o)

.comment        0x00000000       0x2a
 *(.comment)
 .comment       0x00000000       0x2a ../../Source/portable/GCC/ARM7_LPC23xx/portISR.o
                                 0x2b (size before relaxing)
 .comment       0x00000000       0x2b ./lib/Common/src/i2c.o
 .comment       0x00000000       0x2b ./src/main.o
 .comment       0x00000000       0x2b ./lib/Common/src/irq.o
 .comment       0x00000000       0x2b ./lib/Common/src/rtc.o
 .comment       0x00000000       0x2b ./lib/Common/src/uart.o
 .comment       0x00000000       0x2b ./lib/Common/src/fio.o
 .comment       0x00000000       0x2b ./lib/Common/src/misc.o
 .comment       0x00000000       0x2b ./lib/Common/src/target.o
 .comment       0x00000000       0x2b ./lib/Common/src/syscalls.o
 .comment       0x00000000       0x2b ../Common/Minimal/BlockQ.o
 .comment       0x00000000       0x2b ../Common/Minimal/blocktim.o
 .comment       0x00000000       0x2b ../Common/Minimal/integer.o
 .comment       0x00000000       0x2b ../Common/Minimal/GenQTest.o
 .comment       0x00000000       0x2b ../Common/Minimal/QPeek.o
 .comment       0x00000000       0x2b ../Common/Minimal/dynamic.o
 .comment       0x00000000       0x2b ../../Source/list.o
 .comment       0x00000000       0x2b ../../Source/queue.o
 .comment       0x00000000       0x2b ../../Source/tasks.o
 .comment       0x00000000       0x2b ../../Source/portable/GCC/ARM7_LPC23xx/port.o
 .comment       0x00000000       0x2b ../../Source/portable/MemMang/heap_3.o

.debug
 *(.debug)

.line
 *(.line)

.debug_srcinfo
 *(.debug_srcinfo)

.debug_sfnames
 *(.debug_sfnames)

.debug_aranges  0x00000000      0x708
 *(.debug_aranges)
 .debug_aranges
                0x00000000       0x50 ../../Source/portable/GCC/ARM7_LPC23xx/portISR.o
 .debug_aranges
                0x00000050       0xa8 ./lib/Common/src/i2c.o
 .debug_aranges
                0x000000f8       0x50 ./src/main.o
 .debug_aranges
                0x00000148       0x28 ./lib/Common/src/irq.o
 .debug_aranges
                0x00000170       0x58 ./lib/Common/src/rtc.o
 .debug_aranges
                0x000001c8       0x30 ./lib/Common/src/uart.o
 .debug_aranges
                0x000001f8       0x20 ./lib/Common/src/fio.o
 .debug_aranges
                0x00000218       0x38 ./lib/Common/src/misc.o
 .debug_aranges
                0x00000250       0x38 ./lib/Common/src/target.o
 .debug_aranges
                0x00000288       0xa8 ./lib/Common/src/syscalls.o
 .debug_aranges
                0x00000330       0x38 ../Common/Minimal/BlockQ.o
 .debug_aranges
                0x00000368       0x38 ../Common/Minimal/blocktim.o
 .debug_aranges
                0x000003a0       0x30 ../Common/Minimal/integer.o
 .debug_aranges
                0x000003d0       0x48 ../Common/Minimal/GenQTest.o
 .debug_aranges
                0x00000418       0x48 ../Common/Minimal/QPeek.o
 .debug_aranges
                0x00000460       0x50 ../Common/Minimal/dynamic.o
 .debug_aranges
                0x000004b0       0x40 ../../Source/list.o
 .debug_aranges
                0x000004f0       0x80 ../../Source/queue.o
 .debug_aranges
                0x00000570      0x118 ../../Source/tasks.o
 .debug_aranges
                0x00000688       0x30 ../../Source/portable/GCC/ARM7_LPC23xx/port.o
 .debug_aranges
                0x000006b8       0x28 ../../Source/portable/MemMang/heap_3.o
 .debug_aranges
                0x000006e0       0x28 /tmp/ccLArafb.o

.debug_pubnames
                0x00000000      0xcc7
 *(.debug_pubnames)
 .debug_pubnames
                0x00000000       0xe3 ../../Source/portable/GCC/ARM7_LPC23xx/portISR.o
 .debug_pubnames
                0x000000e3      0x119 ./lib/Common/src/i2c.o
 .debug_pubnames
                0x000001fc       0xb9 ./src/main.o
 .debug_pubnames
                0x000002b5       0x2f ./lib/Common/src/irq.o
 .debug_pubnames
                0x000002e4       0xb9 ./lib/Common/src/rtc.o
 .debug_pubnames
                0x0000039d       0x3b ./lib/Common/src/uart.o
 .debug_pubnames
                0x000003d8       0x1f ./lib/Common/src/fio.o
 .debug_pubnames
                0x000003f7       0x42 ./lib/Common/src/misc.o
 .debug_pubnames
                0x00000439       0x58 ./lib/Common/src/target.o
 .debug_pubnames
                0x00000491      0x101 ./lib/Common/src/syscalls.o
 .debug_pubnames
                0x00000592       0x52 ../Common/Minimal/BlockQ.o
 .debug_pubnames
                0x000005e4       0x53 ../Common/Minimal/blocktim.o
 .debug_pubnames
                0x00000637       0x52 ../Common/Minimal/integer.o
 .debug_pubnames
                0x00000689       0x54 ../Common/Minimal/GenQTest.o
 .debug_pubnames
                0x000006dd       0x95 ../Common/Minimal/QPeek.o
 .debug_pubnames
                0x00000772       0x72 ../Common/Minimal/dynamic.o
 .debug_pubnames
                0x000007e4       0x71 ../../Source/list.o
 .debug_pubnames
                0x00000855      0x127 ../../Source/queue.o
 .debug_pubnames
                0x0000097c      0x2c0 ../../Source/tasks.o
 .debug_pubnames
                0x00000c3c       0x5a ../../Source/portable/GCC/ARM7_LPC23xx/port.o
 .debug_pubnames
                0x00000c96       0x31 ../../Source/portable/MemMang/heap_3.o

.debug_info     0x00000000     0x6c05
 *(.debug_info .gnu.linkonce.wi.*)
 .debug_info    0x00000000      0x20b ../../Source/portable/GCC/ARM7_LPC23xx/portISR.o
 .debug_info    0x0000020b      0xf1d ./lib/Common/src/i2c.o
 .debug_info    0x00001128      0xc78 ./src/main.o
 .debug_info    0x00001da0      0x12a ./lib/Common/src/irq.o
 .debug_info    0x00001eca      0x287 ./lib/Common/src/rtc.o
 .debug_info    0x00002151      0x13c ./lib/Common/src/uart.o
 .debug_info    0x0000228d       0xd4 ./lib/Common/src/fio.o
 .debug_info    0x00002361      0xac9 ./lib/Common/src/misc.o
 .debug_info    0x00002e2a       0xfc ./lib/Common/src/target.o
 .debug_info    0x00002f26      0xfea ./lib/Common/src/syscalls.o